[2026-08-30T15:11:56.052+0000] {taskinstance.py:1956} INFO - Dependencies all met for dep_context=non-requeueable deps ti=<TaskInstance: nyc_taxi_pipeline.submit_spark_transformation manual__2026-08-30T15:11:54.294127+00:00 [queued]>
[2026-08-30T15:11:56.059+0000] {taskinstance.py:1956} INFO - Dependencies all met for dep_context=requeueable deps ti=<TaskInstance: nyc_taxi_pipeline.submit_spark_transformation manual__2026-08-30T15:11:54.294127+00:00 [queued]>
[2026-08-30T15:11:56.061+0000] {taskinstance.py:2170} INFO - Starting attempt 1 of 2
[2026-08-30T15:11:56.073+0000] {taskinstance.py:2191} INFO - Executing <Task(BashOperator): submit_spark_transformation> on 2026-08-30 15:11:54.294127+00:00
[2026-08-30T15:11:56.077+0000] {standard_task_runner.py:60} INFO - Started process 537 to run task
[2026-08-30T15:11:56.080+0000] {standard_task_runner.py:87} INFO - Running: ['airflow', 'tasks', 'run', 'nyc_taxi_pipeline', 'submit_spark_transformation', 'manual__2026-08-30T15:11:54.294127+00:00', '--job-id', '13', '--raw', '--subdir', 'DAGS_FOLDER/nyc_taxi_pipeline.py', '--cfg-path', '/tmp/tmp3pxndn0_']
[2026-08-30T15:11:56.082+0000] {standard_task_runner.py:88} INFO - Job 13: Subtask submit_spark_transformation
[2026-08-30T15:11:56.127+0000] {task_command.py:423} INFO - Running <TaskInstance: nyc_taxi_pipeline.submit_spark_transformation manual__2026-08-30T15:11:54.294127+00:00 [running]> on host 39dc60076c10
[2026-08-30T15:11:56.199+0000] {taskinstance.py:2480} INFO - Exporting env vars: AIRFLOW_CTX_DAG_OWNER='admin' AIRFLOW_CTX_DAG_ID='nyc_taxi_pipeline' AIRFLOW_CTX_TASK_ID='submit_spark_transformation' AIRFLOW_CTX_EXECUTION_DATE='2026-08-30T15:11:54.294127+00:00' AIRFLOW_CTX_TRY_NUMBER='1' AIRFLOW_CTX_DAG_RUN_ID='manual__2026-08-30T15:11:54.294127+00:00'
[2026-08-30T15:11:56.200+0000] {subprocess.py:63} INFO - Tmp dir root location: /tmp
[2026-08-30T15:11:56.202+0000] {subprocess.py:75} INFO - Running command: ['/usr/bin/bash', '-c', 'spark-submit --master spark://spark-master:7077 --packages org.postgresql:postgresql:42.7.3 /opt/spark/jobs/transform.py']
[2026-08-30T15:11:56.211+0000] {subprocess.py:86} INFO - Output:
[2026-08-30T15:11:56.223+0000] {subprocess.py:93} INFO - /opt/spark/bin/load-spark-env.sh: line 68: ps: command not found
[2026-08-30T15:11:58.278+0000] {subprocess.py:93} INFO - :: loading settings :: url = jar:file:/opt/spark-3.5.1-bin-hadoop3/jars/ivy-2.5.1.jar!/org/apache/ivy/core/settings/ivysettings.xml
[2026-08-30T15:11:58.361+0000] {subprocess.py:93} INFO - Ivy Default Cache set to: /home/airflow/.ivy2/cache
[2026-08-30T15:11:58.362+0000] {subprocess.py:93} INFO - The jars for the packages stored in: /home/airflow/.ivy2/jars
[2026-08-30T15:11:58.365+0000] {subprocess.py:93} INFO - org.postgresql#postgresql added as a dependency
[2026-08-30T15:11:58.366+0000] {subprocess.py:93} INFO - :: resolving dependencies :: org.apache.spark#spark-submit-parent-cd19f020-d3da-4551-ac28-b32ed9309f10;1.0
[2026-08-30T15:11:58.367+0000] {subprocess.py:93} INFO - 	confs: [default]
[2026-08-30T15:11:58.889+0000] {subprocess.py:93} INFO - 	found org.postgresql#postgresql;42.7.3 in central
[2026-08-30T15:11:58.988+0000] {subprocess.py:93} INFO - 	found org.checkerframework#checker-qual;3.42.0 in central
[2026-08-30T15:11:59.037+0000] {subprocess.py:93} INFO - downloading https://repo1.maven.org/maven2/org/postgresql/postgresql/42.7.3/postgresql-42.7.3.jar ...
[2026-08-30T15:11:59.245+0000] {subprocess.py:93} INFO - 	[SUCCESSFUL ] org.postgresql#postgresql;42.7.3!postgresql.jar (248ms)
[2026-08-30T15:11:59.283+0000] {subprocess.py:93} INFO - downloading https://repo1.maven.org/maven2/org/checkerframework/checker-qual/3.42.0/checker-qual-3.42.0.jar ...
[2026-08-30T15:11:59.334+0000] {subprocess.py:93} INFO - 	[SUCCESSFUL ] org.checkerframework#checker-qual;3.42.0!checker-qual.jar (87ms)
[2026-08-30T15:11:59.335+0000] {subprocess.py:93} INFO - :: resolution report :: resolve 629ms :: artifacts dl 339ms
[2026-08-30T15:11:59.336+0000] {subprocess.py:93} INFO - 	:: modules in use:
[2026-08-30T15:11:59.336+0000] {subprocess.py:93} INFO - 	org.checkerframework#checker-qual;3.42.0 from central in [default]
[2026-08-30T15:11:59.337+0000] {subprocess.py:93} INFO - 	org.postgresql#postgresql;42.7.3 from central in [default]
[2026-08-30T15:11:59.338+0000] {subprocess.py:93} INFO - 	---------------------------------------------------------------------
[2026-08-30T15:11:59.338+0000] {subprocess.py:93} INFO - 	|                  |            modules            ||   artifacts   |
[2026-08-30T15:11:59.339+0000] {subprocess.py:93} INFO - 	|       conf       | number| search|dwnlded|evicted|| number|dwnlded|
[2026-08-30T15:11:59.339+0000] {subprocess.py:93} INFO - 	---------------------------------------------------------------------
[2026-08-30T15:11:59.340+0000] {subprocess.py:93} INFO - 	|      default     |   2   |   2   |   2   |   0   ||   2   |   2   |
[2026-08-30T15:11:59.341+0000] {subprocess.py:93} INFO - 	---------------------------------------------------------------------
[2026-08-30T15:11:59.342+0000] {subprocess.py:93} INFO - :: retrieving :: org.apache.spark#spark-submit-parent-cd19f020-d3da-4551-ac28-b32ed9309f10
[2026-08-30T15:11:59.342+0000] {subprocess.py:93} INFO - 	confs: [default]
[2026-08-30T15:11:59.346+0000] {subprocess.py:93} INFO - 	2 artifacts copied, 0 already retrieved (1289kB/8ms)
[2026-08-30T15:11:59.576+0000] {subprocess.py:93} INFO - 26/08/30 15:11:59 WARN NativeCodeLoader: Unable to load native-hadoop library for your platform... using builtin-java classes where applicable
[2026-08-30T15:12:00.646+0000] {subprocess.py:93} INFO - 26/08/30 15:12:00 INFO SparkContext: Running Spark version 3.5.1
[2026-08-30T15:12:00.647+0000] {subprocess.py:93} INFO - 26/08/30 15:12:00 INFO SparkContext: OS info Linux, 6.18.33.2-microsoft-standard-WSL2, amd64
[2026-08-30T15:12:00.648+0000] {subprocess.py:93} INFO - 26/08/30 15:12:00 INFO SparkContext: Java version 17.0.20.1
[2026-08-30T15:12:00.668+0000] {subprocess.py:93} INFO - 26/08/30 15:12:00 INFO ResourceUtils: ==============================================================
[2026-08-30T15:12:00.670+0000] {subprocess.py:93} INFO - 26/08/30 15:12:00 INFO ResourceUtils: No custom resources configured for spark.driver.
[2026-08-30T15:12:00.671+0000] {subprocess.py:93} INFO - 26/08/30 15:12:00 INFO ResourceUtils: ==============================================================
[2026-08-30T15:12:00.672+0000] {subprocess.py:93} INFO - 26/08/30 15:12:00 INFO SparkContext: Submitted application: NYCTaxiDataCleaning
[2026-08-30T15:12:00.693+0000] {subprocess.py:93} INFO - 26/08/30 15:12:00 INFO ResourceProfile: Default ResourceProfile created, executor resources: Map(memory -> name: memory, amount: 1024, script: , vendor: , offHeap -> name: offHeap, amount: 0, script: , vendor: ), task resources: Map(cpus -> name: cpus, amount: 1.0)
[2026-08-30T15:12:00.699+0000] {subprocess.py:93} INFO - 26/08/30 15:12:00 INFO ResourceProfile: Limiting resource is cpu
[2026-08-30T15:12:00.700+0000] {subprocess.py:93} INFO - 26/08/30 15:12:00 INFO ResourceProfileManager: Added ResourceProfile id: 0
[2026-08-30T15:12:00.776+0000] {subprocess.py:93} INFO - 26/08/30 15:12:00 INFO SecurityManager: Changing view acls to: airflow
[2026-08-30T15:12:00.778+0000] {subprocess.py:93} INFO - 26/08/30 15:12:00 INFO SecurityManager: Changing modify acls to: airflow
[2026-08-30T15:12:00.779+0000] {subprocess.py:93} INFO - 26/08/30 15:12:00 INFO SecurityManager: Changing view acls groups to:
[2026-08-30T15:12:00.780+0000] {subprocess.py:93} INFO - 26/08/30 15:12:00 INFO SecurityManager: Changing modify acls groups to:
[2026-08-30T15:12:00.781+0000] {subprocess.py:93} INFO - 26/08/30 15:12:00 INFO SecurityManager: SecurityManager: authentication disabled; ui acls disabled; users with view permissions: airflow; groups with view permissions: EMPTY; users with modify permissions: airflow; groups with modify permissions: EMPTY
[2026-08-30T15:12:01.021+0000] {subprocess.py:93} INFO - 26/08/30 15:12:01 INFO Utils: Successfully started service 'sparkDriver' on port 46173.
[2026-08-30T15:12:01.056+0000] {subprocess.py:93} INFO - 26/08/30 15:12:01 INFO SparkEnv: Registering MapOutputTracker
[2026-08-30T15:12:01.080+0000] {subprocess.py:93} INFO - 26/08/30 15:12:01 INFO SparkEnv: Registering BlockManagerMaster
[2026-08-30T15:12:01.095+0000] {subprocess.py:93} INFO - 26/08/30 15:12:01 INFO BlockManagerMasterEndpoint: Using org.apache.spark.storage.DefaultTopologyMapper for getting topology information
[2026-08-30T15:12:01.096+0000] {subprocess.py:93} INFO - 26/08/30 15:12:01 INFO BlockManagerMasterEndpoint: BlockManagerMasterEndpoint up
[2026-08-30T15:12:01.098+0000] {subprocess.py:93} INFO - 26/08/30 15:12:01 INFO SparkEnv: Registering BlockManagerMasterHeartbeat
[2026-08-30T15:12:01.119+0000] {subprocess.py:93} INFO - 26/08/30 15:12:01 INFO DiskBlockManager: Created local directory at /tmp/blockmgr-0441af48-850a-4ad1-9b7c-b42605b9e0c1
[2026-08-30T15:12:01.134+0000] {subprocess.py:93} INFO - 26/08/30 15:12:01 INFO MemoryStore: MemoryStore started with capacity 434.4 MiB
[2026-08-30T15:12:01.147+0000] {subprocess.py:93} INFO - 26/08/30 15:12:01 INFO SparkEnv: Registering OutputCommitCoordinator
[2026-08-30T15:12:01.238+0000] {subprocess.py:93} INFO - 26/08/30 15:12:01 INFO JettyUtils: Start Jetty 0.0.0.0:4040 for SparkUI
[2026-08-30T15:12:01.283+0000] {subprocess.py:93} INFO - 26/08/30 15:12:01 INFO Utils: Successfully started service 'SparkUI' on port 4040.
[2026-08-30T15:12:01.309+0000] {subprocess.py:93} INFO - 26/08/30 15:12:01 INFO SparkContext: Added JAR file:///home/airflow/.ivy2/jars/org.postgresql_postgresql-42.7.3.jar at spark://39dc60076c10:46173/jars/org.postgresql_postgresql-42.7.3.jar with timestamp 1788102720640
[2026-08-30T15:12:01.310+0000] {subprocess.py:93} INFO - 26/08/30 15:12:01 INFO SparkContext: Added JAR file:///home/airflow/.ivy2/jars/org.checkerframework_checker-qual-3.42.0.jar at spark://39dc60076c10:46173/jars/org.checkerframework_checker-qual-3.42.0.jar with timestamp 1788102720640
[2026-08-30T15:12:01.312+0000] {subprocess.py:93} INFO - 26/08/30 15:12:01 INFO SparkContext: Added file file:///home/airflow/.ivy2/jars/org.postgresql_postgresql-42.7.3.jar at spark://39dc60076c10:46173/files/org.postgresql_postgresql-42.7.3.jar with timestamp 1788102720640
[2026-08-30T15:12:01.313+0000] {subprocess.py:93} INFO - 26/08/30 15:12:01 INFO Utils: Copying /home/airflow/.ivy2/jars/org.postgresql_postgresql-42.7.3.jar to /tmp/spark-2b23d605-9812-44d7-85aa-058b48af8e03/userFiles-dc10c146-7ccf-4316-b902-ef62c2546df3/org.postgresql_postgresql-42.7.3.jar
[2026-08-30T15:12:01.324+0000] {subprocess.py:93} INFO - 26/08/30 15:12:01 INFO SparkContext: Added file file:///home/airflow/.ivy2/jars/org.checkerframework_checker-qual-3.42.0.jar at spark://39dc60076c10:46173/files/org.checkerframework_checker-qual-3.42.0.jar with timestamp 1788102720640
[2026-08-30T15:12:01.325+0000] {subprocess.py:93} INFO - 26/08/30 15:12:01 INFO Utils: Copying /home/airflow/.ivy2/jars/org.checkerframework_checker-qual-3.42.0.jar to /tmp/spark-2b23d605-9812-44d7-85aa-058b48af8e03/userFiles-dc10c146-7ccf-4316-b902-ef62c2546df3/org.checkerframework_checker-qual-3.42.0.jar
[2026-08-30T15:12:01.379+0000] {subprocess.py:93} INFO - 26/08/30 15:12:01 INFO StandaloneAppClient$ClientEndpoint: Connecting to master spark://spark-master:7077...
[2026-08-30T15:12:01.414+0000] {subprocess.py:93} INFO - 26/08/30 15:12:01 INFO TransportClientFactory: Successfully created connection to spark-master/172.18.0.3:7077 after 21 ms (0 ms spent in bootstraps)
[2026-08-30T15:12:01.473+0000] {subprocess.py:93} INFO - 26/08/30 15:12:01 INFO StandaloneSchedulerBackend: Connected to Spark cluster with app ID app-20260830151201-0004
[2026-08-30T15:12:01.475+0000] {subprocess.py:93} INFO - 26/08/30 15:12:01 INFO StandaloneAppClient$ClientEndpoint: Executor added: app-20260830151201-0004/0 on worker-20260830142808-172.18.0.6-37019 (172.18.0.6:37019) with 2 core(s)
[2026-08-30T15:12:01.476+0000] {subprocess.py:93} INFO - 26/08/30 15:12:01 INFO StandaloneSchedulerBackend: Granted executor ID app-20260830151201-0004/0 on hostPort 172.18.0.6:37019 with 2 core(s), 1024.0 MiB RAM
[2026-08-30T15:12:01.481+0000] {subprocess.py:93} INFO - 26/08/30 15:12:01 INFO Utils: Successfully started service 'org.apache.spark.network.netty.NettyBlockTransferService' on port 43069.
[2026-08-30T15:12:01.482+0000] {subprocess.py:93} INFO - 26/08/30 15:12:01 INFO NettyBlockTransferService: Server created on 39dc60076c10:43069
[2026-08-30T15:12:01.483+0000] {subprocess.py:93} INFO - 26/08/30 15:12:01 INFO BlockManager: Using org.apache.spark.storage.RandomBlockReplicationPolicy for block replication policy
[2026-08-30T15:12:01.487+0000] {subprocess.py:93} INFO - 26/08/30 15:12:01 INFO BlockManagerMaster: Registering BlockManager BlockManagerId(driver, 39dc60076c10, 43069, None)
[2026-08-30T15:12:01.490+0000] {subprocess.py:93} INFO - 26/08/30 15:12:01 INFO BlockManagerMasterEndpoint: Registering block manager 39dc60076c10:43069 with 434.4 MiB RAM, BlockManagerId(driver, 39dc60076c10, 43069, None)
[2026-08-30T15:12:01.492+0000] {subprocess.py:93} INFO - 26/08/30 15:12:01 INFO BlockManagerMaster: Registered BlockManager BlockManagerId(driver, 39dc60076c10, 43069, None)
[2026-08-30T15:12:01.493+0000] {subprocess.py:93} INFO - 26/08/30 15:12:01 INFO BlockManager: Initialized BlockManager: BlockManagerId(driver, 39dc60076c10, 43069, None)
[2026-08-30T15:12:01.509+0000] {subprocess.py:93} INFO - 26/08/30 15:12:01 INFO StandaloneAppClient$ClientEndpoint: Executor updated: app-20260830151201-0004/0 is now RUNNING
[2026-08-30T15:12:01.685+0000] {subprocess.py:93} INFO - 26/08/30 15:12:01 INFO StandaloneSchedulerBackend: SchedulerBackend is ready for scheduling beginning after reached minRegisteredResourcesRatio: 0.0
[2026-08-30T15:12:01.877+0000] {subprocess.py:93} INFO - 26/08/30 15:12:01 INFO SharedState: Setting hive.metastore.warehouse.dir ('null') to the value of spark.sql.warehouse.dir.
[2026-08-30T15:12:01.880+0000] {subprocess.py:93} INFO - 26/08/30 15:12:01 INFO SharedState: Warehouse path is 'file:/tmp/airflowtmpuxk9s51s/spark-warehouse'.
[2026-08-30T15:12:02.739+0000] {subprocess.py:93} INFO - 26/08/30 15:12:02 INFO InMemoryFileIndex: It took 39 ms to list leaf files for 1 paths.
[2026-08-30T15:12:03.069+0000] {subprocess.py:93} INFO - 26/08/30 15:12:03 INFO SparkContext: Starting job: parquet at NativeMethodAccessorImpl.java:0
[2026-08-30T15:12:03.092+0000] {subprocess.py:93} INFO - 26/08/30 15:12:03 INFO DAGScheduler: Got job 0 (parquet at NativeMethodAccessorImpl.java:0) with 1 output partitions
[2026-08-30T15:12:03.094+0000] {subprocess.py:93} INFO - 26/08/30 15:12:03 INFO DAGScheduler: Final stage: ResultStage 0 (parquet at NativeMethodAccessorImpl.java:0)
[2026-08-30T15:12:03.095+0000] {subprocess.py:93} INFO - 26/08/30 15:12:03 INFO DAGScheduler: Parents of final stage: List()
[2026-08-30T15:12:03.096+0000] {subprocess.py:93} INFO - 26/08/30 15:12:03 INFO DAGScheduler: Missing parents: List()
[2026-08-30T15:12:03.099+0000] {subprocess.py:93} INFO - 26/08/30 15:12:03 INFO DAGScheduler: Submitting ResultStage 0 (MapPartitionsRDD[1] at parquet at NativeMethodAccessorImpl.java:0), which has no missing parents
[2026-08-30T15:12:03.153+0000] {subprocess.py:93} INFO - 26/08/30 15:12:03 INFO MemoryStore: Block broadcast_0 stored as values in memory (estimated size 104.4 KiB, free 434.3 MiB)
[2026-08-30T15:12:03.185+0000] {subprocess.py:93} INFO - 26/08/30 15:12:03 INFO MemoryStore: Block broadcast_0_piece0 stored as bytes in memory (estimated size 37.7 KiB, free 434.3 MiB)
[2026-08-30T15:12:03.188+0000] {subprocess.py:93} INFO - 26/08/30 15:12:03 INFO BlockManagerInfo: Added broadcast_0_piece0 in memory on 39dc60076c10:43069 (size: 37.7 KiB, free: 434.4 MiB)
[2026-08-30T15:12:03.192+0000] {subprocess.py:93} INFO - 26/08/30 15:12:03 INFO SparkContext: Created broadcast 0 from broadcast at DAGScheduler.scala:1585
[2026-08-30T15:12:03.206+0000] {subprocess.py:93} INFO - 26/08/30 15:12:03 INFO DAGScheduler: Submitting 1 missing tasks from ResultStage 0 (MapPartitionsRDD[1] at parquet at NativeMethodAccessorImpl.java:0) (first 15 tasks are for partitions Vector(0))
[2026-08-30T15:12:03.207+0000] {subprocess.py:93} INFO - 26/08/30 15:12:03 INFO TaskSchedulerImpl: Adding task set 0.0 with 1 tasks resource profile 0
[2026-08-30T15:12:04.309+0000] {subprocess.py:93} INFO - 26/08/30 15:12:04 INFO StandaloneSchedulerBackend$StandaloneDriverEndpoint: Registered executor NettyRpcEndpointRef(spark-client://Executor) (172.18.0.6:58150) with ID 0,  ResourceProfileId 0
[2026-08-30T15:12:04.368+0000] {subprocess.py:93} INFO - 26/08/30 15:12:04 INFO BlockManagerMasterEndpoint: Registering block manager 172.18.0.6:34171 with 434.4 MiB RAM, BlockManagerId(0, 172.18.0.6, 34171, None)
[2026-08-30T15:12:04.492+0000] {subprocess.py:93} INFO - 26/08/30 15:12:04 INFO TaskSetManager: Starting task 0.0 in stage 0.0 (TID 0) (172.18.0.6, executor 0, partition 0, PROCESS_LOCAL, 8228 bytes)
[2026-08-30T15:12:04.650+0000] {subprocess.py:93} INFO - 26/08/30 15:12:04 INFO BlockManagerInfo: Added broadcast_0_piece0 in memory on 172.18.0.6:34171 (size: 37.7 KiB, free: 434.4 MiB)
[2026-08-30T15:12:05.204+0000] {subprocess.py:93} INFO - 26/08/30 15:12:05 INFO TaskSetManager: Finished task 0.0 in stage 0.0 (TID 0) in 719 ms on 172.18.0.6 (executor 0) (1/1)
[2026-08-30T15:12:05.206+0000] {subprocess.py:93} INFO - 26/08/30 15:12:05 INFO TaskSchedulerImpl: Removed TaskSet 0.0, whose tasks have all completed, from pool
[2026-08-30T15:12:05.209+0000] {subprocess.py:93} INFO - 26/08/30 15:12:05 INFO DAGScheduler: ResultStage 0 (parquet at NativeMethodAccessorImpl.java:0) finished in 2.095 s
[2026-08-30T15:12:05.211+0000] {subprocess.py:93} INFO - 26/08/30 15:12:05 INFO DAGScheduler: Job 0 is finished. Cancelling potential speculative or zombie tasks for this job
[2026-08-30T15:12:05.212+0000] {subprocess.py:93} INFO - 26/08/30 15:12:05 INFO TaskSchedulerImpl: Killing all running tasks in stage 0: Stage finished
[2026-08-30T15:12:05.212+0000] {subprocess.py:93} INFO - 26/08/30 15:12:05 INFO DAGScheduler: Job 0 finished: parquet at NativeMethodAccessorImpl.java:0, took 2.142823 s
[2026-08-30T15:12:05.392+0000] {subprocess.py:93} INFO - 26/08/30 15:12:05 INFO BlockManagerInfo: Removed broadcast_0_piece0 on 39dc60076c10:43069 in memory (size: 37.7 KiB, free: 434.4 MiB)
[2026-08-30T15:12:05.399+0000] {subprocess.py:93} INFO - 26/08/30 15:12:05 INFO BlockManagerInfo: Removed broadcast_0_piece0 on 172.18.0.6:34171 in memory (size: 37.7 KiB, free: 434.4 MiB)
[2026-08-30T15:12:06.299+0000] {subprocess.py:93} INFO - 26/08/30 15:12:06 INFO FileSourceStrategy: Pushed Filters: IsNotNull(passenger_count),IsNotNull(trip_distance),IsNotNull(total_amount),GreaterThan(passenger_count,0),GreaterThan(trip_distance,0.0),GreaterThan(total_amount,0.0)
[2026-08-30T15:12:06.300+0000] {subprocess.py:93} INFO - 26/08/30 15:12:06 INFO FileSourceStrategy: Post-Scan Filters: isnotnull(passenger_count#3L),isnotnull(trip_distance#4),isnotnull(total_amount#16),(passenger_count#3L > 0),(trip_distance#4 > 0.0),(total_amount#16 > 0.0)
[2026-08-30T15:12:06.663+0000] {subprocess.py:93} INFO - 26/08/30 15:12:06 INFO CodeGenerator: Code generated in 213.699184 ms
[2026-08-30T15:12:06.696+0000] {subprocess.py:93} INFO - 26/08/30 15:12:06 INFO MemoryStore: Block broadcast_1 stored as values in memory (estimated size 202.9 KiB, free 434.2 MiB)
[2026-08-30T15:12:06.705+0000] {subprocess.py:93} INFO - 26/08/30 15:12:06 INFO MemoryStore: Block broadcast_1_piece0 stored as bytes in memory (estimated size 35.5 KiB, free 434.2 MiB)
[2026-08-30T15:12:06.706+0000] {subprocess.py:93} INFO - 26/08/30 15:12:06 INFO BlockManagerInfo: Added broadcast_1_piece0 in memory on 39dc60076c10:43069 (size: 35.5 KiB, free: 434.4 MiB)
[2026-08-30T15:12:06.707+0000] {subprocess.py:93} INFO - 26/08/30 15:12:06 INFO SparkContext: Created broadcast 1 from save at NativeMethodAccessorImpl.java:0
[2026-08-30T15:12:06.717+0000] {subprocess.py:93} INFO - 26/08/30 15:12:06 INFO FileSourceScanExec: Planning scan with bin packing, max size: 27077972 bytes, open cost is considered as scanning 4194304 bytes.
[2026-08-30T15:12:06.813+0000] {subprocess.py:93} INFO - 26/08/30 15:12:06 INFO DAGScheduler: Registering RDD 5 (save at NativeMethodAccessorImpl.java:0) as input to shuffle 0
[2026-08-30T15:12:06.816+0000] {subprocess.py:93} INFO - 26/08/30 15:12:06 INFO DAGScheduler: Got map stage job 1 (save at NativeMethodAccessorImpl.java:0) with 2 output partitions
[2026-08-30T15:12:06.817+0000] {subprocess.py:93} INFO - 26/08/30 15:12:06 INFO DAGScheduler: Final stage: ShuffleMapStage 1 (save at NativeMethodAccessorImpl.java:0)
[2026-08-30T15:12:06.818+0000] {subprocess.py:93} INFO - 26/08/30 15:12:06 INFO DAGScheduler: Parents of final stage: List()
[2026-08-30T15:12:06.819+0000] {subprocess.py:93} INFO - 26/08/30 15:12:06 INFO DAGScheduler: Missing parents: List()
[2026-08-30T15:12:06.820+0000] {subprocess.py:93} INFO - 26/08/30 15:12:06 INFO DAGScheduler: Submitting ShuffleMapStage 1 (MapPartitionsRDD[5] at save at NativeMethodAccessorImpl.java:0), which has no missing parents
[2026-08-30T15:12:06.833+0000] {subprocess.py:93} INFO - 26/08/30 15:12:06 INFO MemoryStore: Block broadcast_2 stored as values in memory (estimated size 49.4 KiB, free 434.1 MiB)
[2026-08-30T15:12:06.840+0000] {subprocess.py:93} INFO - 26/08/30 15:12:06 INFO MemoryStore: Block broadcast_2_piece0 stored as bytes in memory (estimated size 21.4 KiB, free 434.1 MiB)
[2026-08-30T15:12:06.842+0000] {subprocess.py:93} INFO - 26/08/30 15:12:06 INFO BlockManagerInfo: Added broadcast_2_piece0 in memory on 39dc60076c10:43069 (size: 21.4 KiB, free: 434.3 MiB)
[2026-08-30T15:12:06.843+0000] {subprocess.py:93} INFO - 26/08/30 15:12:06 INFO SparkContext: Created broadcast 2 from broadcast at DAGScheduler.scala:1585
[2026-08-30T15:12:06.844+0000] {subprocess.py:93} INFO - 26/08/30 15:12:06 INFO DAGScheduler: Submitting 2 missing tasks from ShuffleMapStage 1 (MapPartitionsRDD[5] at save at NativeMethodAccessorImpl.java:0) (first 15 tasks are for partitions Vector(0, 1))
[2026-08-30T15:12:06.845+0000] {subprocess.py:93} INFO - 26/08/30 15:12:06 INFO TaskSchedulerImpl: Adding task set 1.0 with 2 tasks resource profile 0
[2026-08-30T15:12:06.849+0000] {subprocess.py:93} INFO - 26/08/30 15:12:06 INFO TaskSetManager: Starting task 0.0 in stage 1.0 (TID 1) (172.18.0.6, executor 0, partition 0, PROCESS_LOCAL, 8724 bytes)
[2026-08-30T15:12:06.851+0000] {subprocess.py:93} INFO - 26/08/30 15:12:06 INFO TaskSetManager: Starting task 1.0 in stage 1.0 (TID 2) (172.18.0.6, executor 0, partition 1, PROCESS_LOCAL, 8724 bytes)
[2026-08-30T15:12:06.902+0000] {subprocess.py:93} INFO - 26/08/30 15:12:06 INFO BlockManagerInfo: Added broadcast_2_piece0 in memory on 172.18.0.6:34171 (size: 21.4 KiB, free: 434.4 MiB)
[2026-08-30T15:12:07.880+0000] {subprocess.py:93} INFO - 26/08/30 15:12:07 INFO BlockManagerInfo: Added broadcast_1_piece0 in memory on 172.18.0.6:34171 (size: 35.5 KiB, free: 434.3 MiB)
[2026-08-30T15:12:08.614+0000] {subprocess.py:93} INFO - 26/08/30 15:12:08 INFO TaskSetManager: Finished task 1.0 in stage 1.0 (TID 2) in 1765 ms on 172.18.0.6 (executor 0) (1/2)
[2026-08-30T15:12:08.747+0000] {subprocess.py:93} INFO - 26/08/30 15:12:08 INFO TaskSetManager: Finished task 0.0 in stage 1.0 (TID 1) in 1901 ms on 172.18.0.6 (executor 0) (2/2)
[2026-08-30T15:12:08.748+0000] {subprocess.py:93} INFO - 26/08/30 15:12:08 INFO TaskSchedulerImpl: Removed TaskSet 1.0, whose tasks have all completed, from pool
[2026-08-30T15:12:08.749+0000] {subprocess.py:93} INFO - 26/08/30 15:12:08 INFO DAGScheduler: ShuffleMapStage 1 (save at NativeMethodAccessorImpl.java:0) finished in 1.925 s
[2026-08-30T15:12:08.750+0000] {subprocess.py:93} INFO - 26/08/30 15:12:08 INFO DAGScheduler: looking for newly runnable stages
[2026-08-30T15:12:08.751+0000] {subprocess.py:93} INFO - 26/08/30 15:12:08 INFO DAGScheduler: running: Set()
[2026-08-30T15:12:08.751+0000] {subprocess.py:93} INFO - 26/08/30 15:12:08 INFO DAGScheduler: waiting: Set()
[2026-08-30T15:12:08.752+0000] {subprocess.py:93} INFO - 26/08/30 15:12:08 INFO DAGScheduler: failed: Set()
[2026-08-30T15:12:08.767+0000] {subprocess.py:93} INFO - 26/08/30 15:12:08 INFO ShufflePartitionsUtil: For shuffle(0), advisory target size: 67108864, actual target size 1048576, minimum partition size: 1048576
[2026-08-30T15:12:08.784+0000] {subprocess.py:93} INFO - 26/08/30 15:12:08 INFO HashAggregateExec: spark.sql.codegen.aggregate.map.twolevel.enabled is set to true, but current version of codegened fast hashmap does not support this aggregate.
[2026-08-30T15:12:08.806+0000] {subprocess.py:93} INFO - 26/08/30 15:12:08 INFO CodeGenerator: Code generated in 14.872873 ms
[2026-08-30T15:12:08.842+0000] {subprocess.py:93} INFO - 26/08/30 15:12:08 INFO CodeGenerator: Code generated in 11.568135 ms
[2026-08-30T15:12:08.876+0000] {subprocess.py:93} INFO - 26/08/30 15:12:08 INFO SparkContext: Starting job: save at NativeMethodAccessorImpl.java:0
[2026-08-30T15:12:08.878+0000] {subprocess.py:93} INFO - 26/08/30 15:12:08 INFO DAGScheduler: Got job 2 (save at NativeMethodAccessorImpl.java:0) with 1 output partitions
[2026-08-30T15:12:08.879+0000] {subprocess.py:93} INFO - 26/08/30 15:12:08 INFO DAGScheduler: Final stage: ResultStage 3 (save at NativeMethodAccessorImpl.java:0)
[2026-08-30T15:12:08.880+0000] {subprocess.py:93} INFO - 26/08/30 15:12:08 INFO DAGScheduler: Parents of final stage: List(ShuffleMapStage 2)
[2026-08-30T15:12:08.881+0000] {subprocess.py:93} INFO - 26/08/30 15:12:08 INFO DAGScheduler: Missing parents: List()
[2026-08-30T15:12:08.882+0000] {subprocess.py:93} INFO - 26/08/30 15:12:08 INFO DAGScheduler: Submitting ResultStage 3 (MapPartitionsRDD[10] at save at NativeMethodAccessorImpl.java:0), which has no missing parents
[2026-08-30T15:12:08.894+0000] {subprocess.py:93} INFO - 26/08/30 15:12:08 INFO MemoryStore: Block broadcast_3 stored as values in memory (estimated size 52.3 KiB, free 434.0 MiB)
[2026-08-30T15:12:08.902+0000] {subprocess.py:93} INFO - 26/08/30 15:12:08 INFO MemoryStore: Block broadcast_3_piece0 stored as bytes in memory (estimated size 23.2 KiB, free 434.0 MiB)
[2026-08-30T15:12:08.903+0000] {subprocess.py:93} INFO - 26/08/30 15:12:08 INFO BlockManagerInfo: Added broadcast_3_piece0 in memory on 39dc60076c10:43069 (size: 23.2 KiB, free: 434.3 MiB)
[2026-08-30T15:12:08.904+0000] {subprocess.py:93} INFO - 26/08/30 15:12:08 INFO BlockManagerInfo: Removed broadcast_2_piece0 on 39dc60076c10:43069 in memory (size: 21.4 KiB, free: 434.3 MiB)
[2026-08-30T15:12:08.906+0000] {subprocess.py:93} INFO - 26/08/30 15:12:08 INFO SparkContext: Created broadcast 3 from broadcast at DAGScheduler.scala:1585
[2026-08-30T15:12:08.907+0000] {subprocess.py:93} INFO - 26/08/30 15:12:08 INFO DAGScheduler: Submitting 1 missing tasks from ResultStage 3 (MapPartitionsRDD[10] at save at NativeMethodAccessorImpl.java:0) (first 15 tasks are for partitions Vector(0))
[2026-08-30T15:12:08.908+0000] {subprocess.py:93} INFO - 26/08/30 15:12:08 INFO TaskSchedulerImpl: Adding task set 3.0 with 1 tasks resource profile 0
[2026-08-30T15:12:08.910+0000] {subprocess.py:93} INFO - 26/08/30 15:12:08 INFO BlockManagerInfo: Removed broadcast_2_piece0 on 172.18.0.6:34171 in memory (size: 21.4 KiB, free: 434.4 MiB)
[2026-08-30T15:12:08.911+0000] {subprocess.py:93} INFO - 26/08/30 15:12:08 INFO TaskSetManager: Starting task 0.0 in stage 3.0 (TID 3) (172.18.0.6, executor 0, partition 0, NODE_LOCAL, 8114 bytes)
[2026-08-30T15:12:08.935+0000] {subprocess.py:93} INFO - 26/08/30 15:12:08 INFO BlockManagerInfo: Added broadcast_3_piece0 in memory on 172.18.0.6:34171 (size: 23.2 KiB, free: 434.3 MiB)
[2026-08-30T15:12:08.996+0000] {subprocess.py:93} INFO - 26/08/30 15:12:08 INFO MapOutputTrackerMasterEndpoint: Asked to send map output locations for shuffle 0 to 172.18.0.6:58150
[2026-08-30T15:12:09.143+0000] {subprocess.py:93} INFO - 26/08/30 15:12:09 INFO TaskSetManager: Finished task 0.0 in stage 3.0 (TID 3) in 233 ms on 172.18.0.6 (executor 0) (1/1)
[2026-08-30T15:12:09.145+0000] {subprocess.py:93} INFO - 26/08/30 15:12:09 INFO TaskSchedulerImpl: Removed TaskSet 3.0, whose tasks have all completed, from pool
[2026-08-30T15:12:09.147+0000] {subprocess.py:93} INFO - 26/08/30 15:12:09 INFO DAGScheduler: ResultStage 3 (save at NativeMethodAccessorImpl.java:0) finished in 0.254 s
[2026-08-30T15:12:09.148+0000] {subprocess.py:93} INFO - 26/08/30 15:12:09 INFO DAGScheduler: Job 2 is finished. Cancelling potential speculative or zombie tasks for this job
[2026-08-30T15:12:09.149+0000] {subprocess.py:93} INFO - 26/08/30 15:12:09 INFO TaskSchedulerImpl: Killing all running tasks in stage 3: Stage finished
[2026-08-30T15:12:09.151+0000] {subprocess.py:93} INFO - 26/08/30 15:12:09 INFO DAGScheduler: Job 2 finished: save at NativeMethodAccessorImpl.java:0, took 0.270174 s
[2026-08-30T15:12:09.161+0000] {subprocess.py:93} INFO - 26/08/30 15:12:09 INFO DAGScheduler: Registering RDD 11 (save at NativeMethodAccessorImpl.java:0) as input to shuffle 1
[2026-08-30T15:12:09.163+0000] {subprocess.py:93} INFO - 26/08/30 15:12:09 INFO DAGScheduler: Got map stage job 3 (save at NativeMethodAccessorImpl.java:0) with 1 output partitions
[2026-08-30T15:12:09.164+0000] {subprocess.py:93} INFO - 26/08/30 15:12:09 INFO DAGScheduler: Final stage: ShuffleMapStage 5 (save at NativeMethodAccessorImpl.java:0)
[2026-08-30T15:12:09.165+0000] {subprocess.py:93} INFO - 26/08/30 15:12:09 INFO DAGScheduler: Parents of final stage: List(ShuffleMapStage 4)
[2026-08-30T15:12:09.165+0000] {subprocess.py:93} INFO - 26/08/30 15:12:09 INFO DAGScheduler: Missing parents: List()
[2026-08-30T15:12:09.166+0000] {subprocess.py:93} INFO - 26/08/30 15:12:09 INFO DAGScheduler: Submitting ShuffleMapStage 5 (MapPartitionsRDD[11] at save at NativeMethodAccessorImpl.java:0), which has no missing parents
[2026-08-30T15:12:09.181+0000] {subprocess.py:93} INFO - 26/08/30 15:12:09 INFO MemoryStore: Block broadcast_4 stored as values in memory (estimated size 53.7 KiB, free 434.0 MiB)
[2026-08-30T15:12:09.187+0000] {subprocess.py:93} INFO - 26/08/30 15:12:09 INFO MemoryStore: Block broadcast_4_piece0 stored as bytes in memory (estimated size 23.6 KiB, free 434.0 MiB)
[2026-08-30T15:12:09.189+0000] {subprocess.py:93} INFO - 26/08/30 15:12:09 INFO BlockManagerInfo: Added broadcast_4_piece0 in memory on 39dc60076c10:43069 (size: 23.6 KiB, free: 434.3 MiB)
[2026-08-30T15:12:09.190+0000] {subprocess.py:93} INFO - 26/08/30 15:12:09 INFO SparkContext: Created broadcast 4 from broadcast at DAGScheduler.scala:1585
[2026-08-30T15:12:09.192+0000] {subprocess.py:93} INFO - 26/08/30 15:12:09 INFO BlockManagerInfo: Removed broadcast_3_piece0 on 39dc60076c10:43069 in memory (size: 23.2 KiB, free: 434.3 MiB)
[2026-08-30T15:12:09.193+0000] {subprocess.py:93} INFO - 26/08/30 15:12:09 INFO DAGScheduler: Submitting 1 missing tasks from ShuffleMapStage 5 (MapPartitionsRDD[11] at save at NativeMethodAccessorImpl.java:0) (first 15 tasks are for partitions Vector(0))
[2026-08-30T15:12:09.195+0000] {subprocess.py:93} INFO - 26/08/30 15:12:09 INFO TaskSchedulerImpl: Adding task set 5.0 with 1 tasks resource profile 0
[2026-08-30T15:12:09.196+0000] {subprocess.py:93} INFO - 26/08/30 15:12:09 INFO TaskSetManager: Starting task 0.0 in stage 5.0 (TID 4) (172.18.0.6, executor 0, partition 0, NODE_LOCAL, 8103 bytes)
[2026-08-30T15:12:09.197+0000] {subprocess.py:93} INFO - 26/08/30 15:12:09 INFO BlockManagerInfo: Removed broadcast_3_piece0 on 172.18.0.6:34171 in memory (size: 23.2 KiB, free: 434.4 MiB)
[2026-08-30T15:12:09.217+0000] {subprocess.py:93} INFO - 26/08/30 15:12:09 INFO BlockManagerInfo: Added broadcast_4_piece0 in memory on 172.18.0.6:34171 (size: 23.6 KiB, free: 434.3 MiB)
[2026-08-30T15:12:09.300+0000] {subprocess.py:93} INFO - 26/08/30 15:12:09 INFO TaskSetManager: Finished task 0.0 in stage 5.0 (TID 4) in 106 ms on 172.18.0.6 (executor 0) (1/1)
[2026-08-30T15:12:09.301+0000] {subprocess.py:93} INFO - 26/08/30 15:12:09 INFO TaskSchedulerImpl: Removed TaskSet 5.0, whose tasks have all completed, from pool
[2026-08-30T15:12:09.303+0000] {subprocess.py:93} INFO - 26/08/30 15:12:09 INFO DAGScheduler: ShuffleMapStage 5 (save at NativeMethodAccessorImpl.java:0) finished in 0.129 s
[2026-08-30T15:12:09.304+0000] {subprocess.py:93} INFO - 26/08/30 15:12:09 INFO DAGScheduler: looking for newly runnable stages
[2026-08-30T15:12:09.305+0000] {subprocess.py:93} INFO - 26/08/30 15:12:09 INFO DAGScheduler: running: Set()
[2026-08-30T15:12:09.306+0000] {subprocess.py:93} INFO - 26/08/30 15:12:09 INFO DAGScheduler: waiting: Set()
[2026-08-30T15:12:09.308+0000] {subprocess.py:93} INFO - 26/08/30 15:12:09 INFO DAGScheduler: failed: Set()
[2026-08-30T15:12:09.309+0000] {subprocess.py:93} INFO - 26/08/30 15:12:09 INFO ShufflePartitionsUtil: For shuffle(1), advisory target size: 67108864, actual target size 1048576, minimum partition size: 1048576
[2026-08-30T15:12:09.340+0000] {subprocess.py:93} INFO - 26/08/30 15:12:09 INFO CodeGenerator: Code generated in 16.236105 ms
[2026-08-30T15:12:09.407+0000] {subprocess.py:93} INFO - 26/08/30 15:12:09 INFO SparkContext: Starting job: save at NativeMethodAccessorImpl.java:0
[2026-08-30T15:12:09.410+0000] {subprocess.py:93} INFO - 26/08/30 15:12:09 INFO DAGScheduler: Got job 4 (save at NativeMethodAccessorImpl.java:0) with 1 output partitions
[2026-08-30T15:12:09.412+0000] {subprocess.py:93} INFO - 26/08/30 15:12:09 INFO DAGScheduler: Final stage: ResultStage 8 (save at NativeMethodAccessorImpl.java:0)
[2026-08-30T15:12:09.413+0000] {subprocess.py:93} INFO - 26/08/30 15:12:09 INFO DAGScheduler: Parents of final stage: List(ShuffleMapStage 7)
[2026-08-30T15:12:09.414+0000] {subprocess.py:93} INFO - 26/08/30 15:12:09 INFO DAGScheduler: Missing parents: List()
[2026-08-30T15:12:09.415+0000] {subprocess.py:93} INFO - 26/08/30 15:12:09 INFO DAGScheduler: Submitting ResultStage 8 (MapPartitionsRDD[16] at save at NativeMethodAccessorImpl.java:0), which has no missing parents
[2026-08-30T15:12:09.424+0000] {subprocess.py:93} INFO - 26/08/30 15:12:09 INFO MemoryStore: Block broadcast_5 stored as values in memory (estimated size 56.6 KiB, free 434.0 MiB)
[2026-08-30T15:12:09.430+0000] {subprocess.py:93} INFO - 26/08/30 15:12:09 INFO MemoryStore: Block broadcast_5_piece0 stored as bytes in memory (estimated size 25.7 KiB, free 434.0 MiB)
[2026-08-30T15:12:09.431+0000] {subprocess.py:93} INFO - 26/08/30 15:12:09 INFO BlockManagerInfo: Added broadcast_5_piece0 in memory on 39dc60076c10:43069 (size: 25.7 KiB, free: 434.3 MiB)
[2026-08-30T15:12:09.433+0000] {subprocess.py:93} INFO - 26/08/30 15:12:09 INFO BlockManagerInfo: Removed broadcast_4_piece0 on 39dc60076c10:43069 in memory (size: 23.6 KiB, free: 434.3 MiB)
[2026-08-30T15:12:09.433+0000] {subprocess.py:93} INFO - 26/08/30 15:12:09 INFO SparkContext: Created broadcast 5 from broadcast at DAGScheduler.scala:1585
[2026-08-30T15:12:09.435+0000] {subprocess.py:93} INFO - 26/08/30 15:12:09 INFO DAGScheduler: Submitting 1 missing tasks from ResultStage 8 (MapPartitionsRDD[16] at save at NativeMethodAccessorImpl.java:0) (first 15 tasks are for partitions Vector(0))
[2026-08-30T15:12:09.436+0000] {subprocess.py:93} INFO - 26/08/30 15:12:09 INFO TaskSchedulerImpl: Adding task set 8.0 with 1 tasks resource profile 0
[2026-08-30T15:12:09.437+0000] {subprocess.py:93} INFO - 26/08/30 15:12:09 INFO TaskSetManager: Starting task 0.0 in stage 8.0 (TID 5) (172.18.0.6, executor 0, partition 0, NODE_LOCAL, 8114 bytes)
[2026-08-30T15:12:09.438+0000] {subprocess.py:93} INFO - 26/08/30 15:12:09 INFO BlockManagerInfo: Removed broadcast_4_piece0 on 172.18.0.6:34171 in memory (size: 23.6 KiB, free: 434.4 MiB)
[2026-08-30T15:12:09.450+0000] {subprocess.py:93} INFO - 26/08/30 15:12:09 INFO BlockManagerInfo: Added broadcast_5_piece0 in memory on 172.18.0.6:34171 (size: 25.7 KiB, free: 434.3 MiB)
[2026-08-30T15:12:09.573+0000] {subprocess.py:93} INFO - 26/08/30 15:12:09 INFO MapOutputTrackerMasterEndpoint: Asked to send map output locations for shuffle 1 to 172.18.0.6:58150
[2026-08-30T15:12:10.026+0000] {subprocess.py:93} INFO - 26/08/30 15:12:10 INFO TaskSetManager: Finished task 0.0 in stage 8.0 (TID 5) in 592 ms on 172.18.0.6 (executor 0) (1/1)
[2026-08-30T15:12:10.027+0000] {subprocess.py:93} INFO - 26/08/30 15:12:10 INFO TaskSchedulerImpl: Removed TaskSet 8.0, whose tasks have all completed, from pool
[2026-08-30T15:12:10.028+0000] {subprocess.py:93} INFO - 26/08/30 15:12:10 INFO DAGScheduler: ResultStage 8 (save at NativeMethodAccessorImpl.java:0) finished in 0.613 s
[2026-08-30T15:12:10.029+0000] {subprocess.py:93} INFO - 26/08/30 15:12:10 INFO DAGScheduler: Job 4 is finished. Cancelling potential speculative or zombie tasks for this job
[2026-08-30T15:12:10.030+0000] {subprocess.py:93} INFO - 26/08/30 15:12:10 INFO TaskSchedulerImpl: Killing all running tasks in stage 8: Stage finished
[2026-08-30T15:12:10.031+0000] {subprocess.py:93} INFO - 26/08/30 15:12:10 INFO DAGScheduler: Job 4 finished: save at NativeMethodAccessorImpl.java:0, took 0.620801 s
[2026-08-30T15:12:10.105+0000] {subprocess.py:93} INFO - 26/08/30 15:12:10 INFO FileSourceStrategy: Pushed Filters: IsNotNull(passenger_count),IsNotNull(trip_distance),IsNotNull(total_amount),GreaterThan(passenger_count,0),GreaterThan(trip_distance,0.0),GreaterThan(total_amount,0.0)
[2026-08-30T15:12:10.106+0000] {subprocess.py:93} INFO - 26/08/30 15:12:10 INFO FileSourceStrategy: Post-Scan Filters: isnotnull(passenger_count#3L),isnotnull(trip_distance#4),isnotnull(total_amount#16),(passenger_count#3L > 0),(trip_distance#4 > 0.0),(total_amount#16 > 0.0)
[2026-08-30T15:12:10.165+0000] {subprocess.py:93} INFO - 26/08/30 15:12:10 INFO CodeGenerator: Code generated in 31.380419 ms
[2026-08-30T15:12:10.168+0000] {subprocess.py:93} INFO - 26/08/30 15:12:10 INFO MemoryStore: Block broadcast_6 stored as values in memory (estimated size 202.9 KiB, free 433.9 MiB)
[2026-08-30T15:12:10.175+0000] {subprocess.py:93} INFO - 26/08/30 15:12:10 INFO BlockManagerInfo: Removed broadcast_5_piece0 on 39dc60076c10:43069 in memory (size: 25.7 KiB, free: 434.4 MiB)
[2026-08-30T15:12:10.178+0000] {subprocess.py:93} INFO - 26/08/30 15:12:10 INFO BlockManagerInfo: Removed broadcast_5_piece0 on 172.18.0.6:34171 in memory (size: 25.7 KiB, free: 434.4 MiB)
[2026-08-30T15:12:10.179+0000] {subprocess.py:93} INFO - 26/08/30 15:12:10 INFO MemoryStore: Block broadcast_6_piece0 stored as bytes in memory (estimated size 35.5 KiB, free 433.9 MiB)
[2026-08-30T15:12:10.180+0000] {subprocess.py:93} INFO - 26/08/30 15:12:10 INFO BlockManagerInfo: Added broadcast_6_piece0 in memory on 39dc60076c10:43069 (size: 35.5 KiB, free: 434.3 MiB)
[2026-08-30T15:12:10.181+0000] {subprocess.py:93} INFO - 26/08/30 15:12:10 INFO SparkContext: Created broadcast 6 from save at NativeMethodAccessorImpl.java:0
[2026-08-30T15:12:10.182+0000] {subprocess.py:93} INFO - 26/08/30 15:12:10 INFO FileSourceScanExec: Planning scan with bin packing, max size: 27077972 bytes, open cost is considered as scanning 4194304 bytes.
[2026-08-30T15:12:10.190+0000] {subprocess.py:93} INFO - 26/08/30 15:12:10 INFO DAGScheduler: Registering RDD 20 (save at NativeMethodAccessorImpl.java:0) as input to shuffle 2
[2026-08-30T15:12:10.191+0000] {subprocess.py:93} INFO - 26/08/30 15:12:10 INFO DAGScheduler: Got map stage job 5 (save at NativeMethodAccessorImpl.java:0) with 2 output partitions
[2026-08-30T15:12:10.192+0000] {subprocess.py:93} INFO - 26/08/30 15:12:10 INFO DAGScheduler: Final stage: ShuffleMapStage 9 (save at NativeMethodAccessorImpl.java:0)
[2026-08-30T15:12:10.193+0000] {subprocess.py:93} INFO - 26/08/30 15:12:10 INFO DAGScheduler: Parents of final stage: List()
[2026-08-30T15:12:10.194+0000] {subprocess.py:93} INFO - 26/08/30 15:12:10 INFO DAGScheduler: Missing parents: List()
[2026-08-30T15:12:10.195+0000] {subprocess.py:93} INFO - 26/08/30 15:12:10 INFO DAGScheduler: Submitting ShuffleMapStage 9 (MapPartitionsRDD[20] at save at NativeMethodAccessorImpl.java:0), which has no missing parents
[2026-08-30T15:12:10.196+0000] {subprocess.py:93} INFO - 26/08/30 15:12:10 INFO MemoryStore: Block broadcast_7 stored as values in memory (estimated size 46.3 KiB, free 433.9 MiB)
[2026-08-30T15:12:10.198+0000] {subprocess.py:93} INFO - 26/08/30 15:12:10 INFO MemoryStore: Block broadcast_7_piece0 stored as bytes in memory (estimated size 20.3 KiB, free 433.9 MiB)
[2026-08-30T15:12:10.199+0000] {subprocess.py:93} INFO - 26/08/30 15:12:10 INFO BlockManagerInfo: Added broadcast_7_piece0 in memory on 39dc60076c10:43069 (size: 20.3 KiB, free: 434.3 MiB)
[2026-08-30T15:12:10.199+0000] {subprocess.py:93} INFO - 26/08/30 15:12:10 INFO SparkContext: Created broadcast 7 from broadcast at DAGScheduler.scala:1585
[2026-08-30T15:12:10.200+0000] {subprocess.py:93} INFO - 26/08/30 15:12:10 INFO DAGScheduler: Submitting 2 missing tasks from ShuffleMapStage 9 (MapPartitionsRDD[20] at save at NativeMethodAccessorImpl.java:0) (first 15 tasks are for partitions Vector(0, 1))
[2026-08-30T15:12:10.201+0000] {subprocess.py:93} INFO - 26/08/30 15:12:10 INFO TaskSchedulerImpl: Adding task set 9.0 with 2 tasks resource profile 0
[2026-08-30T15:12:10.202+0000] {subprocess.py:93} INFO - 26/08/30 15:12:10 INFO TaskSetManager: Starting task 0.0 in stage 9.0 (TID 6) (172.18.0.6, executor 0, partition 0, PROCESS_LOCAL, 8724 bytes)
[2026-08-30T15:12:10.203+0000] {subprocess.py:93} INFO - 26/08/30 15:12:10 INFO TaskSetManager: Starting task 1.0 in stage 9.0 (TID 7) (172.18.0.6, executor 0, partition 1, PROCESS_LOCAL, 8724 bytes)
[2026-08-30T15:12:10.214+0000] {subprocess.py:93} INFO - 26/08/30 15:12:10 INFO BlockManagerInfo: Added broadcast_7_piece0 in memory on 172.18.0.6:34171 (size: 20.3 KiB, free: 434.3 MiB)
[2026-08-30T15:12:10.299+0000] {subprocess.py:93} INFO - 26/08/30 15:12:10 INFO BlockManagerInfo: Added broadcast_6_piece0 in memory on 172.18.0.6:34171 (size: 35.5 KiB, free: 434.3 MiB)
[2026-08-30T15:12:10.560+0000] {subprocess.py:93} INFO - 26/08/30 15:12:10 INFO TaskSetManager: Finished task 1.0 in stage 9.0 (TID 7) in 359 ms on 172.18.0.6 (executor 0) (1/2)
[2026-08-30T15:12:10.711+0000] {subprocess.py:93} INFO - 26/08/30 15:12:10 INFO TaskSetManager: Finished task 0.0 in stage 9.0 (TID 6) in 511 ms on 172.18.0.6 (executor 0) (2/2)
[2026-08-30T15:12:10.712+0000] {subprocess.py:93} INFO - 26/08/30 15:12:10 INFO TaskSchedulerImpl: Removed TaskSet 9.0, whose tasks have all completed, from pool
[2026-08-30T15:12:10.713+0000] {subprocess.py:93} INFO - 26/08/30 15:12:10 INFO DAGScheduler: ShuffleMapStage 9 (save at NativeMethodAccessorImpl.java:0) finished in 0.521 s
[2026-08-30T15:12:10.715+0000] {subprocess.py:93} INFO - 26/08/30 15:12:10 INFO DAGScheduler: looking for newly runnable stages
[2026-08-30T15:12:10.715+0000] {subprocess.py:93} INFO - 26/08/30 15:12:10 INFO DAGScheduler: running: Set()
[2026-08-30T15:12:10.716+0000] {subprocess.py:93} INFO - 26/08/30 15:12:10 INFO DAGScheduler: waiting: Set()
[2026-08-30T15:12:10.716+0000] {subprocess.py:93} INFO - 26/08/30 15:12:10 INFO DAGScheduler: failed: Set()
[2026-08-30T15:12:10.717+0000] {subprocess.py:93} INFO - 26/08/30 15:12:10 INFO ShufflePartitionsUtil: For shuffle(2), advisory target size: 67108864, actual target size 1048576, minimum partition size: 1048576
[2026-08-30T15:12:10.723+0000] {subprocess.py:93} INFO - 26/08/30 15:12:10 INFO HashAggregateExec: spark.sql.codegen.aggregate.map.twolevel.enabled is set to true, but current version of codegened fast hashmap does not support this aggregate.
[2026-08-30T15:12:10.737+0000] {subprocess.py:93} INFO - 26/08/30 15:12:10 INFO CodeGenerator: Code generated in 10.919631 ms
[2026-08-30T15:12:10.754+0000] {subprocess.py:93} INFO - 26/08/30 15:12:10 INFO SparkContext: Starting job: save at NativeMethodAccessorImpl.java:0
[2026-08-30T15:12:10.756+0000] {subprocess.py:93} INFO - 26/08/30 15:12:10 INFO DAGScheduler: Got job 6 (save at NativeMethodAccessorImpl.java:0) with 1 output partitions
[2026-08-30T15:12:10.757+0000] {subprocess.py:93} INFO - 26/08/30 15:12:10 INFO DAGScheduler: Final stage: ResultStage 11 (save at NativeMethodAccessorImpl.java:0)
[2026-08-30T15:12:10.758+0000] {subprocess.py:93} INFO - 26/08/30 15:12:10 INFO DAGScheduler: Parents of final stage: List(ShuffleMapStage 10)
[2026-08-30T15:12:10.759+0000] {subprocess.py:93} INFO - 26/08/30 15:12:10 INFO DAGScheduler: Missing parents: List()
[2026-08-30T15:12:10.761+0000] {subprocess.py:93} INFO - 26/08/30 15:12:10 INFO DAGScheduler: Submitting ResultStage 11 (MapPartitionsRDD[25] at save at NativeMethodAccessorImpl.java:0), which has no missing parents
[2026-08-30T15:12:10.762+0000] {subprocess.py:93} INFO - 26/08/30 15:12:10 INFO MemoryStore: Block broadcast_8 stored as values in memory (estimated size 48.0 KiB, free 433.8 MiB)
[2026-08-30T15:12:10.767+0000] {subprocess.py:93} INFO - 26/08/30 15:12:10 INFO MemoryStore: Block broadcast_8_piece0 stored as bytes in memory (estimated size 21.7 KiB, free 433.8 MiB)
[2026-08-30T15:12:10.768+0000] {subprocess.py:93} INFO - 26/08/30 15:12:10 INFO BlockManagerInfo: Added broadcast_8_piece0 in memory on 39dc60076c10:43069 (size: 21.7 KiB, free: 434.3 MiB)
[2026-08-30T15:12:10.770+0000] {subprocess.py:93} INFO - 26/08/30 15:12:10 INFO BlockManagerInfo: Removed broadcast_7_piece0 on 39dc60076c10:43069 in memory (size: 20.3 KiB, free: 434.3 MiB)
[2026-08-30T15:12:10.771+0000] {subprocess.py:93} INFO - 26/08/30 15:12:10 INFO SparkContext: Created broadcast 8 from broadcast at DAGScheduler.scala:1585
[2026-08-30T15:12:10.773+0000] {subprocess.py:93} INFO - 26/08/30 15:12:10 INFO DAGScheduler: Submitting 1 missing tasks from ResultStage 11 (MapPartitionsRDD[25] at save at NativeMethodAccessorImpl.java:0) (first 15 tasks are for partitions Vector(0))
[2026-08-30T15:12:10.773+0000] {subprocess.py:93} INFO - 26/08/30 15:12:10 INFO TaskSchedulerImpl: Adding task set 11.0 with 1 tasks resource profile 0
[2026-08-30T15:12:10.775+0000] {subprocess.py:93} INFO - 26/08/30 15:12:10 INFO TaskSetManager: Starting task 0.0 in stage 11.0 (TID 8) (172.18.0.6, executor 0, partition 0, NODE_LOCAL, 8114 bytes)
[2026-08-30T15:12:10.776+0000] {subprocess.py:93} INFO - 26/08/30 15:12:10 INFO BlockManagerInfo: Removed broadcast_7_piece0 on 172.18.0.6:34171 in memory (size: 20.3 KiB, free: 434.3 MiB)
[2026-08-30T15:12:10.786+0000] {subprocess.py:93} INFO - 26/08/30 15:12:10 INFO BlockManagerInfo: Added broadcast_8_piece0 in memory on 172.18.0.6:34171 (size: 21.7 KiB, free: 434.3 MiB)
[2026-08-30T15:12:10.794+0000] {subprocess.py:93} INFO - 26/08/30 15:12:10 INFO MapOutputTrackerMasterEndpoint: Asked to send map output locations for shuffle 2 to 172.18.0.6:58150
[2026-08-30T15:12:10.831+0000] {subprocess.py:93} INFO - 26/08/30 15:12:10 INFO TaskSetManager: Finished task 0.0 in stage 11.0 (TID 8) in 60 ms on 172.18.0.6 (executor 0) (1/1)
[2026-08-30T15:12:10.833+0000] {subprocess.py:93} INFO - 26/08/30 15:12:10 INFO TaskSchedulerImpl: Removed TaskSet 11.0, whose tasks have all completed, from pool
[2026-08-30T15:12:10.834+0000] {subprocess.py:93} INFO - 26/08/30 15:12:10 INFO DAGScheduler: ResultStage 11 (save at NativeMethodAccessorImpl.java:0) finished in 0.071 s
[2026-08-30T15:12:10.835+0000] {subprocess.py:93} INFO - 26/08/30 15:12:10 INFO DAGScheduler: Job 6 is finished. Cancelling potential speculative or zombie tasks for this job
[2026-08-30T15:12:10.836+0000] {subprocess.py:93} INFO - 26/08/30 15:12:10 INFO TaskSchedulerImpl: Killing all running tasks in stage 11: Stage finished
[2026-08-30T15:12:10.841+0000] {subprocess.py:93} INFO - 26/08/30 15:12:10 INFO DAGScheduler: Job 6 finished: save at NativeMethodAccessorImpl.java:0, took 0.078514 s
[2026-08-30T15:12:10.842+0000] {subprocess.py:93} INFO - 26/08/30 15:12:10 INFO DAGScheduler: Registering RDD 26 (save at NativeMethodAccessorImpl.java:0) as input to shuffle 3
[2026-08-30T15:12:10.843+0000] {subprocess.py:93} INFO - 26/08/30 15:12:10 INFO DAGScheduler: Got map stage job 7 (save at NativeMethodAccessorImpl.java:0) with 1 output partitions
[2026-08-30T15:12:10.844+0000] {subprocess.py:93} INFO - 26/08/30 15:12:10 INFO DAGScheduler: Final stage: ShuffleMapStage 13 (save at NativeMethodAccessorImpl.java:0)
[2026-08-30T15:12:10.845+0000] {subprocess.py:93} INFO - 26/08/30 15:12:10 INFO DAGScheduler: Parents of final stage: List(ShuffleMapStage 12)
[2026-08-30T15:12:10.846+0000] {subprocess.py:93} INFO - 26/08/30 15:12:10 INFO DAGScheduler: Missing parents: List()
[2026-08-30T15:12:10.847+0000] {subprocess.py:93} INFO - 26/08/30 15:12:10 INFO DAGScheduler: Submitting ShuffleMapStage 13 (MapPartitionsRDD[26] at save at NativeMethodAccessorImpl.java:0), which has no missing parents
[2026-08-30T15:12:10.848+0000] {subprocess.py:93} INFO - 26/08/30 15:12:10 INFO MemoryStore: Block broadcast_9 stored as values in memory (estimated size 49.0 KiB, free 433.8 MiB)
[2026-08-30T15:12:10.854+0000] {subprocess.py:93} INFO - 26/08/30 15:12:10 INFO MemoryStore: Block broadcast_9_piece0 stored as bytes in memory (estimated size 22.1 KiB, free 433.8 MiB)
[2026-08-30T15:12:10.855+0000] {subprocess.py:93} INFO - 26/08/30 15:12:10 INFO BlockManagerInfo: Added broadcast_9_piece0 in memory on 39dc60076c10:43069 (size: 22.1 KiB, free: 434.3 MiB)
[2026-08-30T15:12:10.857+0000] {subprocess.py:93} INFO - 26/08/30 15:12:10 INFO BlockManagerInfo: Removed broadcast_8_piece0 on 39dc60076c10:43069 in memory (size: 21.7 KiB, free: 434.3 MiB)
[2026-08-30T15:12:10.858+0000] {subprocess.py:93} INFO - 26/08/30 15:12:10 INFO SparkContext: Created broadcast 9 from broadcast at DAGScheduler.scala:1585
[2026-08-30T15:12:10.860+0000] {subprocess.py:93} INFO - 26/08/30 15:12:10 INFO DAGScheduler: Submitting 1 missing tasks from ShuffleMapStage 13 (MapPartitionsRDD[26] at save at NativeMethodAccessorImpl.java:0) (first 15 tasks are for partitions Vector(0))
[2026-08-30T15:12:10.861+0000] {subprocess.py:93} INFO - 26/08/30 15:12:10 INFO TaskSchedulerImpl: Adding task set 13.0 with 1 tasks resource profile 0
[2026-08-30T15:12:10.862+0000] {subprocess.py:93} INFO - 26/08/30 15:12:10 INFO BlockManagerInfo: Removed broadcast_8_piece0 on 172.18.0.6:34171 in memory (size: 21.7 KiB, free: 434.3 MiB)
[2026-08-30T15:12:10.863+0000] {subprocess.py:93} INFO - 26/08/30 15:12:10 INFO TaskSetManager: Starting task 0.0 in stage 13.0 (TID 9) (172.18.0.6, executor 0, partition 0, NODE_LOCAL, 8103 bytes)
[2026-08-30T15:12:10.878+0000] {subprocess.py:93} INFO - 26/08/30 15:12:10 INFO BlockManagerInfo: Added broadcast_9_piece0 in memory on 172.18.0.6:34171 (size: 22.1 KiB, free: 434.3 MiB)
[2026-08-30T15:12:10.906+0000] {subprocess.py:93} INFO - 26/08/30 15:12:10 INFO TaskSetManager: Finished task 0.0 in stage 13.0 (TID 9) in 45 ms on 172.18.0.6 (executor 0) (1/1)
[2026-08-30T15:12:10.909+0000] {subprocess.py:93} INFO - 26/08/30 15:12:10 INFO TaskSchedulerImpl: Removed TaskSet 13.0, whose tasks have all completed, from pool
[2026-08-30T15:12:10.910+0000] {subprocess.py:93} INFO - 26/08/30 15:12:10 INFO DAGScheduler: ShuffleMapStage 13 (save at NativeMethodAccessorImpl.java:0) finished in 0.065 s
[2026-08-30T15:12:10.911+0000] {subprocess.py:93} INFO - 26/08/30 15:12:10 INFO DAGScheduler: looking for newly runnable stages
[2026-08-30T15:12:10.912+0000] {subprocess.py:93} INFO - 26/08/30 15:12:10 INFO DAGScheduler: running: Set()
[2026-08-30T15:12:10.913+0000] {subprocess.py:93} INFO - 26/08/30 15:12:10 INFO DAGScheduler: waiting: Set()
[2026-08-30T15:12:10.914+0000] {subprocess.py:93} INFO - 26/08/30 15:12:10 INFO DAGScheduler: failed: Set()
[2026-08-30T15:12:10.915+0000] {subprocess.py:93} INFO - 26/08/30 15:12:10 INFO ShufflePartitionsUtil: For shuffle(3), advisory target size: 67108864, actual target size 1048576, minimum partition size: 1048576
[2026-08-30T15:12:10.947+0000] {subprocess.py:93} INFO - 26/08/30 15:12:10 INFO SparkContext: Starting job: save at NativeMethodAccessorImpl.java:0
[2026-08-30T15:12:10.949+0000] {subprocess.py:93} INFO - 26/08/30 15:12:10 INFO DAGScheduler: Got job 8 (save at NativeMethodAccessorImpl.java:0) with 1 output partitions
[2026-08-30T15:12:10.950+0000] {subprocess.py:93} INFO - 26/08/30 15:12:10 INFO DAGScheduler: Final stage: ResultStage 16 (save at NativeMethodAccessorImpl.java:0)
[2026-08-30T15:12:10.951+0000] {subprocess.py:93} INFO - 26/08/30 15:12:10 INFO DAGScheduler: Parents of final stage: List(ShuffleMapStage 15)
[2026-08-30T15:12:10.952+0000] {subprocess.py:93} INFO - 26/08/30 15:12:10 INFO DAGScheduler: Missing parents: List()
[2026-08-30T15:12:10.953+0000] {subprocess.py:93} INFO - 26/08/30 15:12:10 INFO DAGScheduler: Submitting ResultStage 16 (MapPartitionsRDD[31] at save at NativeMethodAccessorImpl.java:0), which has no missing parents
[2026-08-30T15:12:10.954+0000] {subprocess.py:93} INFO - 26/08/30 15:12:10 INFO MemoryStore: Block broadcast_10 stored as values in memory (estimated size 52.9 KiB, free 433.8 MiB)
[2026-08-30T15:12:10.956+0000] {subprocess.py:93} INFO - 26/08/30 15:12:10 INFO MemoryStore: Block broadcast_10_piece0 stored as bytes in memory (estimated size 24.3 KiB, free 433.8 MiB)
[2026-08-30T15:12:10.957+0000] {subprocess.py:93} INFO - 26/08/30 15:12:10 INFO BlockManagerInfo: Added broadcast_10_piece0 in memory on 39dc60076c10:43069 (size: 24.3 KiB, free: 434.3 MiB)
[2026-08-30T15:12:10.958+0000] {subprocess.py:93} INFO - 26/08/30 15:12:10 INFO SparkContext: Created broadcast 10 from broadcast at DAGScheduler.scala:1585
[2026-08-30T15:12:10.959+0000] {subprocess.py:93} INFO - 26/08/30 15:12:10 INFO DAGScheduler: Submitting 1 missing tasks from ResultStage 16 (MapPartitionsRDD[31] at save at NativeMethodAccessorImpl.java:0) (first 15 tasks are for partitions Vector(0))
[2026-08-30T15:12:10.960+0000] {subprocess.py:93} INFO - 26/08/30 15:12:10 INFO TaskSchedulerImpl: Adding task set 16.0 with 1 tasks resource profile 0
[2026-08-30T15:12:10.960+0000] {subprocess.py:93} INFO - 26/08/30 15:12:10 INFO TaskSetManager: Starting task 0.0 in stage 16.0 (TID 10) (172.18.0.6, executor 0, partition 0, NODE_LOCAL, 8114 bytes)
[2026-08-30T15:12:10.971+0000] {subprocess.py:93} INFO - 26/08/30 15:12:10 INFO BlockManagerInfo: Added broadcast_10_piece0 in memory on 172.18.0.6:34171 (size: 24.3 KiB, free: 434.3 MiB)
[2026-08-30T15:12:10.978+0000] {subprocess.py:93} INFO - 26/08/30 15:12:10 INFO MapOutputTrackerMasterEndpoint: Asked to send map output locations for shuffle 3 to 172.18.0.6:58150
[2026-08-30T15:12:11.021+0000] {subprocess.py:93} INFO - 26/08/30 15:12:11 INFO TaskSetManager: Finished task 0.0 in stage 16.0 (TID 10) in 62 ms on 172.18.0.6 (executor 0) (1/1)
[2026-08-30T15:12:11.023+0000] {subprocess.py:93} INFO - 26/08/30 15:12:11 INFO TaskSchedulerImpl: Removed TaskSet 16.0, whose tasks have all completed, from pool
[2026-08-30T15:12:11.024+0000] {subprocess.py:93} INFO - 26/08/30 15:12:11 INFO DAGScheduler: ResultStage 16 (save at NativeMethodAccessorImpl.java:0) finished in 0.070 s
[2026-08-30T15:12:11.025+0000] {subprocess.py:93} INFO - 26/08/30 15:12:11 INFO DAGScheduler: Job 8 is finished. Cancelling potential speculative or zombie tasks for this job
[2026-08-30T15:12:11.026+0000] {subprocess.py:93} INFO - 26/08/30 15:12:11 INFO TaskSchedulerImpl: Killing all running tasks in stage 16: Stage finished
[2026-08-30T15:12:11.028+0000] {subprocess.py:93} INFO - 26/08/30 15:12:11 INFO DAGScheduler: Job 8 finished: save at NativeMethodAccessorImpl.java:0, took 0.076679 s
[2026-08-30T15:12:11.041+0000] {subprocess.py:93} INFO - Data successfully written to PostgreSQL.
[2026-08-30T15:12:11.042+0000] {subprocess.py:93} INFO - 26/08/30 15:12:11 INFO SparkContext: SparkContext is stopping with exitCode 0.
[2026-08-30T15:12:11.053+0000] {subprocess.py:93} INFO - 26/08/30 15:12:11 INFO SparkUI: Stopped Spark web UI at http://39dc60076c10:4040
[2026-08-30T15:12:11.056+0000] {subprocess.py:93} INFO - 26/08/30 15:12:11 INFO StandaloneSchedulerBackend: Shutting down all executors
[2026-08-30T15:12:11.057+0000] {subprocess.py:93} INFO - 26/08/30 15:12:11 INFO StandaloneSchedulerBackend$StandaloneDriverEndpoint: Asking each executor to shut down
[2026-08-30T15:12:11.070+0000] {subprocess.py:93} INFO - 26/08/30 15:12:11 INFO MapOutputTrackerMasterEndpoint: MapOutputTrackerMasterEndpoint stopped!
[2026-08-30T15:12:11.084+0000] {subprocess.py:93} INFO - 26/08/30 15:12:11 INFO MemoryStore: MemoryStore cleared
[2026-08-30T15:12:11.085+0000] {subprocess.py:93} INFO - 26/08/30 15:12:11 INFO BlockManager: BlockManager stopped
[2026-08-30T15:12:11.087+0000] {subprocess.py:93} INFO - 26/08/30 15:12:11 INFO BlockManagerMaster: BlockManagerMaster stopped
[2026-08-30T15:12:11.091+0000] {subprocess.py:93} INFO - 26/08/30 15:12:11 INFO OutputCommitCoordinator$OutputCommitCoordinatorEndpoint: OutputCommitCoordinator stopped!
[2026-08-30T15:12:11.101+0000] {subprocess.py:93} INFO - 26/08/30 15:12:11 INFO SparkContext: Successfully stopped SparkContext
[2026-08-30T15:12:11.247+0000] {subprocess.py:93} INFO - 26/08/30 15:12:11 INFO ShutdownHookManager: Shutdown hook called
[2026-08-30T15:12:11.248+0000] {subprocess.py:93} INFO - 26/08/30 15:12:11 INFO ShutdownHookManager: Deleting directory /tmp/spark-824ce4cb-89a4-4c83-a959-cf8adcc7e5ef
[2026-08-30T15:12:11.250+0000] {subprocess.py:93} INFO - 26/08/30 15:12:11 INFO ShutdownHookManager: Deleting directory /tmp/spark-2b23d605-9812-44d7-85aa-058b48af8e03/pyspark-c9b7270d-44d1-4456-ab4a-ff0ae501480a
[2026-08-30T15:12:11.253+0000] {subprocess.py:93} INFO - 26/08/30 15:12:11 INFO ShutdownHookManager: Deleting directory /tmp/spark-2b23d605-9812-44d7-85aa-058b48af8e03
[2026-08-30T15:12:11.282+0000] {subprocess.py:97} INFO - Command exited with return code 0
[2026-08-30T15:12:11.303+0000] {taskinstance.py:1138} INFO - Marking task as SUCCESS. dag_id=nyc_taxi_pipeline, task_id=submit_spark_transformation, execution_date=20260830T151154, start_date=20260830T151156, end_date=20260830T151211
[2026-08-30T15:12:11.329+0000] {local_task_job_runner.py:234} INFO - Task exited with return code 0
[2026-08-30T15:12:11.340+0000] {taskinstance.py:3280} INFO - 0 downstream tasks scheduled from follow-on schedule check
