[2026-08-30T14:31:24.542+0000] {taskinstance.py:1956} INFO - Dependencies all met for dep_context=non-requeueable deps ti=<TaskInstance: nyc_taxi_pipeline.submit_spark_transformation manual__2026-08-30T14:31:22.729427+00:00 [queued]>
[2026-08-30T14:31:24.551+0000] {taskinstance.py:1956} INFO - Dependencies all met for dep_context=requeueable deps ti=<TaskInstance: nyc_taxi_pipeline.submit_spark_transformation manual__2026-08-30T14:31:22.729427+00:00 [queued]>
[2026-08-30T14:31:24.552+0000] {taskinstance.py:2170} INFO - Starting attempt 1 of 2
[2026-08-30T14:31:24.568+0000] {taskinstance.py:2191} INFO - Executing <Task(BashOperator): submit_spark_transformation> on 2026-08-30 14:31:22.729427+00:00
[2026-08-30T14:31:24.572+0000] {standard_task_runner.py:60} INFO - Started process 431 to run task
[2026-08-30T14:31:24.575+0000] {standard_task_runner.py:87} INFO - Running: ['airflow', 'tasks', 'run', 'nyc_taxi_pipeline', 'submit_spark_transformation', 'manual__2026-08-30T14:31:22.729427+00:00', '--job-id', '9', '--raw', '--subdir', 'DAGS_FOLDER/nyc_taxi_pipeline.py', '--cfg-path', '/tmp/tmp76f0vobx']
[2026-08-30T14:31:24.578+0000] {standard_task_runner.py:88} INFO - Job 9: Subtask submit_spark_transformation
[2026-08-30T14:31:24.631+0000] {task_command.py:423} INFO - Running <TaskInstance: nyc_taxi_pipeline.submit_spark_transformation manual__2026-08-30T14:31:22.729427+00:00 [running]> on host 898d937843e4
[2026-08-30T14:31:24.714+0000] {taskinstance.py:2480} INFO - Exporting env vars: AIRFLOW_CTX_DAG_OWNER='admin' AIRFLOW_CTX_DAG_ID='nyc_taxi_pipeline' AIRFLOW_CTX_TASK_ID='submit_spark_transformation' AIRFLOW_CTX_EXECUTION_DATE='2026-08-30T14:31:22.729427+00:00' AIRFLOW_CTX_TRY_NUMBER='1' AIRFLOW_CTX_DAG_RUN_ID='manual__2026-08-30T14:31:22.729427+00:00'
[2026-08-30T14:31:24.716+0000] {subprocess.py:63} INFO - Tmp dir root location: /tmp
[2026-08-30T14:31:24.717+0000] {subprocess.py:75} INFO - Running command: ['/usr/bin/bash', '-c', 'spark-submit --master spark://spark-master:7077 --packages org.postgresql:postgresql:42.7.3 /opt/spark/jobs/transform.py']
[2026-08-30T14:31:24.725+0000] {subprocess.py:86} INFO - Output:
[2026-08-30T14:31:24.734+0000] {subprocess.py:93} INFO - /opt/spark/bin/load-spark-env.sh: line 68: ps: command not found
[2026-08-30T14:31:26.417+0000] {subprocess.py:93} INFO - :: loading settings :: url = jar:file:/opt/spark-3.5.1-bin-hadoop3/jars/ivy-2.5.1.jar!/org/apache/ivy/core/settings/ivysettings.xml
[2026-08-30T14:31:26.520+0000] {subprocess.py:93} INFO - Ivy Default Cache set to: /home/airflow/.ivy2/cache
[2026-08-30T14:31:26.521+0000] {subprocess.py:93} INFO - The jars for the packages stored in: /home/airflow/.ivy2/jars
[2026-08-30T14:31:26.527+0000] {subprocess.py:93} INFO - org.postgresql#postgresql added as a dependency
[2026-08-30T14:31:26.529+0000] {subprocess.py:93} INFO - :: resolving dependencies :: org.apache.spark#spark-submit-parent-87f3fbf3-755a-489e-897a-651b32283dd9;1.0
[2026-08-30T14:31:26.530+0000] {subprocess.py:93} INFO - 	confs: [default]
[2026-08-30T14:31:26.663+0000] {subprocess.py:93} INFO - 	found org.postgresql#postgresql;42.7.3 in central
[2026-08-30T14:31:26.692+0000] {subprocess.py:93} INFO - 	found org.checkerframework#checker-qual;3.42.0 in central
[2026-08-30T14:31:26.715+0000] {subprocess.py:93} INFO - :: resolution report :: resolve 178ms :: artifacts dl 9ms
[2026-08-30T14:31:26.717+0000] {subprocess.py:93} INFO - 	:: modules in use:
[2026-08-30T14:31:26.718+0000] {subprocess.py:93} INFO - 	org.checkerframework#checker-qual;3.42.0 from central in [default]
[2026-08-30T14:31:26.719+0000] {subprocess.py:93} INFO - 	org.postgresql#postgresql;42.7.3 from central in [default]
[2026-08-30T14:31:26.721+0000] {subprocess.py:93} INFO - 	---------------------------------------------------------------------
[2026-08-30T14:31:26.722+0000] {subprocess.py:93} INFO - 	|                  |            modules            ||   artifacts   |
[2026-08-30T14:31:26.724+0000] {subprocess.py:93} INFO - 	|       conf       | number| search|dwnlded|evicted|| number|dwnlded|
[2026-08-30T14:31:26.725+0000] {subprocess.py:93} INFO - 	---------------------------------------------------------------------
[2026-08-30T14:31:26.726+0000] {subprocess.py:93} INFO - 	|      default     |   2   |   0   |   0   |   0   ||   2   |   0   |
[2026-08-30T14:31:26.727+0000] {subprocess.py:93} INFO - 	---------------------------------------------------------------------
[2026-08-30T14:31:26.729+0000] {subprocess.py:93} INFO - :: retrieving :: org.apache.spark#spark-submit-parent-87f3fbf3-755a-489e-897a-651b32283dd9
[2026-08-30T14:31:26.730+0000] {subprocess.py:93} INFO - 	confs: [default]
[2026-08-30T14:31:26.731+0000] {subprocess.py:93} INFO - 	0 artifacts copied, 2 already retrieved (0kB/6ms)
[2026-08-30T14:31:26.972+0000] {subprocess.py:93} INFO - 26/08/30 14:31:26 WARN NativeCodeLoader: Unable to load native-hadoop library for your platform... using builtin-java classes where applicable
[2026-08-30T14:31:27.932+0000] {subprocess.py:93} INFO - 26/08/30 14:31:27 INFO SparkContext: Running Spark version 3.5.1
[2026-08-30T14:31:27.933+0000] {subprocess.py:93} INFO - 26/08/30 14:31:27 INFO SparkContext: OS info Linux, 6.18.33.2-microsoft-standard-WSL2, amd64
[2026-08-30T14:31:27.934+0000] {subprocess.py:93} INFO - 26/08/30 14:31:27 INFO SparkContext: Java version 17.0.20.1
[2026-08-30T14:31:27.952+0000] {subprocess.py:93} INFO - 26/08/30 14:31:27 INFO ResourceUtils: ==============================================================
[2026-08-30T14:31:27.953+0000] {subprocess.py:93} INFO - 26/08/30 14:31:27 INFO ResourceUtils: No custom resources configured for spark.driver.
[2026-08-30T14:31:27.954+0000] {subprocess.py:93} INFO - 26/08/30 14:31:27 INFO ResourceUtils: ==============================================================
[2026-08-30T14:31:27.955+0000] {subprocess.py:93} INFO - 26/08/30 14:31:27 INFO SparkContext: Submitted application: NYCTaxiDataCleaning
[2026-08-30T14:31:27.975+0000] {subprocess.py:93} INFO - 26/08/30 14:31:27 INFO ResourceProfile: Default ResourceProfile created, executor resources: Map(memory -> name: memory, amount: 1024, script: , vendor: , offHeap -> name: offHeap, amount: 0, script: , vendor: ), task resources: Map(cpus -> name: cpus, amount: 1.0)
[2026-08-30T14:31:27.984+0000] {subprocess.py:93} INFO - 26/08/30 14:31:27 INFO ResourceProfile: Limiting resource is cpu
[2026-08-30T14:31:27.985+0000] {subprocess.py:93} INFO - 26/08/30 14:31:27 INFO ResourceProfileManager: Added ResourceProfile id: 0
[2026-08-30T14:31:28.041+0000] {subprocess.py:93} INFO - 26/08/30 14:31:28 INFO SecurityManager: Changing view acls to: airflow
[2026-08-30T14:31:28.042+0000] {subprocess.py:93} INFO - 26/08/30 14:31:28 INFO SecurityManager: Changing modify acls to: airflow
[2026-08-30T14:31:28.043+0000] {subprocess.py:93} INFO - 26/08/30 14:31:28 INFO SecurityManager: Changing view acls groups to:
[2026-08-30T14:31:28.044+0000] {subprocess.py:93} INFO - 26/08/30 14:31:28 INFO SecurityManager: Changing modify acls groups to:
[2026-08-30T14:31:28.045+0000] {subprocess.py:93} INFO - 26/08/30 14:31:28 INFO SecurityManager: SecurityManager: authentication disabled; ui acls disabled; users with view permissions: airflow; groups with view permissions: EMPTY; users with modify permissions: airflow; groups with modify permissions: EMPTY
[2026-08-30T14:31:28.273+0000] {subprocess.py:93} INFO - 26/08/30 14:31:28 INFO Utils: Successfully started service 'sparkDriver' on port 37603.
[2026-08-30T14:31:28.299+0000] {subprocess.py:93} INFO - 26/08/30 14:31:28 INFO SparkEnv: Registering MapOutputTracker
[2026-08-30T14:31:28.346+0000] {subprocess.py:93} INFO - 26/08/30 14:31:28 INFO SparkEnv: Registering BlockManagerMaster
[2026-08-30T14:31:28.363+0000] {subprocess.py:93} INFO - 26/08/30 14:31:28 INFO BlockManagerMasterEndpoint: Using org.apache.spark.storage.DefaultTopologyMapper for getting topology information
[2026-08-30T14:31:28.365+0000] {subprocess.py:93} INFO - 26/08/30 14:31:28 INFO BlockManagerMasterEndpoint: BlockManagerMasterEndpoint up
[2026-08-30T14:31:28.368+0000] {subprocess.py:93} INFO - 26/08/30 14:31:28 INFO SparkEnv: Registering BlockManagerMasterHeartbeat
[2026-08-30T14:31:28.387+0000] {subprocess.py:93} INFO - 26/08/30 14:31:28 INFO DiskBlockManager: Created local directory at /tmp/blockmgr-73b3467b-5c0d-4607-b61a-43d19cce63b6
[2026-08-30T14:31:28.399+0000] {subprocess.py:93} INFO - 26/08/30 14:31:28 INFO MemoryStore: MemoryStore started with capacity 434.4 MiB
[2026-08-30T14:31:28.415+0000] {subprocess.py:93} INFO - 26/08/30 14:31:28 INFO SparkEnv: Registering OutputCommitCoordinator
[2026-08-30T14:31:28.532+0000] {subprocess.py:93} INFO - 26/08/30 14:31:28 INFO JettyUtils: Start Jetty 0.0.0.0:4040 for SparkUI
[2026-08-30T14:31:28.592+0000] {subprocess.py:93} INFO - 26/08/30 14:31:28 INFO Utils: Successfully started service 'SparkUI' on port 4040.
[2026-08-30T14:31:28.634+0000] {subprocess.py:93} INFO - 26/08/30 14:31:28 INFO SparkContext: Added JAR file:///home/airflow/.ivy2/jars/org.postgresql_postgresql-42.7.3.jar at spark://898d937843e4:37603/jars/org.postgresql_postgresql-42.7.3.jar with timestamp 1788100287926
[2026-08-30T14:31:28.635+0000] {subprocess.py:93} INFO - 26/08/30 14:31:28 INFO SparkContext: Added JAR file:///home/airflow/.ivy2/jars/org.checkerframework_checker-qual-3.42.0.jar at spark://898d937843e4:37603/jars/org.checkerframework_checker-qual-3.42.0.jar with timestamp 1788100287926
[2026-08-30T14:31:28.639+0000] {subprocess.py:93} INFO - 26/08/30 14:31:28 INFO SparkContext: Added file file:///home/airflow/.ivy2/jars/org.postgresql_postgresql-42.7.3.jar at spark://898d937843e4:37603/files/org.postgresql_postgresql-42.7.3.jar with timestamp 1788100287926
[2026-08-30T14:31:28.640+0000] {subprocess.py:93} INFO - 26/08/30 14:31:28 INFO Utils: Copying /home/airflow/.ivy2/jars/org.postgresql_postgresql-42.7.3.jar to /tmp/spark-84509c52-d41d-46e3-8378-c1c67a562993/userFiles-82afdabb-9119-451d-99a7-33f09dc9ec1c/org.postgresql_postgresql-42.7.3.jar
[2026-08-30T14:31:28.652+0000] {subprocess.py:93} INFO - 26/08/30 14:31:28 INFO SparkContext: Added file file:///home/airflow/.ivy2/jars/org.checkerframework_checker-qual-3.42.0.jar at spark://898d937843e4:37603/files/org.checkerframework_checker-qual-3.42.0.jar with timestamp 1788100287926
[2026-08-30T14:31:28.653+0000] {subprocess.py:93} INFO - 26/08/30 14:31:28 INFO Utils: Copying /home/airflow/.ivy2/jars/org.checkerframework_checker-qual-3.42.0.jar to /tmp/spark-84509c52-d41d-46e3-8378-c1c67a562993/userFiles-82afdabb-9119-451d-99a7-33f09dc9ec1c/org.checkerframework_checker-qual-3.42.0.jar
[2026-08-30T14:31:28.730+0000] {subprocess.py:93} INFO - 26/08/30 14:31:28 INFO StandaloneAppClient$ClientEndpoint: Connecting to master spark://spark-master:7077...
[2026-08-30T14:31:28.772+0000] {subprocess.py:93} INFO - 26/08/30 14:31:28 INFO TransportClientFactory: Successfully created connection to spark-master/172.18.0.3:7077 after 26 ms (0 ms spent in bootstraps)
[2026-08-30T14:31:28.859+0000] {subprocess.py:93} INFO - 26/08/30 14:31:28 INFO StandaloneSchedulerBackend: Connected to Spark cluster with app ID app-20260830143128-0001
[2026-08-30T14:31:28.861+0000] {subprocess.py:93} INFO - 26/08/30 14:31:28 INFO StandaloneAppClient$ClientEndpoint: Executor added: app-20260830143128-0001/0 on worker-20260830142808-172.18.0.6-37019 (172.18.0.6:37019) with 2 core(s)
[2026-08-30T14:31:28.864+0000] {subprocess.py:93} INFO - 26/08/30 14:31:28 INFO StandaloneSchedulerBackend: Granted executor ID app-20260830143128-0001/0 on hostPort 172.18.0.6:37019 with 2 core(s), 1024.0 MiB RAM
[2026-08-30T14:31:28.866+0000] {subprocess.py:93} INFO - 26/08/30 14:31:28 INFO Utils: Successfully started service 'org.apache.spark.network.netty.NettyBlockTransferService' on port 41229.
[2026-08-30T14:31:28.868+0000] {subprocess.py:93} INFO - 26/08/30 14:31:28 INFO NettyBlockTransferService: Server created on 898d937843e4:41229
[2026-08-30T14:31:28.869+0000] {subprocess.py:93} INFO - 26/08/30 14:31:28 INFO BlockManager: Using org.apache.spark.storage.RandomBlockReplicationPolicy for block replication policy
[2026-08-30T14:31:28.878+0000] {subprocess.py:93} INFO - 26/08/30 14:31:28 INFO BlockManagerMaster: Registering BlockManager BlockManagerId(driver, 898d937843e4, 41229, None)
[2026-08-30T14:31:28.883+0000] {subprocess.py:93} INFO - 26/08/30 14:31:28 INFO BlockManagerMasterEndpoint: Registering block manager 898d937843e4:41229 with 434.4 MiB RAM, BlockManagerId(driver, 898d937843e4, 41229, None)
[2026-08-30T14:31:28.887+0000] {subprocess.py:93} INFO - 26/08/30 14:31:28 INFO BlockManagerMaster: Registered BlockManager BlockManagerId(driver, 898d937843e4, 41229, None)
[2026-08-30T14:31:28.889+0000] {subprocess.py:93} INFO - 26/08/30 14:31:28 INFO BlockManager: Initialized BlockManager: BlockManagerId(driver, 898d937843e4, 41229, None)
[2026-08-30T14:31:28.900+0000] {subprocess.py:93} INFO - 26/08/30 14:31:28 INFO StandaloneAppClient$ClientEndpoint: Executor updated: app-20260830143128-0001/0 is now RUNNING
[2026-08-30T14:31:29.203+0000] {subprocess.py:93} INFO - 26/08/30 14:31:29 INFO StandaloneSchedulerBackend: SchedulerBackend is ready for scheduling beginning after reached minRegisteredResourcesRatio: 0.0
[2026-08-30T14:31:29.411+0000] {subprocess.py:93} INFO - 26/08/30 14:31:29 INFO SharedState: Setting hive.metastore.warehouse.dir ('null') to the value of spark.sql.warehouse.dir.
[2026-08-30T14:31:29.414+0000] {subprocess.py:93} INFO - 26/08/30 14:31:29 INFO SharedState: Warehouse path is 'file:/tmp/airflowtmpjs3g65p4/spark-warehouse'.
[2026-08-30T14:31:30.571+0000] {subprocess.py:93} INFO - Traceback (most recent call last):
[2026-08-30T14:31:30.572+0000] {subprocess.py:93} INFO -   File "/opt/spark-3.5.1-bin-hadoop3/jobs/transform.py", line 8, in <module>
[2026-08-30T14:31:30.576+0000] {subprocess.py:93} INFO -     df = spark.read.parquet("/opt/spark/data/raw/yellow_tripdata_2024-01.parquet")
[2026-08-30T14:31:30.577+0000] {subprocess.py:93} INFO -          ^^^^^^^^^^^^^^^^^^^^^^^^^^^^^^^^^^^^^^^^^^^^^^^^^^^^^^^^^^^^^^^^^^^^^^^^^
[2026-08-30T14:31:30.578+0000] {subprocess.py:93} INFO -   File "/opt/spark/python/lib/pyspark.zip/pyspark/sql/readwriter.py", line 544, in parquet
[2026-08-30T14:31:30.580+0000] {subprocess.py:93} INFO -   File "/opt/spark/python/lib/py4j-0.10.9.7-src.zip/py4j/java_gateway.py", line 1322, in __call__
[2026-08-30T14:31:30.581+0000] {subprocess.py:93} INFO -   File "/opt/spark/python/lib/pyspark.zip/pyspark/errors/exceptions/captured.py", line 185, in deco
[2026-08-30T14:31:30.585+0000] {subprocess.py:93} INFO - pyspark.errors.exceptions.captured.AnalysisException: [PATH_NOT_FOUND] Path does not exist: file:/opt/spark/data/raw/yellow_tripdata_2024-01.parquet.
[2026-08-30T14:31:30.633+0000] {subprocess.py:93} INFO - 26/08/30 14:31:30 INFO SparkContext: Invoking stop() from shutdown hook
[2026-08-30T14:31:30.634+0000] {subprocess.py:93} INFO - 26/08/30 14:31:30 INFO SparkContext: SparkContext is stopping with exitCode 0.
[2026-08-30T14:31:30.644+0000] {subprocess.py:93} INFO - 26/08/30 14:31:30 INFO SparkUI: Stopped Spark web UI at http://898d937843e4:4040
[2026-08-30T14:31:30.648+0000] {subprocess.py:93} INFO - 26/08/30 14:31:30 INFO StandaloneSchedulerBackend: Shutting down all executors
[2026-08-30T14:31:30.652+0000] {subprocess.py:93} INFO - 26/08/30 14:31:30 INFO StandaloneSchedulerBackend$StandaloneDriverEndpoint: Asking each executor to shut down
[2026-08-30T14:31:30.671+0000] {subprocess.py:93} INFO - 26/08/30 14:31:30 INFO MapOutputTrackerMasterEndpoint: MapOutputTrackerMasterEndpoint stopped!
[2026-08-30T14:31:30.687+0000] {subprocess.py:93} INFO - 26/08/30 14:31:30 INFO MemoryStore: MemoryStore cleared
[2026-08-30T14:31:30.689+0000] {subprocess.py:93} INFO - 26/08/30 14:31:30 INFO BlockManager: BlockManager stopped
[2026-08-30T14:31:30.693+0000] {subprocess.py:93} INFO - 26/08/30 14:31:30 INFO BlockManagerMaster: BlockManagerMaster stopped
[2026-08-30T14:31:30.697+0000] {subprocess.py:93} INFO - 26/08/30 14:31:30 INFO OutputCommitCoordinator$OutputCommitCoordinatorEndpoint: OutputCommitCoordinator stopped!
[2026-08-30T14:31:30.710+0000] {subprocess.py:93} INFO - 26/08/30 14:31:30 INFO SparkContext: Successfully stopped SparkContext
[2026-08-30T14:31:30.711+0000] {subprocess.py:93} INFO - 26/08/30 14:31:30 INFO ShutdownHookManager: Shutdown hook called
[2026-08-30T14:31:30.712+0000] {subprocess.py:93} INFO - 26/08/30 14:31:30 INFO ShutdownHookManager: Deleting directory /tmp/spark-84509c52-d41d-46e3-8378-c1c67a562993
[2026-08-30T14:31:30.715+0000] {subprocess.py:93} INFO - 26/08/30 14:31:30 INFO ShutdownHookManager: Deleting directory /tmp/spark-84509c52-d41d-46e3-8378-c1c67a562993/pyspark-31623fc5-e494-4f37-a40f-44ef934e39e1
[2026-08-30T14:31:30.719+0000] {subprocess.py:93} INFO - 26/08/30 14:31:30 INFO ShutdownHookManager: Deleting directory /tmp/spark-86588221-cfb0-4174-be33-c16494ab2520
[2026-08-30T14:31:30.759+0000] {subprocess.py:97} INFO - Command exited with return code 1
[2026-08-30T14:31:30.771+0000] {taskinstance.py:2698} ERROR - Task failed with exception
Traceback (most recent call last):
  File "/home/airflow/.local/lib/python3.11/site-packages/airflow/models/taskinstance.py", line 433, in _execute_task
    result = execute_callable(context=context, **execute_callable_kwargs)
             ^^^^^^^^^^^^^^^^^^^^^^^^^^^^^^^^^^^^^^^^^^^^^^^^^^^^^^^^^^^^
  File "/home/airflow/.local/lib/python3.11/site-packages/airflow/operators/bash.py", line 212, in execute
    raise AirflowException(
airflow.exceptions.AirflowException: Bash command failed. The command returned a non-zero exit code 1.
[2026-08-30T14:31:30.776+0000] {taskinstance.py:1138} INFO - Marking task as UP_FOR_RETRY. dag_id=nyc_taxi_pipeline, task_id=submit_spark_transformation, execution_date=20260830T143122, start_date=20260830T143124, end_date=20260830T143130
[2026-08-30T14:31:30.793+0000] {standard_task_runner.py:107} ERROR - Failed to execute job 9 for task submit_spark_transformation (Bash command failed. The command returned a non-zero exit code 1.; 431)
[2026-08-30T14:31:30.822+0000] {local_task_job_runner.py:234} INFO - Task exited with return code 1
[2026-08-30T14:31:30.840+0000] {taskinstance.py:3280} INFO - 0 downstream tasks scheduled from follow-on schedule check
