[2026-08-30T14:32:31.893+0000] {taskinstance.py:1956} INFO - Dependencies all met for dep_context=non-requeueable deps ti=<TaskInstance: nyc_taxi_pipeline.submit_spark_transformation manual__2026-08-30T14:31:22.729427+00:00 [queued]>
[2026-08-30T14:32:31.901+0000] {taskinstance.py:1956} INFO - Dependencies all met for dep_context=requeueable deps ti=<TaskInstance: nyc_taxi_pipeline.submit_spark_transformation manual__2026-08-30T14:31:22.729427+00:00 [queued]>
[2026-08-30T14:32:31.902+0000] {taskinstance.py:2170} INFO - Starting attempt 2 of 2
[2026-08-30T14:32:31.915+0000] {taskinstance.py:2191} INFO - Executing <Task(BashOperator): submit_spark_transformation> on 2026-08-30 14:31:22.729427+00:00
[2026-08-30T14:32:31.919+0000] {standard_task_runner.py:60} INFO - Started process 865 to run task
[2026-08-30T14:32:31.922+0000] {standard_task_runner.py:87} INFO - Running: ['airflow', 'tasks', 'run', 'nyc_taxi_pipeline', 'submit_spark_transformation', 'manual__2026-08-30T14:31:22.729427+00:00', '--job-id', '11', '--raw', '--subdir', 'DAGS_FOLDER/nyc_taxi_pipeline.py', '--cfg-path', '/tmp/tmpe_85fxwi']
[2026-08-30T14:32:31.924+0000] {standard_task_runner.py:88} INFO - Job 11: Subtask submit_spark_transformation
[2026-08-30T14:32:31.976+0000] {task_command.py:423} INFO - Running <TaskInstance: nyc_taxi_pipeline.submit_spark_transformation manual__2026-08-30T14:31:22.729427+00:00 [running]> on host 898d937843e4
[2026-08-30T14:32:32.047+0000] {taskinstance.py:2480} INFO - Exporting env vars: AIRFLOW_CTX_DAG_OWNER='admin' AIRFLOW_CTX_DAG_ID='nyc_taxi_pipeline' AIRFLOW_CTX_TASK_ID='submit_spark_transformation' AIRFLOW_CTX_EXECUTION_DATE='2026-08-30T14:31:22.729427+00:00' AIRFLOW_CTX_TRY_NUMBER='2' AIRFLOW_CTX_DAG_RUN_ID='manual__2026-08-30T14:31:22.729427+00:00'
[2026-08-30T14:32:32.049+0000] {subprocess.py:63} INFO - Tmp dir root location: /tmp
[2026-08-30T14:32:32.050+0000] {subprocess.py:75} INFO - Running command: ['/usr/bin/bash', '-c', 'spark-submit --master spark://spark-master:7077 --packages org.postgresql:postgresql:42.7.3 /opt/spark/jobs/transform.py']
[2026-08-30T14:32:32.060+0000] {subprocess.py:86} INFO - Output:
[2026-08-30T14:32:32.068+0000] {subprocess.py:93} INFO - /opt/spark/bin/load-spark-env.sh: line 68: ps: command not found
[2026-08-30T14:32:33.614+0000] {subprocess.py:93} INFO - :: loading settings :: url = jar:file:/opt/spark-3.5.1-bin-hadoop3/jars/ivy-2.5.1.jar!/org/apache/ivy/core/settings/ivysettings.xml
[2026-08-30T14:32:33.689+0000] {subprocess.py:93} INFO - Ivy Default Cache set to: /home/airflow/.ivy2/cache
[2026-08-30T14:32:33.691+0000] {subprocess.py:93} INFO - The jars for the packages stored in: /home/airflow/.ivy2/jars
[2026-08-30T14:32:33.695+0000] {subprocess.py:93} INFO - org.postgresql#postgresql added as a dependency
[2026-08-30T14:32:33.696+0000] {subprocess.py:93} INFO - :: resolving dependencies :: org.apache.spark#spark-submit-parent-61c4b86c-dc72-48ec-8d44-6d9efd436c02;1.0
[2026-08-30T14:32:33.697+0000] {subprocess.py:93} INFO - 	confs: [default]
[2026-08-30T14:32:33.786+0000] {subprocess.py:93} INFO - 	found org.postgresql#postgresql;42.7.3 in central
[2026-08-30T14:32:33.812+0000] {subprocess.py:93} INFO - 	found org.checkerframework#checker-qual;3.42.0 in central
[2026-08-30T14:32:33.832+0000] {subprocess.py:93} INFO - :: resolution report :: resolve 130ms :: artifacts dl 6ms
[2026-08-30T14:32:33.833+0000] {subprocess.py:93} INFO - 	:: modules in use:
[2026-08-30T14:32:33.834+0000] {subprocess.py:93} INFO - 	org.checkerframework#checker-qual;3.42.0 from central in [default]
[2026-08-30T14:32:33.835+0000] {subprocess.py:93} INFO - 	org.postgresql#postgresql;42.7.3 from central in [default]
[2026-08-30T14:32:33.837+0000] {subprocess.py:93} INFO - 	---------------------------------------------------------------------
[2026-08-30T14:32:33.837+0000] {subprocess.py:93} INFO - 	|                  |            modules            ||   artifacts   |
[2026-08-30T14:32:33.839+0000] {subprocess.py:93} INFO - 	|       conf       | number| search|dwnlded|evicted|| number|dwnlded|
[2026-08-30T14:32:33.839+0000] {subprocess.py:93} INFO - 	---------------------------------------------------------------------
[2026-08-30T14:32:33.841+0000] {subprocess.py:93} INFO - 	|      default     |   2   |   0   |   0   |   0   ||   2   |   0   |
[2026-08-30T14:32:33.842+0000] {subprocess.py:93} INFO - 	---------------------------------------------------------------------
[2026-08-30T14:32:33.843+0000] {subprocess.py:93} INFO - :: retrieving :: org.apache.spark#spark-submit-parent-61c4b86c-dc72-48ec-8d44-6d9efd436c02
[2026-08-30T14:32:33.844+0000] {subprocess.py:93} INFO - 	confs: [default]
[2026-08-30T14:32:33.845+0000] {subprocess.py:93} INFO - 	0 artifacts copied, 2 already retrieved (0kB/6ms)
[2026-08-30T14:32:34.080+0000] {subprocess.py:93} INFO - 26/08/30 14:32:34 WARN NativeCodeLoader: Unable to load native-hadoop library for your platform... using builtin-java classes where applicable
[2026-08-30T14:32:35.061+0000] {subprocess.py:93} INFO - 26/08/30 14:32:35 INFO SparkContext: Running Spark version 3.5.1
[2026-08-30T14:32:35.062+0000] {subprocess.py:93} INFO - 26/08/30 14:32:35 INFO SparkContext: OS info Linux, 6.18.33.2-microsoft-standard-WSL2, amd64
[2026-08-30T14:32:35.063+0000] {subprocess.py:93} INFO - 26/08/30 14:32:35 INFO SparkContext: Java version 17.0.20.1
[2026-08-30T14:32:35.087+0000] {subprocess.py:93} INFO - 26/08/30 14:32:35 INFO ResourceUtils: ==============================================================
[2026-08-30T14:32:35.088+0000] {subprocess.py:93} INFO - 26/08/30 14:32:35 INFO ResourceUtils: No custom resources configured for spark.driver.
[2026-08-30T14:32:35.089+0000] {subprocess.py:93} INFO - 26/08/30 14:32:35 INFO ResourceUtils: ==============================================================
[2026-08-30T14:32:35.090+0000] {subprocess.py:93} INFO - 26/08/30 14:32:35 INFO SparkContext: Submitted application: NYCTaxiDataCleaning
[2026-08-30T14:32:35.114+0000] {subprocess.py:93} INFO - 26/08/30 14:32:35 INFO ResourceProfile: Default ResourceProfile created, executor resources: Map(memory -> name: memory, amount: 1024, script: , vendor: , offHeap -> name: offHeap, amount: 0, script: , vendor: ), task resources: Map(cpus -> name: cpus, amount: 1.0)
[2026-08-30T14:32:35.122+0000] {subprocess.py:93} INFO - 26/08/30 14:32:35 INFO ResourceProfile: Limiting resource is cpu
[2026-08-30T14:32:35.124+0000] {subprocess.py:93} INFO - 26/08/30 14:32:35 INFO ResourceProfileManager: Added ResourceProfile id: 0
[2026-08-30T14:32:35.181+0000] {subprocess.py:93} INFO - 26/08/30 14:32:35 INFO SecurityManager: Changing view acls to: airflow
[2026-08-30T14:32:35.183+0000] {subprocess.py:93} INFO - 26/08/30 14:32:35 INFO SecurityManager: Changing modify acls to: airflow
[2026-08-30T14:32:35.183+0000] {subprocess.py:93} INFO - 26/08/30 14:32:35 INFO SecurityManager: Changing view acls groups to:
[2026-08-30T14:32:35.185+0000] {subprocess.py:93} INFO - 26/08/30 14:32:35 INFO SecurityManager: Changing modify acls groups to:
[2026-08-30T14:32:35.186+0000] {subprocess.py:93} INFO - 26/08/30 14:32:35 INFO SecurityManager: SecurityManager: authentication disabled; ui acls disabled; users with view permissions: airflow; groups with view permissions: EMPTY; users with modify permissions: airflow; groups with modify permissions: EMPTY
[2026-08-30T14:32:35.422+0000] {subprocess.py:93} INFO - 26/08/30 14:32:35 INFO Utils: Successfully started service 'sparkDriver' on port 40691.
[2026-08-30T14:32:35.449+0000] {subprocess.py:93} INFO - 26/08/30 14:32:35 INFO SparkEnv: Registering MapOutputTracker
[2026-08-30T14:32:35.480+0000] {subprocess.py:93} INFO - 26/08/30 14:32:35 INFO SparkEnv: Registering BlockManagerMaster
[2026-08-30T14:32:35.501+0000] {subprocess.py:93} INFO - 26/08/30 14:32:35 INFO BlockManagerMasterEndpoint: Using org.apache.spark.storage.DefaultTopologyMapper for getting topology information
[2026-08-30T14:32:35.502+0000] {subprocess.py:93} INFO - 26/08/30 14:32:35 INFO BlockManagerMasterEndpoint: BlockManagerMasterEndpoint up
[2026-08-30T14:32:35.505+0000] {subprocess.py:93} INFO - 26/08/30 14:32:35 INFO SparkEnv: Registering BlockManagerMasterHeartbeat
[2026-08-30T14:32:35.522+0000] {subprocess.py:93} INFO - 26/08/30 14:32:35 INFO DiskBlockManager: Created local directory at /tmp/blockmgr-c47aff9e-ca36-4bdd-939e-4888b54b2415
[2026-08-30T14:32:35.533+0000] {subprocess.py:93} INFO - 26/08/30 14:32:35 INFO MemoryStore: MemoryStore started with capacity 434.4 MiB
[2026-08-30T14:32:35.546+0000] {subprocess.py:93} INFO - 26/08/30 14:32:35 INFO SparkEnv: Registering OutputCommitCoordinator
[2026-08-30T14:32:35.651+0000] {subprocess.py:93} INFO - 26/08/30 14:32:35 INFO JettyUtils: Start Jetty 0.0.0.0:4040 for SparkUI
[2026-08-30T14:32:35.707+0000] {subprocess.py:93} INFO - 26/08/30 14:32:35 INFO Utils: Successfully started service 'SparkUI' on port 4040.
[2026-08-30T14:32:35.746+0000] {subprocess.py:93} INFO - 26/08/30 14:32:35 INFO SparkContext: Added JAR file:///home/airflow/.ivy2/jars/org.postgresql_postgresql-42.7.3.jar at spark://898d937843e4:40691/jars/org.postgresql_postgresql-42.7.3.jar with timestamp 1788100355053
[2026-08-30T14:32:35.748+0000] {subprocess.py:93} INFO - 26/08/30 14:32:35 INFO SparkContext: Added JAR file:///home/airflow/.ivy2/jars/org.checkerframework_checker-qual-3.42.0.jar at spark://898d937843e4:40691/jars/org.checkerframework_checker-qual-3.42.0.jar with timestamp 1788100355053
[2026-08-30T14:32:35.752+0000] {subprocess.py:93} INFO - 26/08/30 14:32:35 INFO SparkContext: Added file file:///home/airflow/.ivy2/jars/org.postgresql_postgresql-42.7.3.jar at spark://898d937843e4:40691/files/org.postgresql_postgresql-42.7.3.jar with timestamp 1788100355053
[2026-08-30T14:32:35.753+0000] {subprocess.py:93} INFO - 26/08/30 14:32:35 INFO Utils: Copying /home/airflow/.ivy2/jars/org.postgresql_postgresql-42.7.3.jar to /tmp/spark-f38c25b1-a012-4721-a820-da24dc061b05/userFiles-5b323a22-9b7c-43fb-bdbd-24a958d1dd02/org.postgresql_postgresql-42.7.3.jar
[2026-08-30T14:32:35.763+0000] {subprocess.py:93} INFO - 26/08/30 14:32:35 INFO SparkContext: Added file file:///home/airflow/.ivy2/jars/org.checkerframework_checker-qual-3.42.0.jar at spark://898d937843e4:40691/files/org.checkerframework_checker-qual-3.42.0.jar with timestamp 1788100355053
[2026-08-30T14:32:35.765+0000] {subprocess.py:93} INFO - 26/08/30 14:32:35 INFO Utils: Copying /home/airflow/.ivy2/jars/org.checkerframework_checker-qual-3.42.0.jar to /tmp/spark-f38c25b1-a012-4721-a820-da24dc061b05/userFiles-5b323a22-9b7c-43fb-bdbd-24a958d1dd02/org.checkerframework_checker-qual-3.42.0.jar
[2026-08-30T14:32:35.836+0000] {subprocess.py:93} INFO - 26/08/30 14:32:35 INFO StandaloneAppClient$ClientEndpoint: Connecting to master spark://spark-master:7077...
[2026-08-30T14:32:35.876+0000] {subprocess.py:93} INFO - 26/08/30 14:32:35 INFO TransportClientFactory: Successfully created connection to spark-master/172.18.0.3:7077 after 24 ms (0 ms spent in bootstraps)
[2026-08-30T14:32:35.951+0000] {subprocess.py:93} INFO - 26/08/30 14:32:35 INFO StandaloneSchedulerBackend: Connected to Spark cluster with app ID app-20260830143235-0003
[2026-08-30T14:32:35.953+0000] {subprocess.py:93} INFO - 26/08/30 14:32:35 INFO StandaloneAppClient$ClientEndpoint: Executor added: app-20260830143235-0003/0 on worker-20260830142808-172.18.0.6-37019 (172.18.0.6:37019) with 2 core(s)
[2026-08-30T14:32:35.956+0000] {subprocess.py:93} INFO - 26/08/30 14:32:35 INFO StandaloneSchedulerBackend: Granted executor ID app-20260830143235-0003/0 on hostPort 172.18.0.6:37019 with 2 core(s), 1024.0 MiB RAM
[2026-08-30T14:32:35.961+0000] {subprocess.py:93} INFO - 26/08/30 14:32:35 INFO Utils: Successfully started service 'org.apache.spark.network.netty.NettyBlockTransferService' on port 33671.
[2026-08-30T14:32:35.962+0000] {subprocess.py:93} INFO - 26/08/30 14:32:35 INFO NettyBlockTransferService: Server created on 898d937843e4:33671
[2026-08-30T14:32:35.964+0000] {subprocess.py:93} INFO - 26/08/30 14:32:35 INFO BlockManager: Using org.apache.spark.storage.RandomBlockReplicationPolicy for block replication policy
[2026-08-30T14:32:35.973+0000] {subprocess.py:93} INFO - 26/08/30 14:32:35 INFO BlockManagerMaster: Registering BlockManager BlockManagerId(driver, 898d937843e4, 33671, None)
[2026-08-30T14:32:35.977+0000] {subprocess.py:93} INFO - 26/08/30 14:32:35 INFO BlockManagerMasterEndpoint: Registering block manager 898d937843e4:33671 with 434.4 MiB RAM, BlockManagerId(driver, 898d937843e4, 33671, None)
[2026-08-30T14:32:35.980+0000] {subprocess.py:93} INFO - 26/08/30 14:32:35 INFO BlockManagerMaster: Registered BlockManager BlockManagerId(driver, 898d937843e4, 33671, None)
[2026-08-30T14:32:35.982+0000] {subprocess.py:93} INFO - 26/08/30 14:32:35 INFO BlockManager: Initialized BlockManager: BlockManagerId(driver, 898d937843e4, 33671, None)
[2026-08-30T14:32:35.992+0000] {subprocess.py:93} INFO - 26/08/30 14:32:35 INFO StandaloneAppClient$ClientEndpoint: Executor updated: app-20260830143235-0003/0 is now RUNNING
[2026-08-30T14:32:36.229+0000] {subprocess.py:93} INFO - 26/08/30 14:32:36 INFO StandaloneSchedulerBackend: SchedulerBackend is ready for scheduling beginning after reached minRegisteredResourcesRatio: 0.0
[2026-08-30T14:32:36.420+0000] {subprocess.py:93} INFO - 26/08/30 14:32:36 INFO SharedState: Setting hive.metastore.warehouse.dir ('null') to the value of spark.sql.warehouse.dir.
[2026-08-30T14:32:36.425+0000] {subprocess.py:93} INFO - 26/08/30 14:32:36 INFO SharedState: Warehouse path is 'file:/tmp/airflowtmp3cxysc60/spark-warehouse'.
[2026-08-30T14:32:37.638+0000] {subprocess.py:93} INFO - Traceback (most recent call last):
[2026-08-30T14:32:37.639+0000] {subprocess.py:93} INFO -   File "/opt/spark-3.5.1-bin-hadoop3/jobs/transform.py", line 8, in <module>
[2026-08-30T14:32:37.643+0000] {subprocess.py:93} INFO -     df = spark.read.parquet("/opt/spark/data/raw/yellow_tripdata_2024-01.parquet")
[2026-08-30T14:32:37.644+0000] {subprocess.py:93} INFO -          ^^^^^^^^^^^^^^^^^^^^^^^^^^^^^^^^^^^^^^^^^^^^^^^^^^^^^^^^^^^^^^^^^^^^^^^^^
[2026-08-30T14:32:37.645+0000] {subprocess.py:93} INFO -   File "/opt/spark/python/lib/pyspark.zip/pyspark/sql/readwriter.py", line 544, in parquet
[2026-08-30T14:32:37.646+0000] {subprocess.py:93} INFO -   File "/opt/spark/python/lib/py4j-0.10.9.7-src.zip/py4j/java_gateway.py", line 1322, in __call__
[2026-08-30T14:32:37.648+0000] {subprocess.py:93} INFO -   File "/opt/spark/python/lib/pyspark.zip/pyspark/errors/exceptions/captured.py", line 185, in deco
[2026-08-30T14:32:37.654+0000] {subprocess.py:93} INFO - pyspark.errors.exceptions.captured.AnalysisException: [PATH_NOT_FOUND] Path does not exist: file:/opt/spark/data/raw/yellow_tripdata_2024-01.parquet.
[2026-08-30T14:32:37.704+0000] {subprocess.py:93} INFO - 26/08/30 14:32:37 INFO SparkContext: Invoking stop() from shutdown hook
[2026-08-30T14:32:37.706+0000] {subprocess.py:93} INFO - 26/08/30 14:32:37 INFO SparkContext: SparkContext is stopping with exitCode 0.
[2026-08-30T14:32:37.717+0000] {subprocess.py:93} INFO - 26/08/30 14:32:37 INFO SparkUI: Stopped Spark web UI at http://898d937843e4:4040
[2026-08-30T14:32:37.721+0000] {subprocess.py:93} INFO - 26/08/30 14:32:37 INFO StandaloneSchedulerBackend: Shutting down all executors
[2026-08-30T14:32:37.724+0000] {subprocess.py:93} INFO - 26/08/30 14:32:37 INFO StandaloneSchedulerBackend$StandaloneDriverEndpoint: Asking each executor to shut down
[2026-08-30T14:32:37.743+0000] {subprocess.py:93} INFO - 26/08/30 14:32:37 INFO MapOutputTrackerMasterEndpoint: MapOutputTrackerMasterEndpoint stopped!
[2026-08-30T14:32:37.759+0000] {subprocess.py:93} INFO - 26/08/30 14:32:37 INFO MemoryStore: MemoryStore cleared
[2026-08-30T14:32:37.760+0000] {subprocess.py:93} INFO - 26/08/30 14:32:37 INFO BlockManager: BlockManager stopped
[2026-08-30T14:32:37.765+0000] {subprocess.py:93} INFO - 26/08/30 14:32:37 INFO BlockManagerMaster: BlockManagerMaster stopped
[2026-08-30T14:32:37.768+0000] {subprocess.py:93} INFO - 26/08/30 14:32:37 INFO OutputCommitCoordinator$OutputCommitCoordinatorEndpoint: OutputCommitCoordinator stopped!
[2026-08-30T14:32:37.780+0000] {subprocess.py:93} INFO - 26/08/30 14:32:37 INFO SparkContext: Successfully stopped SparkContext
[2026-08-30T14:32:37.781+0000] {subprocess.py:93} INFO - 26/08/30 14:32:37 INFO ShutdownHookManager: Shutdown hook called
[2026-08-30T14:32:37.782+0000] {subprocess.py:93} INFO - 26/08/30 14:32:37 INFO ShutdownHookManager: Deleting directory /tmp/spark-db22fee1-8711-40ba-b3f9-932aba415c09
[2026-08-30T14:32:37.787+0000] {subprocess.py:93} INFO - 26/08/30 14:32:37 INFO ShutdownHookManager: Deleting directory /tmp/spark-f38c25b1-a012-4721-a820-da24dc061b05
[2026-08-30T14:32:37.792+0000] {subprocess.py:93} INFO - 26/08/30 14:32:37 INFO ShutdownHookManager: Deleting directory /tmp/spark-f38c25b1-a012-4721-a820-da24dc061b05/pyspark-1e4ff252-1e22-4895-ab83-48aa976fac81
[2026-08-30T14:32:37.826+0000] {subprocess.py:97} INFO - Command exited with return code 1
[2026-08-30T14:32:37.838+0000] {taskinstance.py:2698} ERROR - Task failed with exception
Traceback (most recent call last):
  File "/home/airflow/.local/lib/python3.11/site-packages/airflow/models/taskinstance.py", line 433, in _execute_task
    result = execute_callable(context=context, **execute_callable_kwargs)
             ^^^^^^^^^^^^^^^^^^^^^^^^^^^^^^^^^^^^^^^^^^^^^^^^^^^^^^^^^^^^
  File "/home/airflow/.local/lib/python3.11/site-packages/airflow/operators/bash.py", line 212, in execute
    raise AirflowException(
airflow.exceptions.AirflowException: Bash command failed. The command returned a non-zero exit code 1.
[2026-08-30T14:32:37.843+0000] {taskinstance.py:1138} INFO - Marking task as FAILED. dag_id=nyc_taxi_pipeline, task_id=submit_spark_transformation, execution_date=20260830T143122, start_date=20260830T143231, end_date=20260830T143237
[2026-08-30T14:32:37.859+0000] {standard_task_runner.py:107} ERROR - Failed to execute job 11 for task submit_spark_transformation (Bash command failed. The command returned a non-zero exit code 1.; 865)
[2026-08-30T14:32:37.894+0000] {local_task_job_runner.py:234} INFO - Task exited with return code 1
[2026-08-30T14:32:37.911+0000] {taskinstance.py:3280} INFO - 0 downstream tasks scheduled from follow-on schedule check
