[2026-08-30T16:12:06.609+0000] {taskinstance.py:1956} INFO - Dependencies all met for dep_context=non-requeueable deps ti=<TaskInstance: nyc_taxi_pipeline.submit_spark_transformation manual__2026-08-30T16:12:02.597084+00:00 [queued]>
[2026-08-30T16:12:06.646+0000] {taskinstance.py:1956} INFO - Dependencies all met for dep_context=requeueable deps ti=<TaskInstance: nyc_taxi_pipeline.submit_spark_transformation manual__2026-08-30T16:12:02.597084+00:00 [queued]>
[2026-08-30T16:12:06.650+0000] {taskinstance.py:2170} INFO - Starting attempt 1 of 2
[2026-08-30T16:12:06.717+0000] {taskinstance.py:2191} INFO - Executing <Task(BashOperator): submit_spark_transformation> on 2026-08-30 16:12:02.597084+00:00
[2026-08-30T16:12:06.747+0000] {standard_task_runner.py:60} INFO - Started process 1427 to run task
[2026-08-30T16:12:06.751+0000] {standard_task_runner.py:87} INFO - Running: ['airflow', 'tasks', 'run', 'nyc_taxi_pipeline', 'submit_spark_transformation', 'manual__2026-08-30T16:12:02.597084+00:00', '--job-id', '14', '--raw', '--subdir', 'DAGS_FOLDER/nyc_taxi_pipeline.py', '--cfg-path', '/tmp/tmpodbzufqb']
[2026-08-30T16:12:06.757+0000] {standard_task_runner.py:88} INFO - Job 14: Subtask submit_spark_transformation
[2026-08-30T16:12:06.907+0000] {task_command.py:423} INFO - Running <TaskInstance: nyc_taxi_pipeline.submit_spark_transformation manual__2026-08-30T16:12:02.597084+00:00 [running]> on host 39dc60076c10
[2026-08-30T16:12:07.275+0000] {taskinstance.py:2480} INFO - Exporting env vars: AIRFLOW_CTX_DAG_OWNER='admin' AIRFLOW_CTX_DAG_ID='nyc_taxi_pipeline' AIRFLOW_CTX_TASK_ID='submit_spark_transformation' AIRFLOW_CTX_EXECUTION_DATE='2026-08-30T16:12:02.597084+00:00' AIRFLOW_CTX_TRY_NUMBER='1' AIRFLOW_CTX_DAG_RUN_ID='manual__2026-08-30T16:12:02.597084+00:00'
[2026-08-30T16:12:07.284+0000] {subprocess.py:63} INFO - Tmp dir root location: /tmp
[2026-08-30T16:12:07.291+0000] {subprocess.py:75} INFO - Running command: ['/usr/bin/bash', '-c', 'spark-submit --master spark://spark-master:7077 --packages org.postgresql:postgresql:42.7.3 /opt/spark/jobs/transform.py']
[2026-08-30T16:12:07.336+0000] {subprocess.py:86} INFO - Output:
[2026-08-30T16:12:07.422+0000] {subprocess.py:93} INFO - /opt/spark/bin/load-spark-env.sh: line 68: ps: command not found
[2026-08-30T16:12:14.984+0000] {subprocess.py:93} INFO - :: loading settings :: url = jar:file:/opt/spark-3.5.1-bin-hadoop3/jars/ivy-2.5.1.jar!/org/apache/ivy/core/settings/ivysettings.xml
[2026-08-30T16:12:15.133+0000] {subprocess.py:93} INFO - Ivy Default Cache set to: /home/airflow/.ivy2/cache
[2026-08-30T16:12:15.134+0000] {subprocess.py:93} INFO - The jars for the packages stored in: /home/airflow/.ivy2/jars
[2026-08-30T16:12:15.141+0000] {subprocess.py:93} INFO - org.postgresql#postgresql added as a dependency
[2026-08-30T16:12:15.142+0000] {subprocess.py:93} INFO - :: resolving dependencies :: org.apache.spark#spark-submit-parent-14125319-6798-45c1-9ffa-51d3e9acb047;1.0
[2026-08-30T16:12:15.143+0000] {subprocess.py:93} INFO - 	confs: [default]
[2026-08-30T16:12:15.292+0000] {subprocess.py:93} INFO - 	found org.postgresql#postgresql;42.7.3 in central
[2026-08-30T16:12:15.331+0000] {subprocess.py:93} INFO - 	found org.checkerframework#checker-qual;3.42.0 in central
[2026-08-30T16:12:15.357+0000] {subprocess.py:93} INFO - :: resolution report :: resolve 206ms :: artifacts dl 9ms
[2026-08-30T16:12:15.359+0000] {subprocess.py:93} INFO - 	:: modules in use:
[2026-08-30T16:12:15.360+0000] {subprocess.py:93} INFO - 	org.checkerframework#checker-qual;3.42.0 from central in [default]
[2026-08-30T16:12:15.362+0000] {subprocess.py:93} INFO - 	org.postgresql#postgresql;42.7.3 from central in [default]
[2026-08-30T16:12:15.363+0000] {subprocess.py:93} INFO - 	---------------------------------------------------------------------
[2026-08-30T16:12:15.364+0000] {subprocess.py:93} INFO - 	|                  |            modules            ||   artifacts   |
[2026-08-30T16:12:15.365+0000] {subprocess.py:93} INFO - 	|       conf       | number| search|dwnlded|evicted|| number|dwnlded|
[2026-08-30T16:12:15.366+0000] {subprocess.py:93} INFO - 	---------------------------------------------------------------------
[2026-08-30T16:12:15.367+0000] {subprocess.py:93} INFO - 	|      default     |   2   |   0   |   0   |   0   ||   2   |   0   |
[2026-08-30T16:12:15.369+0000] {subprocess.py:93} INFO - 	---------------------------------------------------------------------
[2026-08-30T16:12:15.370+0000] {subprocess.py:93} INFO - :: retrieving :: org.apache.spark#spark-submit-parent-14125319-6798-45c1-9ffa-51d3e9acb047
[2026-08-30T16:12:15.371+0000] {subprocess.py:93} INFO - 	confs: [default]
[2026-08-30T16:12:15.376+0000] {subprocess.py:93} INFO - 	0 artifacts copied, 2 already retrieved (0kB/9ms)
[2026-08-30T16:12:15.760+0000] {subprocess.py:93} INFO - 26/08/30 16:12:15 WARN NativeCodeLoader: Unable to load native-hadoop library for your platform... using builtin-java classes where applicable
[2026-08-30T16:12:20.197+0000] {subprocess.py:93} INFO - 26/08/30 16:12:20 INFO SparkContext: Running Spark version 3.5.1
[2026-08-30T16:12:20.200+0000] {subprocess.py:93} INFO - 26/08/30 16:12:20 INFO SparkContext: OS info Linux, 6.18.33.2-microsoft-standard-WSL2, amd64
[2026-08-30T16:12:20.202+0000] {subprocess.py:93} INFO - 26/08/30 16:12:20 INFO SparkContext: Java version 17.0.20.1
[2026-08-30T16:12:20.291+0000] {subprocess.py:93} INFO - 26/08/30 16:12:20 INFO ResourceUtils: ==============================================================
[2026-08-30T16:12:20.293+0000] {subprocess.py:93} INFO - 26/08/30 16:12:20 INFO ResourceUtils: No custom resources configured for spark.driver.
[2026-08-30T16:12:20.294+0000] {subprocess.py:93} INFO - 26/08/30 16:12:20 INFO ResourceUtils: ==============================================================
[2026-08-30T16:12:20.296+0000] {subprocess.py:93} INFO - 26/08/30 16:12:20 INFO SparkContext: Submitted application: NYCTaxiDataCleaning
[2026-08-30T16:12:20.327+0000] {subprocess.py:93} INFO - 26/08/30 16:12:20 INFO ResourceProfile: Default ResourceProfile created, executor resources: Map(memory -> name: memory, amount: 1024, script: , vendor: , offHeap -> name: offHeap, amount: 0, script: , vendor: ), task resources: Map(cpus -> name: cpus, amount: 1.0)
[2026-08-30T16:12:20.335+0000] {subprocess.py:93} INFO - 26/08/30 16:12:20 INFO ResourceProfile: Limiting resource is cpu
[2026-08-30T16:12:20.337+0000] {subprocess.py:93} INFO - 26/08/30 16:12:20 INFO ResourceProfileManager: Added ResourceProfile id: 0
[2026-08-30T16:12:20.627+0000] {subprocess.py:93} INFO - 26/08/30 16:12:20 INFO SecurityManager: Changing view acls to: airflow
[2026-08-30T16:12:20.632+0000] {subprocess.py:93} INFO - 26/08/30 16:12:20 INFO SecurityManager: Changing modify acls to: airflow
[2026-08-30T16:12:20.636+0000] {subprocess.py:93} INFO - 26/08/30 16:12:20 INFO SecurityManager: Changing view acls groups to:
[2026-08-30T16:12:20.643+0000] {subprocess.py:93} INFO - 26/08/30 16:12:20 INFO SecurityManager: Changing modify acls groups to:
[2026-08-30T16:12:20.646+0000] {subprocess.py:93} INFO - 26/08/30 16:12:20 INFO SecurityManager: SecurityManager: authentication disabled; ui acls disabled; users with view permissions: airflow; groups with view permissions: EMPTY; users with modify permissions: airflow; groups with modify permissions: EMPTY
[2026-08-30T16:12:21.856+0000] {subprocess.py:93} INFO - 26/08/30 16:12:21 INFO Utils: Successfully started service 'sparkDriver' on port 42217.
[2026-08-30T16:12:22.113+0000] {subprocess.py:93} INFO - 26/08/30 16:12:22 INFO SparkEnv: Registering MapOutputTracker
[2026-08-30T16:12:22.347+0000] {subprocess.py:93} INFO - 26/08/30 16:12:22 INFO SparkEnv: Registering BlockManagerMaster
[2026-08-30T16:12:22.399+0000] {subprocess.py:93} INFO - 26/08/30 16:12:22 INFO BlockManagerMasterEndpoint: Using org.apache.spark.storage.DefaultTopologyMapper for getting topology information
[2026-08-30T16:12:22.400+0000] {subprocess.py:93} INFO - 26/08/30 16:12:22 INFO BlockManagerMasterEndpoint: BlockManagerMasterEndpoint up
[2026-08-30T16:12:22.404+0000] {subprocess.py:93} INFO - 26/08/30 16:12:22 INFO SparkEnv: Registering BlockManagerMasterHeartbeat
[2026-08-30T16:12:22.438+0000] {subprocess.py:93} INFO - 26/08/30 16:12:22 INFO DiskBlockManager: Created local directory at /tmp/blockmgr-7d6a4944-87b6-4cbc-aab7-30dfeff74a92
[2026-08-30T16:12:22.476+0000] {subprocess.py:93} INFO - 26/08/30 16:12:22 INFO MemoryStore: MemoryStore started with capacity 434.4 MiB
[2026-08-30T16:12:22.549+0000] {subprocess.py:93} INFO - 26/08/30 16:12:22 INFO SparkEnv: Registering OutputCommitCoordinator
[2026-08-30T16:12:23.187+0000] {subprocess.py:93} INFO - 26/08/30 16:12:23 INFO JettyUtils: Start Jetty 0.0.0.0:4040 for SparkUI
[2026-08-30T16:12:23.488+0000] {subprocess.py:93} INFO - 26/08/30 16:12:23 INFO Utils: Successfully started service 'SparkUI' on port 4040.
[2026-08-30T16:12:23.531+0000] {subprocess.py:93} INFO - 26/08/30 16:12:23 INFO SparkContext: Added JAR file:///home/airflow/.ivy2/jars/org.postgresql_postgresql-42.7.3.jar at spark://39dc60076c10:42217/jars/org.postgresql_postgresql-42.7.3.jar with timestamp 1788106340164
[2026-08-30T16:12:23.532+0000] {subprocess.py:93} INFO - 26/08/30 16:12:23 INFO SparkContext: Added JAR file:///home/airflow/.ivy2/jars/org.checkerframework_checker-qual-3.42.0.jar at spark://39dc60076c10:42217/jars/org.checkerframework_checker-qual-3.42.0.jar with timestamp 1788106340164
[2026-08-30T16:12:23.537+0000] {subprocess.py:93} INFO - 26/08/30 16:12:23 INFO SparkContext: Added file file:///home/airflow/.ivy2/jars/org.postgresql_postgresql-42.7.3.jar at spark://39dc60076c10:42217/files/org.postgresql_postgresql-42.7.3.jar with timestamp 1788106340164
[2026-08-30T16:12:23.539+0000] {subprocess.py:93} INFO - 26/08/30 16:12:23 INFO Utils: Copying /home/airflow/.ivy2/jars/org.postgresql_postgresql-42.7.3.jar to /tmp/spark-12947720-c7aa-4438-acfb-1c97f9e726a6/userFiles-a475b206-d0f8-4c39-8414-4402965f3923/org.postgresql_postgresql-42.7.3.jar
[2026-08-30T16:12:23.654+0000] {subprocess.py:93} INFO - 26/08/30 16:12:23 INFO SparkContext: Added file file:///home/airflow/.ivy2/jars/org.checkerframework_checker-qual-3.42.0.jar at spark://39dc60076c10:42217/files/org.checkerframework_checker-qual-3.42.0.jar with timestamp 1788106340164
[2026-08-30T16:12:23.658+0000] {subprocess.py:93} INFO - 26/08/30 16:12:23 INFO Utils: Copying /home/airflow/.ivy2/jars/org.checkerframework_checker-qual-3.42.0.jar to /tmp/spark-12947720-c7aa-4438-acfb-1c97f9e726a6/userFiles-a475b206-d0f8-4c39-8414-4402965f3923/org.checkerframework_checker-qual-3.42.0.jar
[2026-08-30T16:12:24.070+0000] {subprocess.py:93} INFO - 26/08/30 16:12:24 INFO StandaloneAppClient$ClientEndpoint: Connecting to master spark://spark-master:7077...
[2026-08-30T16:12:24.170+0000] {subprocess.py:93} INFO - 26/08/30 16:12:24 INFO TransportClientFactory: Successfully created connection to spark-master/172.18.0.3:7077 after 35 ms (0 ms spent in bootstraps)
[2026-08-30T16:12:24.613+0000] {subprocess.py:93} INFO - 26/08/30 16:12:24 INFO StandaloneSchedulerBackend: Connected to Spark cluster with app ID app-20260830161224-0005
[2026-08-30T16:12:24.630+0000] {subprocess.py:93} INFO - 26/08/30 16:12:24 INFO StandaloneAppClient$ClientEndpoint: Executor added: app-20260830161224-0005/0 on worker-20260830142808-172.18.0.6-37019 (172.18.0.6:37019) with 2 core(s)
[2026-08-30T16:12:24.635+0000] {subprocess.py:93} INFO - 26/08/30 16:12:24 INFO StandaloneSchedulerBackend: Granted executor ID app-20260830161224-0005/0 on hostPort 172.18.0.6:37019 with 2 core(s), 1024.0 MiB RAM
[2026-08-30T16:12:24.656+0000] {subprocess.py:93} INFO - 26/08/30 16:12:24 INFO Utils: Successfully started service 'org.apache.spark.network.netty.NettyBlockTransferService' on port 38019.
[2026-08-30T16:12:24.661+0000] {subprocess.py:93} INFO - 26/08/30 16:12:24 INFO NettyBlockTransferService: Server created on 39dc60076c10:38019
[2026-08-30T16:12:24.664+0000] {subprocess.py:93} INFO - 26/08/30 16:12:24 INFO BlockManager: Using org.apache.spark.storage.RandomBlockReplicationPolicy for block replication policy
[2026-08-30T16:12:24.703+0000] {subprocess.py:93} INFO - 26/08/30 16:12:24 INFO BlockManagerMaster: Registering BlockManager BlockManagerId(driver, 39dc60076c10, 38019, None)
[2026-08-30T16:12:24.719+0000] {subprocess.py:93} INFO - 26/08/30 16:12:24 INFO BlockManagerMasterEndpoint: Registering block manager 39dc60076c10:38019 with 434.4 MiB RAM, BlockManagerId(driver, 39dc60076c10, 38019, None)
[2026-08-30T16:12:24.724+0000] {subprocess.py:93} INFO - 26/08/30 16:12:24 INFO BlockManagerMaster: Registered BlockManager BlockManagerId(driver, 39dc60076c10, 38019, None)
[2026-08-30T16:12:24.728+0000] {subprocess.py:93} INFO - 26/08/30 16:12:24 INFO BlockManager: Initialized BlockManager: BlockManagerId(driver, 39dc60076c10, 38019, None)
[2026-08-30T16:12:25.105+0000] {subprocess.py:93} INFO - 26/08/30 16:12:25 INFO StandaloneAppClient$ClientEndpoint: Executor updated: app-20260830161224-0005/0 is now RUNNING
[2026-08-30T16:12:25.182+0000] {subprocess.py:93} INFO - 26/08/30 16:12:25 INFO StandaloneSchedulerBackend: SchedulerBackend is ready for scheduling beginning after reached minRegisteredResourcesRatio: 0.0
[2026-08-30T16:12:25.444+0000] {subprocess.py:93} INFO - 26/08/30 16:12:25 INFO SharedState: Setting hive.metastore.warehouse.dir ('null') to the value of spark.sql.warehouse.dir.
[2026-08-30T16:12:25.446+0000] {subprocess.py:93} INFO - 26/08/30 16:12:25 INFO SharedState: Warehouse path is 'file:/tmp/airflowtmp47bbfwnt/spark-warehouse'.
[2026-08-30T16:12:26.474+0000] {subprocess.py:93} INFO - 26/08/30 16:12:26 INFO InMemoryFileIndex: It took 49 ms to list leaf files for 1 paths.
[2026-08-30T16:12:26.937+0000] {subprocess.py:93} INFO - 26/08/30 16:12:26 INFO SparkContext: Starting job: parquet at NativeMethodAccessorImpl.java:0
[2026-08-30T16:12:26.957+0000] {subprocess.py:93} INFO - 26/08/30 16:12:26 INFO DAGScheduler: Got job 0 (parquet at NativeMethodAccessorImpl.java:0) with 1 output partitions
[2026-08-30T16:12:26.958+0000] {subprocess.py:93} INFO - 26/08/30 16:12:26 INFO DAGScheduler: Final stage: ResultStage 0 (parquet at NativeMethodAccessorImpl.java:0)
[2026-08-30T16:12:26.959+0000] {subprocess.py:93} INFO - 26/08/30 16:12:26 INFO DAGScheduler: Parents of final stage: List()
[2026-08-30T16:12:26.960+0000] {subprocess.py:93} INFO - 26/08/30 16:12:26 INFO DAGScheduler: Missing parents: List()
[2026-08-30T16:12:26.966+0000] {subprocess.py:93} INFO - 26/08/30 16:12:26 INFO DAGScheduler: Submitting ResultStage 0 (MapPartitionsRDD[1] at parquet at NativeMethodAccessorImpl.java:0), which has no missing parents
[2026-08-30T16:12:27.044+0000] {subprocess.py:93} INFO - 26/08/30 16:12:27 INFO MemoryStore: Block broadcast_0 stored as values in memory (estimated size 104.4 KiB, free 434.3 MiB)
[2026-08-30T16:12:27.145+0000] {subprocess.py:93} INFO - 26/08/30 16:12:27 INFO MemoryStore: Block broadcast_0_piece0 stored as bytes in memory (estimated size 37.7 KiB, free 434.3 MiB)
[2026-08-30T16:12:27.163+0000] {subprocess.py:93} INFO - 26/08/30 16:12:27 INFO BlockManagerInfo: Added broadcast_0_piece0 in memory on 39dc60076c10:38019 (size: 37.7 KiB, free: 434.4 MiB)
[2026-08-30T16:12:27.177+0000] {subprocess.py:93} INFO - 26/08/30 16:12:27 INFO SparkContext: Created broadcast 0 from broadcast at DAGScheduler.scala:1585
[2026-08-30T16:12:27.295+0000] {subprocess.py:93} INFO - 26/08/30 16:12:27 INFO DAGScheduler: Submitting 1 missing tasks from ResultStage 0 (MapPartitionsRDD[1] at parquet at NativeMethodAccessorImpl.java:0) (first 15 tasks are for partitions Vector(0))
[2026-08-30T16:12:27.310+0000] {subprocess.py:93} INFO - 26/08/30 16:12:27 INFO TaskSchedulerImpl: Adding task set 0.0 with 1 tasks resource profile 0
[2026-08-30T16:12:34.878+0000] {subprocess.py:93} INFO - 26/08/30 16:12:34 INFO StandaloneSchedulerBackend$StandaloneDriverEndpoint: Registered executor NettyRpcEndpointRef(spark-client://Executor) (172.18.0.6:60942) with ID 0,  ResourceProfileId 0
[2026-08-30T16:12:35.188+0000] {subprocess.py:93} INFO - 26/08/30 16:12:35 INFO BlockManagerMasterEndpoint: Registering block manager 172.18.0.6:42879 with 434.4 MiB RAM, BlockManagerId(0, 172.18.0.6, 42879, None)
[2026-08-30T16:12:36.106+0000] {subprocess.py:93} INFO - 26/08/30 16:12:36 INFO TaskSetManager: Starting task 0.0 in stage 0.0 (TID 0) (172.18.0.6, executor 0, partition 0, PROCESS_LOCAL, 8228 bytes)
[2026-08-30T16:12:36.752+0000] {subprocess.py:93} INFO - 26/08/30 16:12:36 INFO BlockManagerInfo: Added broadcast_0_piece0 in memory on 172.18.0.6:42879 (size: 37.7 KiB, free: 434.4 MiB)
[2026-08-30T16:12:40.163+0000] {subprocess.py:93} INFO - 26/08/30 16:12:40 INFO TaskSetManager: Finished task 0.0 in stage 0.0 (TID 0) in 4149 ms on 172.18.0.6 (executor 0) (1/1)
[2026-08-30T16:12:40.175+0000] {subprocess.py:93} INFO - 26/08/30 16:12:40 INFO TaskSchedulerImpl: Removed TaskSet 0.0, whose tasks have all completed, from pool
[2026-08-30T16:12:40.183+0000] {subprocess.py:93} INFO - 26/08/30 16:12:40 INFO DAGScheduler: ResultStage 0 (parquet at NativeMethodAccessorImpl.java:0) finished in 13.198 s
[2026-08-30T16:12:40.199+0000] {subprocess.py:93} INFO - 26/08/30 16:12:40 INFO DAGScheduler: Job 0 is finished. Cancelling potential speculative or zombie tasks for this job
[2026-08-30T16:12:40.206+0000] {subprocess.py:93} INFO - 26/08/30 16:12:40 INFO TaskSchedulerImpl: Killing all running tasks in stage 0: Stage finished
[2026-08-30T16:12:40.213+0000] {subprocess.py:93} INFO - 26/08/30 16:12:40 INFO DAGScheduler: Job 0 finished: parquet at NativeMethodAccessorImpl.java:0, took 13.277545 s
[2026-08-30T16:12:43.290+0000] {subprocess.py:93} INFO - 26/08/30 16:12:43 INFO BlockManagerInfo: Removed broadcast_0_piece0 on 39dc60076c10:38019 in memory (size: 37.7 KiB, free: 434.4 MiB)
[2026-08-30T16:12:43.304+0000] {subprocess.py:93} INFO - 26/08/30 16:12:43 INFO BlockManagerInfo: Removed broadcast_0_piece0 on 172.18.0.6:42879 in memory (size: 37.7 KiB, free: 434.4 MiB)
[2026-08-30T16:12:47.193+0000] {subprocess.py:93} INFO - 26/08/30 16:12:47 INFO FileSourceStrategy: Pushed Filters: IsNotNull(passenger_count),IsNotNull(trip_distance),IsNotNull(total_amount),IsNotNull(tpep_pickup_datetime),GreaterThan(passenger_count,0),GreaterThan(trip_distance,0.0),GreaterThan(total_amount,0.0)
[2026-08-30T16:12:47.199+0000] {subprocess.py:93} INFO - 26/08/30 16:12:47 INFO FileSourceStrategy: Post-Scan Filters: isnotnull(passenger_count#3L),isnotnull(trip_distance#4),isnotnull(total_amount#16),isnotnull(tpep_pickup_datetime#1),(passenger_count#3L > 0),(trip_distance#4 > 0.0),(total_amount#16 > 0.0),(year(cast(tpep_pickup_datetime#1 as date)) = 2024)
[2026-08-30T16:12:49.201+0000] {subprocess.py:93} INFO - 26/08/30 16:12:49 INFO CodeGenerator: Code generated in 1016.838257 ms
[2026-08-30T16:12:49.364+0000] {subprocess.py:93} INFO - 26/08/30 16:12:49 INFO MemoryStore: Block broadcast_1 stored as values in memory (estimated size 202.9 KiB, free 434.2 MiB)
[2026-08-30T16:12:49.407+0000] {subprocess.py:93} INFO - 26/08/30 16:12:49 INFO MemoryStore: Block broadcast_1_piece0 stored as bytes in memory (estimated size 35.5 KiB, free 434.2 MiB)
[2026-08-30T16:12:49.410+0000] {subprocess.py:93} INFO - 26/08/30 16:12:49 INFO BlockManagerInfo: Added broadcast_1_piece0 in memory on 39dc60076c10:38019 (size: 35.5 KiB, free: 434.4 MiB)
[2026-08-30T16:12:49.414+0000] {subprocess.py:93} INFO - 26/08/30 16:12:49 INFO SparkContext: Created broadcast 1 from save at NativeMethodAccessorImpl.java:0
[2026-08-30T16:12:49.471+0000] {subprocess.py:93} INFO - 26/08/30 16:12:49 INFO FileSourceScanExec: Planning scan with bin packing, max size: 27077972 bytes, open cost is considered as scanning 4194304 bytes.
[2026-08-30T16:12:49.946+0000] {subprocess.py:93} INFO - 26/08/30 16:12:49 INFO DAGScheduler: Registering RDD 5 (save at NativeMethodAccessorImpl.java:0) as input to shuffle 0
[2026-08-30T16:12:49.975+0000] {subprocess.py:93} INFO - 26/08/30 16:12:49 INFO DAGScheduler: Got map stage job 1 (save at NativeMethodAccessorImpl.java:0) with 2 output partitions
[2026-08-30T16:12:49.988+0000] {subprocess.py:93} INFO - 26/08/30 16:12:49 INFO DAGScheduler: Final stage: ShuffleMapStage 1 (save at NativeMethodAccessorImpl.java:0)
[2026-08-30T16:12:49.996+0000] {subprocess.py:93} INFO - 26/08/30 16:12:49 INFO DAGScheduler: Parents of final stage: List()
[2026-08-30T16:12:50.002+0000] {subprocess.py:93} INFO - 26/08/30 16:12:49 INFO DAGScheduler: Missing parents: List()
[2026-08-30T16:12:50.012+0000] {subprocess.py:93} INFO - 26/08/30 16:12:49 INFO DAGScheduler: Submitting ShuffleMapStage 1 (MapPartitionsRDD[5] at save at NativeMethodAccessorImpl.java:0), which has no missing parents
[2026-08-30T16:12:50.063+0000] {subprocess.py:93} INFO - 26/08/30 16:12:50 INFO MemoryStore: Block broadcast_2 stored as values in memory (estimated size 51.0 KiB, free 434.1 MiB)
[2026-08-30T16:12:50.088+0000] {subprocess.py:93} INFO - 26/08/30 16:12:50 INFO MemoryStore: Block broadcast_2_piece0 stored as bytes in memory (estimated size 21.9 KiB, free 434.1 MiB)
[2026-08-30T16:12:50.095+0000] {subprocess.py:93} INFO - 26/08/30 16:12:50 INFO BlockManagerInfo: Added broadcast_2_piece0 in memory on 39dc60076c10:38019 (size: 21.9 KiB, free: 434.3 MiB)
[2026-08-30T16:12:50.104+0000] {subprocess.py:93} INFO - 26/08/30 16:12:50 INFO SparkContext: Created broadcast 2 from broadcast at DAGScheduler.scala:1585
[2026-08-30T16:12:50.120+0000] {subprocess.py:93} INFO - 26/08/30 16:12:50 INFO DAGScheduler: Submitting 2 missing tasks from ShuffleMapStage 1 (MapPartitionsRDD[5] at save at NativeMethodAccessorImpl.java:0) (first 15 tasks are for partitions Vector(0, 1))
[2026-08-30T16:12:50.124+0000] {subprocess.py:93} INFO - 26/08/30 16:12:50 INFO TaskSchedulerImpl: Adding task set 1.0 with 2 tasks resource profile 0
[2026-08-30T16:12:50.144+0000] {subprocess.py:93} INFO - 26/08/30 16:12:50 INFO TaskSetManager: Starting task 0.0 in stage 1.0 (TID 1) (172.18.0.6, executor 0, partition 0, PROCESS_LOCAL, 8724 bytes)
[2026-08-30T16:12:50.149+0000] {subprocess.py:93} INFO - 26/08/30 16:12:50 INFO TaskSetManager: Starting task 1.0 in stage 1.0 (TID 2) (172.18.0.6, executor 0, partition 1, PROCESS_LOCAL, 8724 bytes)
[2026-08-30T16:12:50.296+0000] {subprocess.py:93} INFO - 26/08/30 16:12:50 INFO BlockManagerInfo: Added broadcast_2_piece0 in memory on 172.18.0.6:42879 (size: 21.9 KiB, free: 434.4 MiB)
[2026-08-30T16:12:54.091+0000] {subprocess.py:93} INFO - 26/08/30 16:12:54 INFO BlockManagerInfo: Added broadcast_1_piece0 in memory on 172.18.0.6:42879 (size: 35.5 KiB, free: 434.3 MiB)
[2026-08-30T16:12:57.549+0000] {subprocess.py:93} INFO - 26/08/30 16:12:57 INFO TaskSetManager: Finished task 1.0 in stage 1.0 (TID 2) in 7404 ms on 172.18.0.6 (executor 0) (1/2)
[2026-08-30T16:12:58.296+0000] {subprocess.py:93} INFO - 26/08/30 16:12:58 INFO TaskSetManager: Finished task 0.0 in stage 1.0 (TID 1) in 8171 ms on 172.18.0.6 (executor 0) (2/2)
[2026-08-30T16:12:58.298+0000] {subprocess.py:93} INFO - 26/08/30 16:12:58 INFO TaskSchedulerImpl: Removed TaskSet 1.0, whose tasks have all completed, from pool
[2026-08-30T16:12:58.302+0000] {subprocess.py:93} INFO - 26/08/30 16:12:58 INFO DAGScheduler: ShuffleMapStage 1 (save at NativeMethodAccessorImpl.java:0) finished in 8.292 s
[2026-08-30T16:12:58.305+0000] {subprocess.py:93} INFO - 26/08/30 16:12:58 INFO DAGScheduler: looking for newly runnable stages
[2026-08-30T16:12:58.308+0000] {subprocess.py:93} INFO - 26/08/30 16:12:58 INFO DAGScheduler: running: Set()
[2026-08-30T16:12:58.310+0000] {subprocess.py:93} INFO - 26/08/30 16:12:58 INFO DAGScheduler: waiting: Set()
[2026-08-30T16:12:58.313+0000] {subprocess.py:93} INFO - 26/08/30 16:12:58 INFO DAGScheduler: failed: Set()
[2026-08-30T16:12:58.381+0000] {subprocess.py:93} INFO - 26/08/30 16:12:58 INFO ShufflePartitionsUtil: For shuffle(0), advisory target size: 67108864, actual target size 1048576, minimum partition size: 1048576
[2026-08-30T16:12:58.449+0000] {subprocess.py:93} INFO - 26/08/30 16:12:58 INFO HashAggregateExec: spark.sql.codegen.aggregate.map.twolevel.enabled is set to true, but current version of codegened fast hashmap does not support this aggregate.
[2026-08-30T16:12:58.603+0000] {subprocess.py:93} INFO - 26/08/30 16:12:58 INFO CodeGenerator: Code generated in 93.841768 ms
[2026-08-30T16:12:58.771+0000] {subprocess.py:93} INFO - 26/08/30 16:12:58 INFO CodeGenerator: Code generated in 14.019361 ms
[2026-08-30T16:12:58.810+0000] {subprocess.py:93} INFO - 26/08/30 16:12:58 INFO SparkContext: Starting job: save at NativeMethodAccessorImpl.java:0
[2026-08-30T16:12:58.813+0000] {subprocess.py:93} INFO - 26/08/30 16:12:58 INFO DAGScheduler: Got job 2 (save at NativeMethodAccessorImpl.java:0) with 1 output partitions
[2026-08-30T16:12:58.815+0000] {subprocess.py:93} INFO - 26/08/30 16:12:58 INFO DAGScheduler: Final stage: ResultStage 3 (save at NativeMethodAccessorImpl.java:0)
[2026-08-30T16:12:58.817+0000] {subprocess.py:93} INFO - 26/08/30 16:12:58 INFO DAGScheduler: Parents of final stage: List(ShuffleMapStage 2)
[2026-08-30T16:12:58.819+0000] {subprocess.py:93} INFO - 26/08/30 16:12:58 INFO DAGScheduler: Missing parents: List()
[2026-08-30T16:12:58.820+0000] {subprocess.py:93} INFO - 26/08/30 16:12:58 INFO DAGScheduler: Submitting ResultStage 3 (MapPartitionsRDD[10] at save at NativeMethodAccessorImpl.java:0), which has no missing parents
[2026-08-30T16:12:58.839+0000] {subprocess.py:93} INFO - 26/08/30 16:12:58 INFO MemoryStore: Block broadcast_3 stored as values in memory (estimated size 54.1 KiB, free 434.0 MiB)
[2026-08-30T16:12:58.843+0000] {subprocess.py:93} INFO - 26/08/30 16:12:58 INFO MemoryStore: Block broadcast_3_piece0 stored as bytes in memory (estimated size 23.8 KiB, free 434.0 MiB)
[2026-08-30T16:12:58.845+0000] {subprocess.py:93} INFO - 26/08/30 16:12:58 INFO BlockManagerInfo: Added broadcast_3_piece0 in memory on 39dc60076c10:38019 (size: 23.8 KiB, free: 434.3 MiB)
[2026-08-30T16:12:58.851+0000] {subprocess.py:93} INFO - 26/08/30 16:12:58 INFO SparkContext: Created broadcast 3 from broadcast at DAGScheduler.scala:1585
[2026-08-30T16:12:58.867+0000] {subprocess.py:93} INFO - 26/08/30 16:12:58 INFO DAGScheduler: Submitting 1 missing tasks from ResultStage 3 (MapPartitionsRDD[10] at save at NativeMethodAccessorImpl.java:0) (first 15 tasks are for partitions Vector(0))
[2026-08-30T16:12:58.873+0000] {subprocess.py:93} INFO - 26/08/30 16:12:58 INFO TaskSchedulerImpl: Adding task set 3.0 with 1 tasks resource profile 0
[2026-08-30T16:12:58.879+0000] {subprocess.py:93} INFO - 26/08/30 16:12:58 INFO TaskSetManager: Starting task 0.0 in stage 3.0 (TID 3) (172.18.0.6, executor 0, partition 0, NODE_LOCAL, 8114 bytes)
[2026-08-30T16:12:58.937+0000] {subprocess.py:93} INFO - 26/08/30 16:12:58 INFO BlockManagerInfo: Added broadcast_3_piece0 in memory on 172.18.0.6:42879 (size: 23.8 KiB, free: 434.3 MiB)
[2026-08-30T16:12:59.242+0000] {subprocess.py:93} INFO - 26/08/30 16:12:59 INFO MapOutputTrackerMasterEndpoint: Asked to send map output locations for shuffle 0 to 172.18.0.6:60942
[2026-08-30T16:12:59.829+0000] {subprocess.py:93} INFO - 26/08/30 16:12:59 INFO TaskSetManager: Finished task 0.0 in stage 3.0 (TID 3) in 957 ms on 172.18.0.6 (executor 0) (1/1)
[2026-08-30T16:12:59.832+0000] {subprocess.py:93} INFO - 26/08/30 16:12:59 INFO TaskSchedulerImpl: Removed TaskSet 3.0, whose tasks have all completed, from pool
[2026-08-30T16:12:59.840+0000] {subprocess.py:93} INFO - 26/08/30 16:12:59 INFO DAGScheduler: ResultStage 3 (save at NativeMethodAccessorImpl.java:0) finished in 0.999 s
[2026-08-30T16:12:59.846+0000] {subprocess.py:93} INFO - 26/08/30 16:12:59 INFO DAGScheduler: Job 2 is finished. Cancelling potential speculative or zombie tasks for this job
[2026-08-30T16:12:59.851+0000] {subprocess.py:93} INFO - 26/08/30 16:12:59 INFO TaskSchedulerImpl: Killing all running tasks in stage 3: Stage finished
[2026-08-30T16:12:59.855+0000] {subprocess.py:93} INFO - 26/08/30 16:12:59 INFO DAGScheduler: Job 2 finished: save at NativeMethodAccessorImpl.java:0, took 1.023629 s
[2026-08-30T16:12:59.861+0000] {subprocess.py:93} INFO - 26/08/30 16:12:59 INFO DAGScheduler: Registering RDD 11 (save at NativeMethodAccessorImpl.java:0) as input to shuffle 1
[2026-08-30T16:12:59.866+0000] {subprocess.py:93} INFO - 26/08/30 16:12:59 INFO DAGScheduler: Got map stage job 3 (save at NativeMethodAccessorImpl.java:0) with 1 output partitions
[2026-08-30T16:12:59.869+0000] {subprocess.py:93} INFO - 26/08/30 16:12:59 INFO DAGScheduler: Final stage: ShuffleMapStage 5 (save at NativeMethodAccessorImpl.java:0)
[2026-08-30T16:12:59.873+0000] {subprocess.py:93} INFO - 26/08/30 16:12:59 INFO DAGScheduler: Parents of final stage: List(ShuffleMapStage 4)
[2026-08-30T16:12:59.881+0000] {subprocess.py:93} INFO - 26/08/30 16:12:59 INFO DAGScheduler: Missing parents: List()
[2026-08-30T16:12:59.886+0000] {subprocess.py:93} INFO - 26/08/30 16:12:59 INFO DAGScheduler: Submitting ShuffleMapStage 5 (MapPartitionsRDD[11] at save at NativeMethodAccessorImpl.java:0), which has no missing parents
[2026-08-30T16:12:59.955+0000] {subprocess.py:93} INFO - 26/08/30 16:12:59 INFO MemoryStore: Block broadcast_4 stored as values in memory (estimated size 55.4 KiB, free 434.0 MiB)
[2026-08-30T16:12:59.962+0000] {subprocess.py:93} INFO - 26/08/30 16:12:59 INFO MemoryStore: Block broadcast_4_piece0 stored as bytes in memory (estimated size 24.1 KiB, free 433.9 MiB)
[2026-08-30T16:12:59.971+0000] {subprocess.py:93} INFO - 26/08/30 16:12:59 INFO BlockManagerInfo: Added broadcast_4_piece0 in memory on 39dc60076c10:38019 (size: 24.1 KiB, free: 434.3 MiB)
[2026-08-30T16:12:59.980+0000] {subprocess.py:93} INFO - 26/08/30 16:12:59 INFO SparkContext: Created broadcast 4 from broadcast at DAGScheduler.scala:1585
[2026-08-30T16:12:59.989+0000] {subprocess.py:93} INFO - 26/08/30 16:12:59 INFO DAGScheduler: Submitting 1 missing tasks from ShuffleMapStage 5 (MapPartitionsRDD[11] at save at NativeMethodAccessorImpl.java:0) (first 15 tasks are for partitions Vector(0))
[2026-08-30T16:13:00.001+0000] {subprocess.py:93} INFO - 26/08/30 16:12:59 INFO TaskSchedulerImpl: Adding task set 5.0 with 1 tasks resource profile 0
[2026-08-30T16:13:00.007+0000] {subprocess.py:93} INFO - 26/08/30 16:12:59 INFO TaskSetManager: Starting task 0.0 in stage 5.0 (TID 4) (172.18.0.6, executor 0, partition 0, NODE_LOCAL, 8103 bytes)
[2026-08-30T16:13:00.013+0000] {subprocess.py:93} INFO - 26/08/30 16:13:00 INFO BlockManagerInfo: Added broadcast_4_piece0 in memory on 172.18.0.6:42879 (size: 24.1 KiB, free: 434.3 MiB)
[2026-08-30T16:13:00.502+0000] {subprocess.py:93} INFO - 26/08/30 16:13:00 INFO TaskSetManager: Finished task 0.0 in stage 5.0 (TID 4) in 526 ms on 172.18.0.6 (executor 0) (1/1)
[2026-08-30T16:13:00.520+0000] {subprocess.py:93} INFO - 26/08/30 16:13:00 INFO TaskSchedulerImpl: Removed TaskSet 5.0, whose tasks have all completed, from pool
[2026-08-30T16:13:00.529+0000] {subprocess.py:93} INFO - 26/08/30 16:13:00 INFO DAGScheduler: ShuffleMapStage 5 (save at NativeMethodAccessorImpl.java:0) finished in 0.624 s
[2026-08-30T16:13:00.538+0000] {subprocess.py:93} INFO - 26/08/30 16:13:00 INFO DAGScheduler: looking for newly runnable stages
[2026-08-30T16:13:00.560+0000] {subprocess.py:93} INFO - 26/08/30 16:13:00 INFO DAGScheduler: running: Set()
[2026-08-30T16:13:00.572+0000] {subprocess.py:93} INFO - 26/08/30 16:13:00 INFO DAGScheduler: waiting: Set()
[2026-08-30T16:13:00.579+0000] {subprocess.py:93} INFO - 26/08/30 16:13:00 INFO DAGScheduler: failed: Set()
[2026-08-30T16:13:00.581+0000] {subprocess.py:93} INFO - 26/08/30 16:13:00 INFO ShufflePartitionsUtil: For shuffle(1), advisory target size: 67108864, actual target size 1048576, minimum partition size: 1048576
[2026-08-30T16:13:00.642+0000] {subprocess.py:93} INFO - 26/08/30 16:13:00 INFO CodeGenerator: Code generated in 37.51727 ms
[2026-08-30T16:13:00.822+0000] {subprocess.py:93} INFO - 26/08/30 16:13:00 INFO SparkContext: Starting job: save at NativeMethodAccessorImpl.java:0
[2026-08-30T16:13:00.829+0000] {subprocess.py:93} INFO - 26/08/30 16:13:00 INFO DAGScheduler: Got job 4 (save at NativeMethodAccessorImpl.java:0) with 1 output partitions
[2026-08-30T16:13:00.835+0000] {subprocess.py:93} INFO - 26/08/30 16:13:00 INFO DAGScheduler: Final stage: ResultStage 8 (save at NativeMethodAccessorImpl.java:0)
[2026-08-30T16:13:00.838+0000] {subprocess.py:93} INFO - 26/08/30 16:13:00 INFO DAGScheduler: Parents of final stage: List(ShuffleMapStage 7)
[2026-08-30T16:13:00.841+0000] {subprocess.py:93} INFO - 26/08/30 16:13:00 INFO DAGScheduler: Missing parents: List()
[2026-08-30T16:13:00.844+0000] {subprocess.py:93} INFO - 26/08/30 16:13:00 INFO DAGScheduler: Submitting ResultStage 8 (MapPartitionsRDD[16] at save at NativeMethodAccessorImpl.java:0), which has no missing parents
[2026-08-30T16:13:00.879+0000] {subprocess.py:93} INFO - 26/08/30 16:13:00 INFO MemoryStore: Block broadcast_5 stored as values in memory (estimated size 58.4 KiB, free 433.9 MiB)
[2026-08-30T16:13:00.901+0000] {subprocess.py:93} INFO - 26/08/30 16:13:00 INFO MemoryStore: Block broadcast_5_piece0 stored as bytes in memory (estimated size 26.2 KiB, free 433.9 MiB)
[2026-08-30T16:13:00.908+0000] {subprocess.py:93} INFO - 26/08/30 16:13:00 INFO BlockManagerInfo: Removed broadcast_2_piece0 on 172.18.0.6:42879 in memory (size: 21.9 KiB, free: 434.3 MiB)
[2026-08-30T16:13:00.919+0000] {subprocess.py:93} INFO - 26/08/30 16:13:00 INFO BlockManagerInfo: Added broadcast_5_piece0 in memory on 39dc60076c10:38019 (size: 26.2 KiB, free: 434.3 MiB)
[2026-08-30T16:13:00.933+0000] {subprocess.py:93} INFO - 26/08/30 16:13:00 INFO BlockManagerInfo: Removed broadcast_2_piece0 on 39dc60076c10:38019 in memory (size: 21.9 KiB, free: 434.3 MiB)
[2026-08-30T16:13:00.939+0000] {subprocess.py:93} INFO - 26/08/30 16:13:00 INFO SparkContext: Created broadcast 5 from broadcast at DAGScheduler.scala:1585
[2026-08-30T16:13:00.948+0000] {subprocess.py:93} INFO - 26/08/30 16:13:00 INFO DAGScheduler: Submitting 1 missing tasks from ResultStage 8 (MapPartitionsRDD[16] at save at NativeMethodAccessorImpl.java:0) (first 15 tasks are for partitions Vector(0))
[2026-08-30T16:13:00.960+0000] {subprocess.py:93} INFO - 26/08/30 16:13:00 INFO TaskSchedulerImpl: Adding task set 8.0 with 1 tasks resource profile 0
[2026-08-30T16:13:00.969+0000] {subprocess.py:93} INFO - 26/08/30 16:13:00 INFO TaskSetManager: Starting task 0.0 in stage 8.0 (TID 5) (172.18.0.6, executor 0, partition 0, NODE_LOCAL, 8114 bytes)
[2026-08-30T16:13:00.977+0000] {subprocess.py:93} INFO - 26/08/30 16:13:00 INFO BlockManagerInfo: Removed broadcast_4_piece0 on 39dc60076c10:38019 in memory (size: 24.1 KiB, free: 434.3 MiB)
[2026-08-30T16:13:00.984+0000] {subprocess.py:93} INFO - 26/08/30 16:13:00 INFO BlockManagerInfo: Removed broadcast_4_piece0 on 172.18.0.6:42879 in memory (size: 24.1 KiB, free: 434.3 MiB)
[2026-08-30T16:13:00.988+0000] {subprocess.py:93} INFO - 26/08/30 16:13:00 INFO BlockManagerInfo: Removed broadcast_3_piece0 on 39dc60076c10:38019 in memory (size: 23.8 KiB, free: 434.3 MiB)
[2026-08-30T16:13:00.994+0000] {subprocess.py:93} INFO - 26/08/30 16:13:00 INFO BlockManagerInfo: Added broadcast_5_piece0 in memory on 172.18.0.6:42879 (size: 26.2 KiB, free: 434.3 MiB)
[2026-08-30T16:13:01.000+0000] {subprocess.py:93} INFO - 26/08/30 16:13:00 INFO BlockManagerInfo: Removed broadcast_3_piece0 on 172.18.0.6:42879 in memory (size: 23.8 KiB, free: 434.3 MiB)
[2026-08-30T16:13:01.605+0000] {subprocess.py:93} INFO - 26/08/30 16:13:01 INFO MapOutputTrackerMasterEndpoint: Asked to send map output locations for shuffle 1 to 172.18.0.6:60942
[2026-08-30T16:13:04.389+0000] {subprocess.py:93} INFO - 26/08/30 16:13:04 INFO TaskSetManager: Finished task 0.0 in stage 8.0 (TID 5) in 3471 ms on 172.18.0.6 (executor 0) (1/1)
[2026-08-30T16:13:04.395+0000] {subprocess.py:93} INFO - 26/08/30 16:13:04 INFO TaskSchedulerImpl: Removed TaskSet 8.0, whose tasks have all completed, from pool
[2026-08-30T16:13:04.403+0000] {subprocess.py:93} INFO - 26/08/30 16:13:04 INFO DAGScheduler: ResultStage 8 (save at NativeMethodAccessorImpl.java:0) finished in 3.548 s
[2026-08-30T16:13:04.406+0000] {subprocess.py:93} INFO - 26/08/30 16:13:04 INFO DAGScheduler: Job 4 is finished. Cancelling potential speculative or zombie tasks for this job
[2026-08-30T16:13:04.410+0000] {subprocess.py:93} INFO - 26/08/30 16:13:04 INFO TaskSchedulerImpl: Killing all running tasks in stage 8: Stage finished
[2026-08-30T16:13:04.414+0000] {subprocess.py:93} INFO - 26/08/30 16:13:04 INFO DAGScheduler: Job 4 finished: save at NativeMethodAccessorImpl.java:0, took 3.570803 s
[2026-08-30T16:13:04.773+0000] {subprocess.py:93} INFO - 26/08/30 16:13:04 INFO FileSourceStrategy: Pushed Filters: IsNotNull(passenger_count),IsNotNull(trip_distance),IsNotNull(total_amount),IsNotNull(tpep_pickup_datetime),GreaterThan(passenger_count,0),GreaterThan(trip_distance,0.0),GreaterThan(total_amount,0.0)
[2026-08-30T16:13:04.774+0000] {subprocess.py:93} INFO - 26/08/30 16:13:04 INFO FileSourceStrategy: Post-Scan Filters: isnotnull(passenger_count#3L),isnotnull(trip_distance#4),isnotnull(total_amount#16),isnotnull(tpep_pickup_datetime#1),(passenger_count#3L > 0),(trip_distance#4 > 0.0),(total_amount#16 > 0.0),(year(cast(tpep_pickup_datetime#1 as date)) = 2024)
[2026-08-30T16:13:05.169+0000] {subprocess.py:93} INFO - 26/08/30 16:13:05 INFO CodeGenerator: Code generated in 242.47988 ms
[2026-08-30T16:13:05.198+0000] {subprocess.py:93} INFO - 26/08/30 16:13:05 INFO MemoryStore: Block broadcast_6 stored as values in memory (estimated size 202.9 KiB, free 433.9 MiB)
[2026-08-30T16:13:05.234+0000] {subprocess.py:93} INFO - 26/08/30 16:13:05 INFO MemoryStore: Block broadcast_6_piece0 stored as bytes in memory (estimated size 35.5 KiB, free 433.9 MiB)
[2026-08-30T16:13:05.250+0000] {subprocess.py:93} INFO - 26/08/30 16:13:05 INFO BlockManagerInfo: Added broadcast_6_piece0 in memory on 39dc60076c10:38019 (size: 35.5 KiB, free: 434.3 MiB)
[2026-08-30T16:13:05.255+0000] {subprocess.py:93} INFO - 26/08/30 16:13:05 INFO SparkContext: Created broadcast 6 from save at NativeMethodAccessorImpl.java:0
[2026-08-30T16:13:05.259+0000] {subprocess.py:93} INFO - 26/08/30 16:13:05 INFO FileSourceScanExec: Planning scan with bin packing, max size: 27077972 bytes, open cost is considered as scanning 4194304 bytes.
[2026-08-30T16:13:05.315+0000] {subprocess.py:93} INFO - 26/08/30 16:13:05 INFO DAGScheduler: Registering RDD 20 (save at NativeMethodAccessorImpl.java:0) as input to shuffle 2
[2026-08-30T16:13:05.321+0000] {subprocess.py:93} INFO - 26/08/30 16:13:05 INFO DAGScheduler: Got map stage job 5 (save at NativeMethodAccessorImpl.java:0) with 2 output partitions
[2026-08-30T16:13:05.328+0000] {subprocess.py:93} INFO - 26/08/30 16:13:05 INFO DAGScheduler: Final stage: ShuffleMapStage 9 (save at NativeMethodAccessorImpl.java:0)
[2026-08-30T16:13:05.333+0000] {subprocess.py:93} INFO - 26/08/30 16:13:05 INFO DAGScheduler: Parents of final stage: List()
[2026-08-30T16:13:05.338+0000] {subprocess.py:93} INFO - 26/08/30 16:13:05 INFO DAGScheduler: Missing parents: List()
[2026-08-30T16:13:05.343+0000] {subprocess.py:93} INFO - 26/08/30 16:13:05 INFO DAGScheduler: Submitting ShuffleMapStage 9 (MapPartitionsRDD[20] at save at NativeMethodAccessorImpl.java:0), which has no missing parents
[2026-08-30T16:13:05.347+0000] {subprocess.py:93} INFO - 26/08/30 16:13:05 INFO MemoryStore: Block broadcast_7 stored as values in memory (estimated size 48.5 KiB, free 433.8 MiB)
[2026-08-30T16:13:05.353+0000] {subprocess.py:93} INFO - 26/08/30 16:13:05 INFO MemoryStore: Block broadcast_7_piece0 stored as bytes in memory (estimated size 21.1 KiB, free 433.8 MiB)
[2026-08-30T16:13:05.356+0000] {subprocess.py:93} INFO - 26/08/30 16:13:05 INFO BlockManagerInfo: Added broadcast_7_piece0 in memory on 39dc60076c10:38019 (size: 21.1 KiB, free: 434.3 MiB)
[2026-08-30T16:13:05.365+0000] {subprocess.py:93} INFO - 26/08/30 16:13:05 INFO SparkContext: Created broadcast 7 from broadcast at DAGScheduler.scala:1585
[2026-08-30T16:13:05.371+0000] {subprocess.py:93} INFO - 26/08/30 16:13:05 INFO DAGScheduler: Submitting 2 missing tasks from ShuffleMapStage 9 (MapPartitionsRDD[20] at save at NativeMethodAccessorImpl.java:0) (first 15 tasks are for partitions Vector(0, 1))
[2026-08-30T16:13:05.376+0000] {subprocess.py:93} INFO - 26/08/30 16:13:05 INFO TaskSchedulerImpl: Adding task set 9.0 with 2 tasks resource profile 0
[2026-08-30T16:13:05.385+0000] {subprocess.py:93} INFO - 26/08/30 16:13:05 INFO TaskSetManager: Starting task 0.0 in stage 9.0 (TID 6) (172.18.0.6, executor 0, partition 0, PROCESS_LOCAL, 8724 bytes)
[2026-08-30T16:13:05.392+0000] {subprocess.py:93} INFO - 26/08/30 16:13:05 INFO TaskSetManager: Starting task 1.0 in stage 9.0 (TID 7) (172.18.0.6, executor 0, partition 1, PROCESS_LOCAL, 8724 bytes)
[2026-08-30T16:13:05.408+0000] {subprocess.py:93} INFO - 26/08/30 16:13:05 INFO BlockManagerInfo: Added broadcast_7_piece0 in memory on 172.18.0.6:42879 (size: 21.1 KiB, free: 434.3 MiB)
[2026-08-30T16:13:05.784+0000] {subprocess.py:93} INFO - 26/08/30 16:13:05 INFO BlockManagerInfo: Added broadcast_6_piece0 in memory on 172.18.0.6:42879 (size: 35.5 KiB, free: 434.3 MiB)
[2026-08-30T16:13:07.212+0000] {subprocess.py:93} INFO - 26/08/30 16:13:07 INFO TaskSetManager: Finished task 1.0 in stage 9.0 (TID 7) in 1856 ms on 172.18.0.6 (executor 0) (1/2)
[2026-08-30T16:13:08.138+0000] {subprocess.py:93} INFO - 26/08/30 16:13:08 INFO TaskSetManager: Finished task 0.0 in stage 9.0 (TID 6) in 2783 ms on 172.18.0.6 (executor 0) (2/2)
[2026-08-30T16:13:08.141+0000] {subprocess.py:93} INFO - 26/08/30 16:13:08 INFO TaskSchedulerImpl: Removed TaskSet 9.0, whose tasks have all completed, from pool
[2026-08-30T16:13:08.145+0000] {subprocess.py:93} INFO - 26/08/30 16:13:08 INFO DAGScheduler: ShuffleMapStage 9 (save at NativeMethodAccessorImpl.java:0) finished in 2.820 s
[2026-08-30T16:13:08.151+0000] {subprocess.py:93} INFO - 26/08/30 16:13:08 INFO DAGScheduler: looking for newly runnable stages
[2026-08-30T16:13:08.156+0000] {subprocess.py:93} INFO - 26/08/30 16:13:08 INFO DAGScheduler: running: Set()
[2026-08-30T16:13:08.161+0000] {subprocess.py:93} INFO - 26/08/30 16:13:08 INFO DAGScheduler: waiting: Set()
[2026-08-30T16:13:08.163+0000] {subprocess.py:93} INFO - 26/08/30 16:13:08 INFO DAGScheduler: failed: Set()
[2026-08-30T16:13:08.169+0000] {subprocess.py:93} INFO - 26/08/30 16:13:08 INFO ShufflePartitionsUtil: For shuffle(2), advisory target size: 67108864, actual target size 1048576, minimum partition size: 1048576
[2026-08-30T16:13:08.184+0000] {subprocess.py:93} INFO - 26/08/30 16:13:08 INFO HashAggregateExec: spark.sql.codegen.aggregate.map.twolevel.enabled is set to true, but current version of codegened fast hashmap does not support this aggregate.
[2026-08-30T16:13:08.250+0000] {subprocess.py:93} INFO - 26/08/30 16:13:08 INFO CodeGenerator: Code generated in 48.523229 ms
[2026-08-30T16:13:08.344+0000] {subprocess.py:93} INFO - 26/08/30 16:13:08 INFO SparkContext: Starting job: save at NativeMethodAccessorImpl.java:0
[2026-08-30T16:13:08.350+0000] {subprocess.py:93} INFO - 26/08/30 16:13:08 INFO DAGScheduler: Got job 6 (save at NativeMethodAccessorImpl.java:0) with 1 output partitions
[2026-08-30T16:13:08.355+0000] {subprocess.py:93} INFO - 26/08/30 16:13:08 INFO DAGScheduler: Final stage: ResultStage 11 (save at NativeMethodAccessorImpl.java:0)
[2026-08-30T16:13:08.357+0000] {subprocess.py:93} INFO - 26/08/30 16:13:08 INFO DAGScheduler: Parents of final stage: List(ShuffleMapStage 10)
[2026-08-30T16:13:08.360+0000] {subprocess.py:93} INFO - 26/08/30 16:13:08 INFO DAGScheduler: Missing parents: List()
[2026-08-30T16:13:08.366+0000] {subprocess.py:93} INFO - 26/08/30 16:13:08 INFO DAGScheduler: Submitting ResultStage 11 (MapPartitionsRDD[25] at save at NativeMethodAccessorImpl.java:0), which has no missing parents
[2026-08-30T16:13:08.372+0000] {subprocess.py:93} INFO - 26/08/30 16:13:08 INFO MemoryStore: Block broadcast_8 stored as values in memory (estimated size 50.5 KiB, free 433.7 MiB)
[2026-08-30T16:13:08.381+0000] {subprocess.py:93} INFO - 26/08/30 16:13:08 INFO MemoryStore: Block broadcast_8_piece0 stored as bytes in memory (estimated size 22.6 KiB, free 433.7 MiB)
[2026-08-30T16:13:08.386+0000] {subprocess.py:93} INFO - 26/08/30 16:13:08 INFO BlockManagerInfo: Added broadcast_8_piece0 in memory on 39dc60076c10:38019 (size: 22.6 KiB, free: 434.3 MiB)
[2026-08-30T16:13:08.395+0000] {subprocess.py:93} INFO - 26/08/30 16:13:08 INFO SparkContext: Created broadcast 8 from broadcast at DAGScheduler.scala:1585
[2026-08-30T16:13:08.401+0000] {subprocess.py:93} INFO - 26/08/30 16:13:08 INFO DAGScheduler: Submitting 1 missing tasks from ResultStage 11 (MapPartitionsRDD[25] at save at NativeMethodAccessorImpl.java:0) (first 15 tasks are for partitions Vector(0))
[2026-08-30T16:13:08.410+0000] {subprocess.py:93} INFO - 26/08/30 16:13:08 INFO TaskSchedulerImpl: Adding task set 11.0 with 1 tasks resource profile 0
[2026-08-30T16:13:08.417+0000] {subprocess.py:93} INFO - 26/08/30 16:13:08 INFO TaskSetManager: Starting task 0.0 in stage 11.0 (TID 8) (172.18.0.6, executor 0, partition 0, NODE_LOCAL, 8114 bytes)
[2026-08-30T16:13:08.426+0000] {subprocess.py:93} INFO - 26/08/30 16:13:08 INFO BlockManagerInfo: Added broadcast_8_piece0 in memory on 172.18.0.6:42879 (size: 22.6 KiB, free: 434.3 MiB)
[2026-08-30T16:13:08.446+0000] {subprocess.py:93} INFO - 26/08/30 16:13:08 INFO MapOutputTrackerMasterEndpoint: Asked to send map output locations for shuffle 2 to 172.18.0.6:60942
[2026-08-30T16:13:08.591+0000] {subprocess.py:93} INFO - 26/08/30 16:13:08 INFO TaskSetManager: Finished task 0.0 in stage 11.0 (TID 8) in 192 ms on 172.18.0.6 (executor 0) (1/1)
[2026-08-30T16:13:08.598+0000] {subprocess.py:93} INFO - 26/08/30 16:13:08 INFO TaskSchedulerImpl: Removed TaskSet 11.0, whose tasks have all completed, from pool
[2026-08-30T16:13:08.617+0000] {subprocess.py:93} INFO - 26/08/30 16:13:08 INFO DAGScheduler: ResultStage 11 (save at NativeMethodAccessorImpl.java:0) finished in 0.241 s
[2026-08-30T16:13:08.626+0000] {subprocess.py:93} INFO - 26/08/30 16:13:08 INFO DAGScheduler: Job 6 is finished. Cancelling potential speculative or zombie tasks for this job
[2026-08-30T16:13:08.634+0000] {subprocess.py:93} INFO - 26/08/30 16:13:08 INFO TaskSchedulerImpl: Killing all running tasks in stage 11: Stage finished
[2026-08-30T16:13:08.642+0000] {subprocess.py:93} INFO - 26/08/30 16:13:08 INFO DAGScheduler: Job 6 finished: save at NativeMethodAccessorImpl.java:0, took 0.250284 s
[2026-08-30T16:13:08.651+0000] {subprocess.py:93} INFO - 26/08/30 16:13:08 INFO DAGScheduler: Registering RDD 26 (save at NativeMethodAccessorImpl.java:0) as input to shuffle 3
[2026-08-30T16:13:08.656+0000] {subprocess.py:93} INFO - 26/08/30 16:13:08 INFO DAGScheduler: Got map stage job 7 (save at NativeMethodAccessorImpl.java:0) with 1 output partitions
[2026-08-30T16:13:08.667+0000] {subprocess.py:93} INFO - 26/08/30 16:13:08 INFO DAGScheduler: Final stage: ShuffleMapStage 13 (save at NativeMethodAccessorImpl.java:0)
[2026-08-30T16:13:08.670+0000] {subprocess.py:93} INFO - 26/08/30 16:13:08 INFO DAGScheduler: Parents of final stage: List(ShuffleMapStage 12)
[2026-08-30T16:13:08.682+0000] {subprocess.py:93} INFO - 26/08/30 16:13:08 INFO DAGScheduler: Missing parents: List()
[2026-08-30T16:13:08.702+0000] {subprocess.py:93} INFO - 26/08/30 16:13:08 INFO DAGScheduler: Submitting ShuffleMapStage 13 (MapPartitionsRDD[26] at save at NativeMethodAccessorImpl.java:0), which has no missing parents
[2026-08-30T16:13:08.714+0000] {subprocess.py:93} INFO - 26/08/30 16:13:08 INFO MemoryStore: Block broadcast_9 stored as values in memory (estimated size 51.5 KiB, free 433.7 MiB)
[2026-08-30T16:13:08.717+0000] {subprocess.py:93} INFO - 26/08/30 16:13:08 INFO MemoryStore: Block broadcast_9_piece0 stored as bytes in memory (estimated size 23.0 KiB, free 433.6 MiB)
[2026-08-30T16:13:08.726+0000] {subprocess.py:93} INFO - 26/08/30 16:13:08 INFO BlockManagerInfo: Added broadcast_9_piece0 in memory on 39dc60076c10:38019 (size: 23.0 KiB, free: 434.2 MiB)
[2026-08-30T16:13:08.741+0000] {subprocess.py:93} INFO - 26/08/30 16:13:08 INFO SparkContext: Created broadcast 9 from broadcast at DAGScheduler.scala:1585
[2026-08-30T16:13:08.746+0000] {subprocess.py:93} INFO - 26/08/30 16:13:08 INFO BlockManagerInfo: Removed broadcast_7_piece0 on 39dc60076c10:38019 in memory (size: 21.1 KiB, free: 434.3 MiB)
[2026-08-30T16:13:08.749+0000] {subprocess.py:93} INFO - 26/08/30 16:13:08 INFO DAGScheduler: Submitting 1 missing tasks from ShuffleMapStage 13 (MapPartitionsRDD[26] at save at NativeMethodAccessorImpl.java:0) (first 15 tasks are for partitions Vector(0))
[2026-08-30T16:13:08.770+0000] {subprocess.py:93} INFO - 26/08/30 16:13:08 INFO TaskSchedulerImpl: Adding task set 13.0 with 1 tasks resource profile 0
[2026-08-30T16:13:08.783+0000] {subprocess.py:93} INFO - 26/08/30 16:13:08 INFO TaskSetManager: Starting task 0.0 in stage 13.0 (TID 9) (172.18.0.6, executor 0, partition 0, NODE_LOCAL, 8103 bytes)
[2026-08-30T16:13:08.798+0000] {subprocess.py:93} INFO - 26/08/30 16:13:08 INFO BlockManagerInfo: Removed broadcast_7_piece0 on 172.18.0.6:42879 in memory (size: 21.1 KiB, free: 434.3 MiB)
[2026-08-30T16:13:08.803+0000] {subprocess.py:93} INFO - 26/08/30 16:13:08 INFO BlockManagerInfo: Removed broadcast_8_piece0 on 39dc60076c10:38019 in memory (size: 22.6 KiB, free: 434.3 MiB)
[2026-08-30T16:13:08.807+0000] {subprocess.py:93} INFO - 26/08/30 16:13:08 INFO BlockManagerInfo: Removed broadcast_8_piece0 on 172.18.0.6:42879 in memory (size: 22.6 KiB, free: 434.3 MiB)
[2026-08-30T16:13:08.812+0000] {subprocess.py:93} INFO - 26/08/30 16:13:08 INFO BlockManagerInfo: Added broadcast_9_piece0 in memory on 172.18.0.6:42879 (size: 23.0 KiB, free: 434.3 MiB)
[2026-08-30T16:13:08.832+0000] {subprocess.py:93} INFO - 26/08/30 16:13:08 INFO TaskSetManager: Finished task 0.0 in stage 13.0 (TID 9) in 186 ms on 172.18.0.6 (executor 0) (1/1)
[2026-08-30T16:13:08.837+0000] {subprocess.py:93} INFO - 26/08/30 16:13:08 INFO TaskSchedulerImpl: Removed TaskSet 13.0, whose tasks have all completed, from pool
[2026-08-30T16:13:08.842+0000] {subprocess.py:93} INFO - 26/08/30 16:13:08 INFO DAGScheduler: ShuffleMapStage 13 (save at NativeMethodAccessorImpl.java:0) finished in 0.226 s
[2026-08-30T16:13:08.847+0000] {subprocess.py:93} INFO - 26/08/30 16:13:08 INFO DAGScheduler: looking for newly runnable stages
[2026-08-30T16:13:08.853+0000] {subprocess.py:93} INFO - 26/08/30 16:13:08 INFO DAGScheduler: running: Set()
[2026-08-30T16:13:08.858+0000] {subprocess.py:93} INFO - 26/08/30 16:13:08 INFO DAGScheduler: waiting: Set()
[2026-08-30T16:13:08.861+0000] {subprocess.py:93} INFO - 26/08/30 16:13:08 INFO DAGScheduler: failed: Set()
[2026-08-30T16:13:08.869+0000] {subprocess.py:93} INFO - 26/08/30 16:13:08 INFO ShufflePartitionsUtil: For shuffle(3), advisory target size: 67108864, actual target size 1048576, minimum partition size: 1048576
[2026-08-30T16:13:08.992+0000] {subprocess.py:93} INFO - 26/08/30 16:13:08 INFO SparkContext: Starting job: save at NativeMethodAccessorImpl.java:0
[2026-08-30T16:13:08.995+0000] {subprocess.py:93} INFO - 26/08/30 16:13:08 INFO DAGScheduler: Got job 8 (save at NativeMethodAccessorImpl.java:0) with 1 output partitions
[2026-08-30T16:13:09.001+0000] {subprocess.py:93} INFO - 26/08/30 16:13:08 INFO DAGScheduler: Final stage: ResultStage 16 (save at NativeMethodAccessorImpl.java:0)
[2026-08-30T16:13:09.005+0000] {subprocess.py:93} INFO - 26/08/30 16:13:08 INFO DAGScheduler: Parents of final stage: List(ShuffleMapStage 15)
[2026-08-30T16:13:09.010+0000] {subprocess.py:93} INFO - 26/08/30 16:13:08 INFO DAGScheduler: Missing parents: List()
[2026-08-30T16:13:09.013+0000] {subprocess.py:93} INFO - 26/08/30 16:13:08 INFO DAGScheduler: Submitting ResultStage 16 (MapPartitionsRDD[31] at save at NativeMethodAccessorImpl.java:0), which has no missing parents
[2026-08-30T16:13:09.020+0000] {subprocess.py:93} INFO - 26/08/30 16:13:09 INFO MemoryStore: Block broadcast_10 stored as values in memory (estimated size 55.4 KiB, free 433.7 MiB)
[2026-08-30T16:13:09.027+0000] {subprocess.py:93} INFO - 26/08/30 16:13:09 INFO MemoryStore: Block broadcast_10_piece0 stored as bytes in memory (estimated size 25.2 KiB, free 433.7 MiB)
[2026-08-30T16:13:09.033+0000] {subprocess.py:93} INFO - 26/08/30 16:13:09 INFO BlockManagerInfo: Added broadcast_10_piece0 in memory on 39dc60076c10:38019 (size: 25.2 KiB, free: 434.3 MiB)
[2026-08-30T16:13:09.037+0000] {subprocess.py:93} INFO - 26/08/30 16:13:09 INFO SparkContext: Created broadcast 10 from broadcast at DAGScheduler.scala:1585
[2026-08-30T16:13:09.043+0000] {subprocess.py:93} INFO - 26/08/30 16:13:09 INFO DAGScheduler: Submitting 1 missing tasks from ResultStage 16 (MapPartitionsRDD[31] at save at NativeMethodAccessorImpl.java:0) (first 15 tasks are for partitions Vector(0))
[2026-08-30T16:13:09.050+0000] {subprocess.py:93} INFO - 26/08/30 16:13:09 INFO TaskSchedulerImpl: Adding task set 16.0 with 1 tasks resource profile 0
[2026-08-30T16:13:09.058+0000] {subprocess.py:93} INFO - 26/08/30 16:13:09 INFO TaskSetManager: Starting task 0.0 in stage 16.0 (TID 10) (172.18.0.6, executor 0, partition 0, NODE_LOCAL, 8114 bytes)
[2026-08-30T16:13:09.063+0000] {subprocess.py:93} INFO - 26/08/30 16:13:09 INFO BlockManagerInfo: Added broadcast_10_piece0 in memory on 172.18.0.6:42879 (size: 25.2 KiB, free: 434.3 MiB)
[2026-08-30T16:13:09.088+0000] {subprocess.py:93} INFO - 26/08/30 16:13:09 INFO MapOutputTrackerMasterEndpoint: Asked to send map output locations for shuffle 3 to 172.18.0.6:60942
[2026-08-30T16:13:09.294+0000] {subprocess.py:93} INFO - 26/08/30 16:13:09 INFO TaskSetManager: Finished task 0.0 in stage 16.0 (TID 10) in 260 ms on 172.18.0.6 (executor 0) (1/1)
[2026-08-30T16:13:09.299+0000] {subprocess.py:93} INFO - 26/08/30 16:13:09 INFO TaskSchedulerImpl: Removed TaskSet 16.0, whose tasks have all completed, from pool
[2026-08-30T16:13:09.312+0000] {subprocess.py:93} INFO - 26/08/30 16:13:09 INFO DAGScheduler: ResultStage 16 (save at NativeMethodAccessorImpl.java:0) finished in 0.296 s
[2026-08-30T16:13:09.315+0000] {subprocess.py:93} INFO - 26/08/30 16:13:09 INFO DAGScheduler: Job 8 is finished. Cancelling potential speculative or zombie tasks for this job
[2026-08-30T16:13:09.325+0000] {subprocess.py:93} INFO - 26/08/30 16:13:09 INFO TaskSchedulerImpl: Killing all running tasks in stage 16: Stage finished
[2026-08-30T16:13:09.330+0000] {subprocess.py:93} INFO - 26/08/30 16:13:09 INFO DAGScheduler: Job 8 finished: save at NativeMethodAccessorImpl.java:0, took 0.305617 s
[2026-08-30T16:13:09.356+0000] {subprocess.py:93} INFO - Data successfully written to PostgreSQL.
[2026-08-30T16:13:09.362+0000] {subprocess.py:93} INFO - 26/08/30 16:13:09 INFO SparkContext: SparkContext is stopping with exitCode 0.
[2026-08-30T16:13:09.407+0000] {subprocess.py:93} INFO - 26/08/30 16:13:09 INFO SparkUI: Stopped Spark web UI at http://39dc60076c10:4040
[2026-08-30T16:13:09.428+0000] {subprocess.py:93} INFO - 26/08/30 16:13:09 INFO StandaloneSchedulerBackend: Shutting down all executors
[2026-08-30T16:13:09.435+0000] {subprocess.py:93} INFO - 26/08/30 16:13:09 INFO StandaloneSchedulerBackend$StandaloneDriverEndpoint: Asking each executor to shut down
[2026-08-30T16:13:09.489+0000] {subprocess.py:93} INFO - 26/08/30 16:13:09 INFO MapOutputTrackerMasterEndpoint: MapOutputTrackerMasterEndpoint stopped!
[2026-08-30T16:13:09.660+0000] {subprocess.py:93} INFO - 26/08/30 16:13:09 INFO MemoryStore: MemoryStore cleared
[2026-08-30T16:13:09.678+0000] {subprocess.py:93} INFO - 26/08/30 16:13:09 INFO BlockManager: BlockManager stopped
[2026-08-30T16:13:09.705+0000] {subprocess.py:93} INFO - 26/08/30 16:13:09 INFO BlockManagerMaster: BlockManagerMaster stopped
[2026-08-30T16:13:09.712+0000] {subprocess.py:93} INFO - 26/08/30 16:13:09 INFO OutputCommitCoordinator$OutputCommitCoordinatorEndpoint: OutputCommitCoordinator stopped!
[2026-08-30T16:13:09.815+0000] {subprocess.py:93} INFO - 26/08/30 16:13:09 INFO SparkContext: Successfully stopped SparkContext
[2026-08-30T16:13:10.509+0000] {subprocess.py:93} INFO - 26/08/30 16:13:10 INFO ShutdownHookManager: Shutdown hook called
[2026-08-30T16:13:10.520+0000] {subprocess.py:93} INFO - 26/08/30 16:13:10 INFO ShutdownHookManager: Deleting directory /tmp/spark-12947720-c7aa-4438-acfb-1c97f9e726a6
[2026-08-30T16:13:10.561+0000] {subprocess.py:93} INFO - 26/08/30 16:13:10 INFO ShutdownHookManager: Deleting directory /tmp/spark-12947720-c7aa-4438-acfb-1c97f9e726a6/pyspark-8e64bf35-9574-43e6-a2c4-e1ab78c52138
[2026-08-30T16:13:10.618+0000] {subprocess.py:93} INFO - 26/08/30 16:13:10 INFO ShutdownHookManager: Deleting directory /tmp/spark-e509767f-17ef-45bb-a12d-b1add0a33eaf
[2026-08-30T16:13:10.816+0000] {subprocess.py:97} INFO - Command exited with return code 0
[2026-08-30T16:13:10.902+0000] {taskinstance.py:1138} INFO - Marking task as SUCCESS. dag_id=nyc_taxi_pipeline, task_id=submit_spark_transformation, execution_date=20260830T161202, start_date=20260830T161206, end_date=20260830T161310
[2026-08-30T16:13:10.976+0000] {local_task_job_runner.py:234} INFO - Task exited with return code 0
[2026-08-30T16:13:11.046+0000] {taskinstance.py:3280} INFO - 0 downstream tasks scheduled from follow-on schedule check
