[2026-08-30T14:30:45.245+0000] {taskinstance.py:1956} INFO - Dependencies all met for dep_context=non-requeueable deps ti=<TaskInstance: nyc_taxi_pipeline.submit_spark_transformation manual__2026-08-30T14:30:43.501185+00:00 [queued]>
[2026-08-30T14:30:45.254+0000] {taskinstance.py:1956} INFO - Dependencies all met for dep_context=requeueable deps ti=<TaskInstance: nyc_taxi_pipeline.submit_spark_transformation manual__2026-08-30T14:30:43.501185+00:00 [queued]>
[2026-08-30T14:30:45.255+0000] {taskinstance.py:2170} INFO - Starting attempt 1 of 2
[2026-08-30T14:30:45.268+0000] {taskinstance.py:2191} INFO - Executing <Task(BashOperator): submit_spark_transformation> on 2026-08-30 14:30:43.501185+00:00
[2026-08-30T14:30:45.272+0000] {standard_task_runner.py:60} INFO - Started process 203 to run task
[2026-08-30T14:30:45.275+0000] {standard_task_runner.py:87} INFO - Running: ['airflow', 'tasks', 'run', 'nyc_taxi_pipeline', 'submit_spark_transformation', 'manual__2026-08-30T14:30:43.501185+00:00', '--job-id', '8', '--raw', '--subdir', 'DAGS_FOLDER/nyc_taxi_pipeline.py', '--cfg-path', '/tmp/tmphpwji_xw']
[2026-08-30T14:30:45.278+0000] {standard_task_runner.py:88} INFO - Job 8: Subtask submit_spark_transformation
[2026-08-30T14:30:45.337+0000] {task_command.py:423} INFO - Running <TaskInstance: nyc_taxi_pipeline.submit_spark_transformation manual__2026-08-30T14:30:43.501185+00:00 [running]> on host 898d937843e4
[2026-08-30T14:30:45.422+0000] {taskinstance.py:2480} INFO - Exporting env vars: AIRFLOW_CTX_DAG_OWNER='admin' AIRFLOW_CTX_DAG_ID='nyc_taxi_pipeline' AIRFLOW_CTX_TASK_ID='submit_spark_transformation' AIRFLOW_CTX_EXECUTION_DATE='2026-08-30T14:30:43.501185+00:00' AIRFLOW_CTX_TRY_NUMBER='1' AIRFLOW_CTX_DAG_RUN_ID='manual__2026-08-30T14:30:43.501185+00:00'
[2026-08-30T14:30:45.424+0000] {subprocess.py:63} INFO - Tmp dir root location: /tmp
[2026-08-30T14:30:45.425+0000] {subprocess.py:75} INFO - Running command: ['/usr/bin/bash', '-c', 'spark-submit --master spark://spark-master:7077 --packages org.postgresql:postgresql:42.7.3 /opt/spark/jobs/transform.py']
[2026-08-30T14:30:45.436+0000] {subprocess.py:86} INFO - Output:
[2026-08-30T14:30:45.444+0000] {subprocess.py:93} INFO - /opt/spark/bin/load-spark-env.sh: line 68: ps: command not found
[2026-08-30T14:30:46.951+0000] {subprocess.py:93} INFO - :: loading settings :: url = jar:file:/opt/spark-3.5.1-bin-hadoop3/jars/ivy-2.5.1.jar!/org/apache/ivy/core/settings/ivysettings.xml
[2026-08-30T14:30:47.023+0000] {subprocess.py:93} INFO - Ivy Default Cache set to: /home/airflow/.ivy2/cache
[2026-08-30T14:30:47.024+0000] {subprocess.py:93} INFO - The jars for the packages stored in: /home/airflow/.ivy2/jars
[2026-08-30T14:30:47.029+0000] {subprocess.py:93} INFO - org.postgresql#postgresql added as a dependency
[2026-08-30T14:30:47.030+0000] {subprocess.py:93} INFO - :: resolving dependencies :: org.apache.spark#spark-submit-parent-9f21d54a-5b0e-4a01-aa36-dde145fe5b53;1.0
[2026-08-30T14:30:47.031+0000] {subprocess.py:93} INFO - 	confs: [default]
[2026-08-30T14:30:47.704+0000] {subprocess.py:93} INFO - 	found org.postgresql#postgresql;42.7.3 in central
[2026-08-30T14:30:47.800+0000] {subprocess.py:93} INFO - 	found org.checkerframework#checker-qual;3.42.0 in central
[2026-08-30T14:30:47.853+0000] {subprocess.py:93} INFO - downloading https://repo1.maven.org/maven2/org/postgresql/postgresql/42.7.3/postgresql-42.7.3.jar ...
[2026-08-30T14:30:48.128+0000] {subprocess.py:93} INFO - 	[SUCCESSFUL ] org.postgresql#postgresql;42.7.3!postgresql.jar (317ms)
[2026-08-30T14:30:48.165+0000] {subprocess.py:93} INFO - downloading https://repo1.maven.org/maven2/org/checkerframework/checker-qual/3.42.0/checker-qual-3.42.0.jar ...
[2026-08-30T14:30:48.216+0000] {subprocess.py:93} INFO - 	[SUCCESSFUL ] org.checkerframework#checker-qual;3.42.0!checker-qual.jar (85ms)
[2026-08-30T14:30:48.217+0000] {subprocess.py:93} INFO - :: resolution report :: resolve 779ms :: artifacts dl 407ms
[2026-08-30T14:30:48.217+0000] {subprocess.py:93} INFO - 	:: modules in use:
[2026-08-30T14:30:48.218+0000] {subprocess.py:93} INFO - 	org.checkerframework#checker-qual;3.42.0 from central in [default]
[2026-08-30T14:30:48.219+0000] {subprocess.py:93} INFO - 	org.postgresql#postgresql;42.7.3 from central in [default]
[2026-08-30T14:30:48.220+0000] {subprocess.py:93} INFO - 	---------------------------------------------------------------------
[2026-08-30T14:30:48.220+0000] {subprocess.py:93} INFO - 	|                  |            modules            ||   artifacts   |
[2026-08-30T14:30:48.221+0000] {subprocess.py:93} INFO - 	|       conf       | number| search|dwnlded|evicted|| number|dwnlded|
[2026-08-30T14:30:48.222+0000] {subprocess.py:93} INFO - 	---------------------------------------------------------------------
[2026-08-30T14:30:48.223+0000] {subprocess.py:93} INFO - 	|      default     |   2   |   2   |   2   |   0   ||   2   |   2   |
[2026-08-30T14:30:48.223+0000] {subprocess.py:93} INFO - 	---------------------------------------------------------------------
[2026-08-30T14:30:48.224+0000] {subprocess.py:93} INFO - :: retrieving :: org.apache.spark#spark-submit-parent-9f21d54a-5b0e-4a01-aa36-dde145fe5b53
[2026-08-30T14:30:48.225+0000] {subprocess.py:93} INFO - 	confs: [default]
[2026-08-30T14:30:48.225+0000] {subprocess.py:93} INFO - 	2 artifacts copied, 0 already retrieved (1289kB/7ms)
[2026-08-30T14:30:48.399+0000] {subprocess.py:93} INFO - 26/08/30 14:30:48 WARN NativeCodeLoader: Unable to load native-hadoop library for your platform... using builtin-java classes where applicable
[2026-08-30T14:30:49.302+0000] {subprocess.py:93} INFO - 26/08/30 14:30:49 INFO SparkContext: Running Spark version 3.5.1
[2026-08-30T14:30:49.303+0000] {subprocess.py:93} INFO - 26/08/30 14:30:49 INFO SparkContext: OS info Linux, 6.18.33.2-microsoft-standard-WSL2, amd64
[2026-08-30T14:30:49.303+0000] {subprocess.py:93} INFO - 26/08/30 14:30:49 INFO SparkContext: Java version 17.0.20.1
[2026-08-30T14:30:49.322+0000] {subprocess.py:93} INFO - 26/08/30 14:30:49 INFO ResourceUtils: ==============================================================
[2026-08-30T14:30:49.323+0000] {subprocess.py:93} INFO - 26/08/30 14:30:49 INFO ResourceUtils: No custom resources configured for spark.driver.
[2026-08-30T14:30:49.325+0000] {subprocess.py:93} INFO - 26/08/30 14:30:49 INFO ResourceUtils: ==============================================================
[2026-08-30T14:30:49.325+0000] {subprocess.py:93} INFO - 26/08/30 14:30:49 INFO SparkContext: Submitted application: NYCTaxiDataCleaning
[2026-08-30T14:30:49.347+0000] {subprocess.py:93} INFO - 26/08/30 14:30:49 INFO ResourceProfile: Default ResourceProfile created, executor resources: Map(memory -> name: memory, amount: 1024, script: , vendor: , offHeap -> name: offHeap, amount: 0, script: , vendor: ), task resources: Map(cpus -> name: cpus, amount: 1.0)
[2026-08-30T14:30:49.354+0000] {subprocess.py:93} INFO - 26/08/30 14:30:49 INFO ResourceProfile: Limiting resource is cpu
[2026-08-30T14:30:49.355+0000] {subprocess.py:93} INFO - 26/08/30 14:30:49 INFO ResourceProfileManager: Added ResourceProfile id: 0
[2026-08-30T14:30:49.414+0000] {subprocess.py:93} INFO - 26/08/30 14:30:49 INFO SecurityManager: Changing view acls to: airflow
[2026-08-30T14:30:49.415+0000] {subprocess.py:93} INFO - 26/08/30 14:30:49 INFO SecurityManager: Changing modify acls to: airflow
[2026-08-30T14:30:49.417+0000] {subprocess.py:93} INFO - 26/08/30 14:30:49 INFO SecurityManager: Changing view acls groups to:
[2026-08-30T14:30:49.419+0000] {subprocess.py:93} INFO - 26/08/30 14:30:49 INFO SecurityManager: Changing modify acls groups to:
[2026-08-30T14:30:49.420+0000] {subprocess.py:93} INFO - 26/08/30 14:30:49 INFO SecurityManager: SecurityManager: authentication disabled; ui acls disabled; users with view permissions: airflow; groups with view permissions: EMPTY; users with modify permissions: airflow; groups with modify permissions: EMPTY
[2026-08-30T14:30:49.615+0000] {subprocess.py:93} INFO - 26/08/30 14:30:49 INFO Utils: Successfully started service 'sparkDriver' on port 34915.
[2026-08-30T14:30:49.641+0000] {subprocess.py:93} INFO - 26/08/30 14:30:49 INFO SparkEnv: Registering MapOutputTracker
[2026-08-30T14:30:49.671+0000] {subprocess.py:93} INFO - 26/08/30 14:30:49 INFO SparkEnv: Registering BlockManagerMaster
[2026-08-30T14:30:49.687+0000] {subprocess.py:93} INFO - 26/08/30 14:30:49 INFO BlockManagerMasterEndpoint: Using org.apache.spark.storage.DefaultTopologyMapper for getting topology information
[2026-08-30T14:30:49.689+0000] {subprocess.py:93} INFO - 26/08/30 14:30:49 INFO BlockManagerMasterEndpoint: BlockManagerMasterEndpoint up
[2026-08-30T14:30:49.692+0000] {subprocess.py:93} INFO - 26/08/30 14:30:49 INFO SparkEnv: Registering BlockManagerMasterHeartbeat
[2026-08-30T14:30:49.707+0000] {subprocess.py:93} INFO - 26/08/30 14:30:49 INFO DiskBlockManager: Created local directory at /tmp/blockmgr-1f0c08be-98cc-43ca-9574-c32b37d7731e
[2026-08-30T14:30:49.719+0000] {subprocess.py:93} INFO - 26/08/30 14:30:49 INFO MemoryStore: MemoryStore started with capacity 434.4 MiB
[2026-08-30T14:30:49.735+0000] {subprocess.py:93} INFO - 26/08/30 14:30:49 INFO SparkEnv: Registering OutputCommitCoordinator
[2026-08-30T14:30:49.845+0000] {subprocess.py:93} INFO - 26/08/30 14:30:49 INFO JettyUtils: Start Jetty 0.0.0.0:4040 for SparkUI
[2026-08-30T14:30:49.905+0000] {subprocess.py:93} INFO - 26/08/30 14:30:49 INFO Utils: Successfully started service 'SparkUI' on port 4040.
[2026-08-30T14:30:49.935+0000] {subprocess.py:93} INFO - 26/08/30 14:30:49 INFO SparkContext: Added JAR file:///home/airflow/.ivy2/jars/org.postgresql_postgresql-42.7.3.jar at spark://898d937843e4:34915/jars/org.postgresql_postgresql-42.7.3.jar with timestamp 1788100249296
[2026-08-30T14:30:49.936+0000] {subprocess.py:93} INFO - 26/08/30 14:30:49 INFO SparkContext: Added JAR file:///home/airflow/.ivy2/jars/org.checkerframework_checker-qual-3.42.0.jar at spark://898d937843e4:34915/jars/org.checkerframework_checker-qual-3.42.0.jar with timestamp 1788100249296
[2026-08-30T14:30:49.938+0000] {subprocess.py:93} INFO - 26/08/30 14:30:49 INFO SparkContext: Added file file:///home/airflow/.ivy2/jars/org.postgresql_postgresql-42.7.3.jar at spark://898d937843e4:34915/files/org.postgresql_postgresql-42.7.3.jar with timestamp 1788100249296
[2026-08-30T14:30:49.939+0000] {subprocess.py:93} INFO - 26/08/30 14:30:49 INFO Utils: Copying /home/airflow/.ivy2/jars/org.postgresql_postgresql-42.7.3.jar to /tmp/spark-719e586e-cda7-4941-b43c-d85dd3554cf6/userFiles-37d9d8f5-aa46-43d3-9388-3d337bcf1af2/org.postgresql_postgresql-42.7.3.jar
[2026-08-30T14:30:49.948+0000] {subprocess.py:93} INFO - 26/08/30 14:30:49 INFO SparkContext: Added file file:///home/airflow/.ivy2/jars/org.checkerframework_checker-qual-3.42.0.jar at spark://898d937843e4:34915/files/org.checkerframework_checker-qual-3.42.0.jar with timestamp 1788100249296
[2026-08-30T14:30:49.949+0000] {subprocess.py:93} INFO - 26/08/30 14:30:49 INFO Utils: Copying /home/airflow/.ivy2/jars/org.checkerframework_checker-qual-3.42.0.jar to /tmp/spark-719e586e-cda7-4941-b43c-d85dd3554cf6/userFiles-37d9d8f5-aa46-43d3-9388-3d337bcf1af2/org.checkerframework_checker-qual-3.42.0.jar
[2026-08-30T14:30:50.015+0000] {subprocess.py:93} INFO - 26/08/30 14:30:50 INFO StandaloneAppClient$ClientEndpoint: Connecting to master spark://spark-master:7077...
[2026-08-30T14:30:50.048+0000] {subprocess.py:93} INFO - 26/08/30 14:30:50 INFO TransportClientFactory: Successfully created connection to spark-master/172.18.0.3:7077 after 19 ms (0 ms spent in bootstraps)
[2026-08-30T14:30:50.185+0000] {subprocess.py:93} INFO - 26/08/30 14:30:50 INFO StandaloneSchedulerBackend: Connected to Spark cluster with app ID app-20260830143050-0000
[2026-08-30T14:30:50.192+0000] {subprocess.py:93} INFO - 26/08/30 14:30:50 INFO Utils: Successfully started service 'org.apache.spark.network.netty.NettyBlockTransferService' on port 33325.
[2026-08-30T14:30:50.194+0000] {subprocess.py:93} INFO - 26/08/30 14:30:50 INFO NettyBlockTransferService: Server created on 898d937843e4:33325
[2026-08-30T14:30:50.195+0000] {subprocess.py:93} INFO - 26/08/30 14:30:50 INFO BlockManager: Using org.apache.spark.storage.RandomBlockReplicationPolicy for block replication policy
[2026-08-30T14:30:50.203+0000] {subprocess.py:93} INFO - 26/08/30 14:30:50 INFO BlockManagerMaster: Registering BlockManager BlockManagerId(driver, 898d937843e4, 33325, None)
[2026-08-30T14:30:50.206+0000] {subprocess.py:93} INFO - 26/08/30 14:30:50 INFO BlockManagerMasterEndpoint: Registering block manager 898d937843e4:33325 with 434.4 MiB RAM, BlockManagerId(driver, 898d937843e4, 33325, None)
[2026-08-30T14:30:50.208+0000] {subprocess.py:93} INFO - 26/08/30 14:30:50 INFO BlockManagerMaster: Registered BlockManager BlockManagerId(driver, 898d937843e4, 33325, None)
[2026-08-30T14:30:50.209+0000] {subprocess.py:93} INFO - 26/08/30 14:30:50 INFO BlockManager: Initialized BlockManager: BlockManagerId(driver, 898d937843e4, 33325, None)
[2026-08-30T14:30:50.220+0000] {subprocess.py:93} INFO - 26/08/30 14:30:50 INFO StandaloneAppClient$ClientEndpoint: Executor added: app-20260830143050-0000/0 on worker-20260830142808-172.18.0.6-37019 (172.18.0.6:37019) with 2 core(s)
[2026-08-30T14:30:50.222+0000] {subprocess.py:93} INFO - 26/08/30 14:30:50 INFO StandaloneSchedulerBackend: Granted executor ID app-20260830143050-0000/0 on hostPort 172.18.0.6:37019 with 2 core(s), 1024.0 MiB RAM
[2026-08-30T14:30:50.379+0000] {subprocess.py:93} INFO - 26/08/30 14:30:50 INFO StandaloneAppClient$ClientEndpoint: Executor updated: app-20260830143050-0000/0 is now RUNNING
[2026-08-30T14:30:50.422+0000] {subprocess.py:93} INFO - 26/08/30 14:30:50 INFO StandaloneSchedulerBackend: SchedulerBackend is ready for scheduling beginning after reached minRegisteredResourcesRatio: 0.0
[2026-08-30T14:30:50.626+0000] {subprocess.py:93} INFO - 26/08/30 14:30:50 INFO SharedState: Setting hive.metastore.warehouse.dir ('null') to the value of spark.sql.warehouse.dir.
[2026-08-30T14:30:50.629+0000] {subprocess.py:93} INFO - 26/08/30 14:30:50 INFO SharedState: Warehouse path is 'file:/tmp/airflowtmp_inqb8iw/spark-warehouse'.
[2026-08-30T14:30:51.751+0000] {subprocess.py:93} INFO - Traceback (most recent call last):
[2026-08-30T14:30:51.752+0000] {subprocess.py:93} INFO -   File "/opt/spark-3.5.1-bin-hadoop3/jobs/transform.py", line 8, in <module>
[2026-08-30T14:30:51.756+0000] {subprocess.py:93} INFO -     df = spark.read.parquet("/opt/spark/data/raw/yellow_tripdata_2024-01.parquet")
[2026-08-30T14:30:51.758+0000] {subprocess.py:93} INFO -          ^^^^^^^^^^^^^^^^^^^^^^^^^^^^^^^^^^^^^^^^^^^^^^^^^^^^^^^^^^^^^^^^^^^^^^^^^
[2026-08-30T14:30:51.759+0000] {subprocess.py:93} INFO -   File "/opt/spark/python/lib/pyspark.zip/pyspark/sql/readwriter.py", line 544, in parquet
[2026-08-30T14:30:51.760+0000] {subprocess.py:93} INFO -   File "/opt/spark/python/lib/py4j-0.10.9.7-src.zip/py4j/java_gateway.py", line 1322, in __call__
[2026-08-30T14:30:51.762+0000] {subprocess.py:93} INFO -   File "/opt/spark/python/lib/pyspark.zip/pyspark/errors/exceptions/captured.py", line 185, in deco
[2026-08-30T14:30:51.772+0000] {subprocess.py:93} INFO - pyspark.errors.exceptions.captured.AnalysisException: [PATH_NOT_FOUND] Path does not exist: file:/opt/spark/data/raw/yellow_tripdata_2024-01.parquet.
[2026-08-30T14:30:51.852+0000] {subprocess.py:93} INFO - 26/08/30 14:30:51 INFO SparkContext: Invoking stop() from shutdown hook
[2026-08-30T14:30:51.853+0000] {subprocess.py:93} INFO - 26/08/30 14:30:51 INFO SparkContext: SparkContext is stopping with exitCode 0.
[2026-08-30T14:30:51.873+0000] {subprocess.py:93} INFO - 26/08/30 14:30:51 INFO SparkUI: Stopped Spark web UI at http://898d937843e4:4040
[2026-08-30T14:30:51.879+0000] {subprocess.py:93} INFO - 26/08/30 14:30:51 INFO StandaloneSchedulerBackend: Shutting down all executors
[2026-08-30T14:30:51.885+0000] {subprocess.py:93} INFO - 26/08/30 14:30:51 INFO StandaloneSchedulerBackend$StandaloneDriverEndpoint: Asking each executor to shut down
[2026-08-30T14:30:51.905+0000] {subprocess.py:93} INFO - 26/08/30 14:30:51 INFO MapOutputTrackerMasterEndpoint: MapOutputTrackerMasterEndpoint stopped!
[2026-08-30T14:30:51.928+0000] {subprocess.py:93} INFO - 26/08/30 14:30:51 INFO MemoryStore: MemoryStore cleared
[2026-08-30T14:30:51.929+0000] {subprocess.py:93} INFO - 26/08/30 14:30:51 INFO BlockManager: BlockManager stopped
[2026-08-30T14:30:51.937+0000] {subprocess.py:93} INFO - 26/08/30 14:30:51 INFO BlockManagerMaster: BlockManagerMaster stopped
[2026-08-30T14:30:51.940+0000] {subprocess.py:93} INFO - 26/08/30 14:30:51 INFO OutputCommitCoordinator$OutputCommitCoordinatorEndpoint: OutputCommitCoordinator stopped!
[2026-08-30T14:30:51.954+0000] {subprocess.py:93} INFO - 26/08/30 14:30:51 INFO SparkContext: Successfully stopped SparkContext
[2026-08-30T14:30:51.955+0000] {subprocess.py:93} INFO - 26/08/30 14:30:51 INFO ShutdownHookManager: Shutdown hook called
[2026-08-30T14:30:51.958+0000] {subprocess.py:93} INFO - 26/08/30 14:30:51 INFO ShutdownHookManager: Deleting directory /tmp/spark-719e586e-cda7-4941-b43c-d85dd3554cf6/pyspark-b751217c-ace4-494b-890e-2706b2910553
[2026-08-30T14:30:51.961+0000] {subprocess.py:93} INFO - 26/08/30 14:30:51 INFO ShutdownHookManager: Deleting directory /tmp/spark-719e586e-cda7-4941-b43c-d85dd3554cf6
[2026-08-30T14:30:51.966+0000] {subprocess.py:93} INFO - 26/08/30 14:30:51 INFO ShutdownHookManager: Deleting directory /tmp/spark-096cc984-57dd-4303-8995-c7863d199d57
[2026-08-30T14:30:52.000+0000] {subprocess.py:97} INFO - Command exited with return code 1
[2026-08-30T14:30:52.014+0000] {taskinstance.py:2698} ERROR - Task failed with exception
Traceback (most recent call last):
  File "/home/airflow/.local/lib/python3.11/site-packages/airflow/models/taskinstance.py", line 433, in _execute_task
    result = execute_callable(context=context, **execute_callable_kwargs)
             ^^^^^^^^^^^^^^^^^^^^^^^^^^^^^^^^^^^^^^^^^^^^^^^^^^^^^^^^^^^^
  File "/home/airflow/.local/lib/python3.11/site-packages/airflow/operators/bash.py", line 212, in execute
    raise AirflowException(
airflow.exceptions.AirflowException: Bash command failed. The command returned a non-zero exit code 1.
[2026-08-30T14:30:52.018+0000] {taskinstance.py:1138} INFO - Marking task as UP_FOR_RETRY. dag_id=nyc_taxi_pipeline, task_id=submit_spark_transformation, execution_date=20260830T143043, start_date=20260830T143045, end_date=20260830T143052
[2026-08-30T14:30:52.032+0000] {standard_task_runner.py:107} ERROR - Failed to execute job 8 for task submit_spark_transformation (Bash command failed. The command returned a non-zero exit code 1.; 203)
[2026-08-30T14:30:52.046+0000] {local_task_job_runner.py:234} INFO - Task exited with return code 1
[2026-08-30T14:30:52.066+0000] {taskinstance.py:3280} INFO - 0 downstream tasks scheduled from follow-on schedule check
