[2026-08-30T14:31:52.774+0000] {taskinstance.py:1956} INFO - Dependencies all met for dep_context=non-requeueable deps ti=<TaskInstance: nyc_taxi_pipeline.submit_spark_transformation manual__2026-08-30T14:30:43.501185+00:00 [queued]>
[2026-08-30T14:31:52.781+0000] {taskinstance.py:1956} INFO - Dependencies all met for dep_context=requeueable deps ti=<TaskInstance: nyc_taxi_pipeline.submit_spark_transformation manual__2026-08-30T14:30:43.501185+00:00 [queued]>
[2026-08-30T14:31:52.782+0000] {taskinstance.py:2170} INFO - Starting attempt 2 of 2
[2026-08-30T14:31:52.796+0000] {taskinstance.py:2191} INFO - Executing <Task(BashOperator): submit_spark_transformation> on 2026-08-30 14:30:43.501185+00:00
[2026-08-30T14:31:52.800+0000] {standard_task_runner.py:60} INFO - Started process 650 to run task
[2026-08-30T14:31:52.804+0000] {standard_task_runner.py:87} INFO - Running: ['airflow', 'tasks', 'run', 'nyc_taxi_pipeline', 'submit_spark_transformation', 'manual__2026-08-30T14:30:43.501185+00:00', '--job-id', '10', '--raw', '--subdir', 'DAGS_FOLDER/nyc_taxi_pipeline.py', '--cfg-path', '/tmp/tmp4g78hk_4']
[2026-08-30T14:31:52.806+0000] {standard_task_runner.py:88} INFO - Job 10: Subtask submit_spark_transformation
[2026-08-30T14:31:52.853+0000] {task_command.py:423} INFO - Running <TaskInstance: nyc_taxi_pipeline.submit_spark_transformation manual__2026-08-30T14:30:43.501185+00:00 [running]> on host 898d937843e4
[2026-08-30T14:31:52.919+0000] {taskinstance.py:2480} INFO - Exporting env vars: AIRFLOW_CTX_DAG_OWNER='admin' AIRFLOW_CTX_DAG_ID='nyc_taxi_pipeline' AIRFLOW_CTX_TASK_ID='submit_spark_transformation' AIRFLOW_CTX_EXECUTION_DATE='2026-08-30T14:30:43.501185+00:00' AIRFLOW_CTX_TRY_NUMBER='2' AIRFLOW_CTX_DAG_RUN_ID='manual__2026-08-30T14:30:43.501185+00:00'
[2026-08-30T14:31:52.920+0000] {subprocess.py:63} INFO - Tmp dir root location: /tmp
[2026-08-30T14:31:52.921+0000] {subprocess.py:75} INFO - Running command: ['/usr/bin/bash', '-c', 'spark-submit --master spark://spark-master:7077 --packages org.postgresql:postgresql:42.7.3 /opt/spark/jobs/transform.py']
[2026-08-30T14:31:52.929+0000] {subprocess.py:86} INFO - Output:
[2026-08-30T14:31:52.935+0000] {subprocess.py:93} INFO - /opt/spark/bin/load-spark-env.sh: line 68: ps: command not found
[2026-08-30T14:31:54.352+0000] {subprocess.py:93} INFO - :: loading settings :: url = jar:file:/opt/spark-3.5.1-bin-hadoop3/jars/ivy-2.5.1.jar!/org/apache/ivy/core/settings/ivysettings.xml
[2026-08-30T14:31:54.419+0000] {subprocess.py:93} INFO - Ivy Default Cache set to: /home/airflow/.ivy2/cache
[2026-08-30T14:31:54.421+0000] {subprocess.py:93} INFO - The jars for the packages stored in: /home/airflow/.ivy2/jars
[2026-08-30T14:31:54.426+0000] {subprocess.py:93} INFO - org.postgresql#postgresql added as a dependency
[2026-08-30T14:31:54.427+0000] {subprocess.py:93} INFO - :: resolving dependencies :: org.apache.spark#spark-submit-parent-b3860077-b577-46c5-83ae-6203f82f524a;1.0
[2026-08-30T14:31:54.428+0000] {subprocess.py:93} INFO - 	confs: [default]
[2026-08-30T14:31:54.534+0000] {subprocess.py:93} INFO - 	found org.postgresql#postgresql;42.7.3 in central
[2026-08-30T14:31:54.568+0000] {subprocess.py:93} INFO - 	found org.checkerframework#checker-qual;3.42.0 in central
[2026-08-30T14:31:54.587+0000] {subprocess.py:93} INFO - :: resolution report :: resolve 153ms :: artifacts dl 6ms
[2026-08-30T14:31:54.588+0000] {subprocess.py:93} INFO - 	:: modules in use:
[2026-08-30T14:31:54.589+0000] {subprocess.py:93} INFO - 	org.checkerframework#checker-qual;3.42.0 from central in [default]
[2026-08-30T14:31:54.590+0000] {subprocess.py:93} INFO - 	org.postgresql#postgresql;42.7.3 from central in [default]
[2026-08-30T14:31:54.591+0000] {subprocess.py:93} INFO - 	---------------------------------------------------------------------
[2026-08-30T14:31:54.592+0000] {subprocess.py:93} INFO - 	|                  |            modules            ||   artifacts   |
[2026-08-30T14:31:54.593+0000] {subprocess.py:93} INFO - 	|       conf       | number| search|dwnlded|evicted|| number|dwnlded|
[2026-08-30T14:31:54.594+0000] {subprocess.py:93} INFO - 	---------------------------------------------------------------------
[2026-08-30T14:31:54.595+0000] {subprocess.py:93} INFO - 	|      default     |   2   |   0   |   0   |   0   ||   2   |   0   |
[2026-08-30T14:31:54.597+0000] {subprocess.py:93} INFO - 	---------------------------------------------------------------------
[2026-08-30T14:31:54.597+0000] {subprocess.py:93} INFO - :: retrieving :: org.apache.spark#spark-submit-parent-b3860077-b577-46c5-83ae-6203f82f524a
[2026-08-30T14:31:54.598+0000] {subprocess.py:93} INFO - 	confs: [default]
[2026-08-30T14:31:54.599+0000] {subprocess.py:93} INFO - 	0 artifacts copied, 2 already retrieved (0kB/6ms)
[2026-08-30T14:31:54.803+0000] {subprocess.py:93} INFO - 26/08/30 14:31:54 WARN NativeCodeLoader: Unable to load native-hadoop library for your platform... using builtin-java classes where applicable
[2026-08-30T14:31:55.700+0000] {subprocess.py:93} INFO - 26/08/30 14:31:55 INFO SparkContext: Running Spark version 3.5.1
[2026-08-30T14:31:55.701+0000] {subprocess.py:93} INFO - 26/08/30 14:31:55 INFO SparkContext: OS info Linux, 6.18.33.2-microsoft-standard-WSL2, amd64
[2026-08-30T14:31:55.702+0000] {subprocess.py:93} INFO - 26/08/30 14:31:55 INFO SparkContext: Java version 17.0.20.1
[2026-08-30T14:31:55.726+0000] {subprocess.py:93} INFO - 26/08/30 14:31:55 INFO ResourceUtils: ==============================================================
[2026-08-30T14:31:55.727+0000] {subprocess.py:93} INFO - 26/08/30 14:31:55 INFO ResourceUtils: No custom resources configured for spark.driver.
[2026-08-30T14:31:55.728+0000] {subprocess.py:93} INFO - 26/08/30 14:31:55 INFO ResourceUtils: ==============================================================
[2026-08-30T14:31:55.729+0000] {subprocess.py:93} INFO - 26/08/30 14:31:55 INFO SparkContext: Submitted application: NYCTaxiDataCleaning
[2026-08-30T14:31:55.757+0000] {subprocess.py:93} INFO - 26/08/30 14:31:55 INFO ResourceProfile: Default ResourceProfile created, executor resources: Map(memory -> name: memory, amount: 1024, script: , vendor: , offHeap -> name: offHeap, amount: 0, script: , vendor: ), task resources: Map(cpus -> name: cpus, amount: 1.0)
[2026-08-30T14:31:55.764+0000] {subprocess.py:93} INFO - 26/08/30 14:31:55 INFO ResourceProfile: Limiting resource is cpu
[2026-08-30T14:31:55.766+0000] {subprocess.py:93} INFO - 26/08/30 14:31:55 INFO ResourceProfileManager: Added ResourceProfile id: 0
[2026-08-30T14:31:55.829+0000] {subprocess.py:93} INFO - 26/08/30 14:31:55 INFO SecurityManager: Changing view acls to: airflow
[2026-08-30T14:31:55.831+0000] {subprocess.py:93} INFO - 26/08/30 14:31:55 INFO SecurityManager: Changing modify acls to: airflow
[2026-08-30T14:31:55.832+0000] {subprocess.py:93} INFO - 26/08/30 14:31:55 INFO SecurityManager: Changing view acls groups to:
[2026-08-30T14:31:55.833+0000] {subprocess.py:93} INFO - 26/08/30 14:31:55 INFO SecurityManager: Changing modify acls groups to:
[2026-08-30T14:31:55.834+0000] {subprocess.py:93} INFO - 26/08/30 14:31:55 INFO SecurityManager: SecurityManager: authentication disabled; ui acls disabled; users with view permissions: airflow; groups with view permissions: EMPTY; users with modify permissions: airflow; groups with modify permissions: EMPTY
[2026-08-30T14:31:56.060+0000] {subprocess.py:93} INFO - 26/08/30 14:31:56 INFO Utils: Successfully started service 'sparkDriver' on port 36145.
[2026-08-30T14:31:56.093+0000] {subprocess.py:93} INFO - 26/08/30 14:31:56 INFO SparkEnv: Registering MapOutputTracker
[2026-08-30T14:31:56.125+0000] {subprocess.py:93} INFO - 26/08/30 14:31:56 INFO SparkEnv: Registering BlockManagerMaster
[2026-08-30T14:31:56.145+0000] {subprocess.py:93} INFO - 26/08/30 14:31:56 INFO BlockManagerMasterEndpoint: Using org.apache.spark.storage.DefaultTopologyMapper for getting topology information
[2026-08-30T14:31:56.146+0000] {subprocess.py:93} INFO - 26/08/30 14:31:56 INFO BlockManagerMasterEndpoint: BlockManagerMasterEndpoint up
[2026-08-30T14:31:56.149+0000] {subprocess.py:93} INFO - 26/08/30 14:31:56 INFO SparkEnv: Registering BlockManagerMasterHeartbeat
[2026-08-30T14:31:56.167+0000] {subprocess.py:93} INFO - 26/08/30 14:31:56 INFO DiskBlockManager: Created local directory at /tmp/blockmgr-5953b301-0c6e-424e-a231-0f6a1682c111
[2026-08-30T14:31:56.179+0000] {subprocess.py:93} INFO - 26/08/30 14:31:56 INFO MemoryStore: MemoryStore started with capacity 434.4 MiB
[2026-08-30T14:31:56.193+0000] {subprocess.py:93} INFO - 26/08/30 14:31:56 INFO SparkEnv: Registering OutputCommitCoordinator
[2026-08-30T14:31:56.301+0000] {subprocess.py:93} INFO - 26/08/30 14:31:56 INFO JettyUtils: Start Jetty 0.0.0.0:4040 for SparkUI
[2026-08-30T14:31:56.353+0000] {subprocess.py:93} INFO - 26/08/30 14:31:56 INFO Utils: Successfully started service 'SparkUI' on port 4040.
[2026-08-30T14:31:56.390+0000] {subprocess.py:93} INFO - 26/08/30 14:31:56 INFO SparkContext: Added JAR file:///home/airflow/.ivy2/jars/org.postgresql_postgresql-42.7.3.jar at spark://898d937843e4:36145/jars/org.postgresql_postgresql-42.7.3.jar with timestamp 1788100315694
[2026-08-30T14:31:56.392+0000] {subprocess.py:93} INFO - 26/08/30 14:31:56 INFO SparkContext: Added JAR file:///home/airflow/.ivy2/jars/org.checkerframework_checker-qual-3.42.0.jar at spark://898d937843e4:36145/jars/org.checkerframework_checker-qual-3.42.0.jar with timestamp 1788100315694
[2026-08-30T14:31:56.393+0000] {subprocess.py:93} INFO - 26/08/30 14:31:56 INFO SparkContext: Added file file:///home/airflow/.ivy2/jars/org.postgresql_postgresql-42.7.3.jar at spark://898d937843e4:36145/files/org.postgresql_postgresql-42.7.3.jar with timestamp 1788100315694
[2026-08-30T14:31:56.395+0000] {subprocess.py:93} INFO - 26/08/30 14:31:56 INFO Utils: Copying /home/airflow/.ivy2/jars/org.postgresql_postgresql-42.7.3.jar to /tmp/spark-1eb6af4a-3019-4acc-ab5b-847bb6950015/userFiles-7e01faa4-e5d6-4600-abb1-79375362a121/org.postgresql_postgresql-42.7.3.jar
[2026-08-30T14:31:56.405+0000] {subprocess.py:93} INFO - 26/08/30 14:31:56 INFO SparkContext: Added file file:///home/airflow/.ivy2/jars/org.checkerframework_checker-qual-3.42.0.jar at spark://898d937843e4:36145/files/org.checkerframework_checker-qual-3.42.0.jar with timestamp 1788100315694
[2026-08-30T14:31:56.406+0000] {subprocess.py:93} INFO - 26/08/30 14:31:56 INFO Utils: Copying /home/airflow/.ivy2/jars/org.checkerframework_checker-qual-3.42.0.jar to /tmp/spark-1eb6af4a-3019-4acc-ab5b-847bb6950015/userFiles-7e01faa4-e5d6-4600-abb1-79375362a121/org.checkerframework_checker-qual-3.42.0.jar
[2026-08-30T14:31:56.469+0000] {subprocess.py:93} INFO - 26/08/30 14:31:56 INFO StandaloneAppClient$ClientEndpoint: Connecting to master spark://spark-master:7077...
[2026-08-30T14:31:56.507+0000] {subprocess.py:93} INFO - 26/08/30 14:31:56 INFO TransportClientFactory: Successfully created connection to spark-master/172.18.0.3:7077 after 22 ms (0 ms spent in bootstraps)
[2026-08-30T14:31:56.578+0000] {subprocess.py:93} INFO - 26/08/30 14:31:56 INFO StandaloneSchedulerBackend: Connected to Spark cluster with app ID app-20260830143156-0002
[2026-08-30T14:31:56.580+0000] {subprocess.py:93} INFO - 26/08/30 14:31:56 INFO StandaloneAppClient$ClientEndpoint: Executor added: app-20260830143156-0002/0 on worker-20260830142808-172.18.0.6-37019 (172.18.0.6:37019) with 2 core(s)
[2026-08-30T14:31:56.581+0000] {subprocess.py:93} INFO - 26/08/30 14:31:56 INFO StandaloneSchedulerBackend: Granted executor ID app-20260830143156-0002/0 on hostPort 172.18.0.6:37019 with 2 core(s), 1024.0 MiB RAM
[2026-08-30T14:31:56.588+0000] {subprocess.py:93} INFO - 26/08/30 14:31:56 INFO Utils: Successfully started service 'org.apache.spark.network.netty.NettyBlockTransferService' on port 45599.
[2026-08-30T14:31:56.590+0000] {subprocess.py:93} INFO - 26/08/30 14:31:56 INFO NettyBlockTransferService: Server created on 898d937843e4:45599
[2026-08-30T14:31:56.591+0000] {subprocess.py:93} INFO - 26/08/30 14:31:56 INFO BlockManager: Using org.apache.spark.storage.RandomBlockReplicationPolicy for block replication policy
[2026-08-30T14:31:56.597+0000] {subprocess.py:93} INFO - 26/08/30 14:31:56 INFO BlockManagerMaster: Registering BlockManager BlockManagerId(driver, 898d937843e4, 45599, None)
[2026-08-30T14:31:56.604+0000] {subprocess.py:93} INFO - 26/08/30 14:31:56 INFO BlockManagerMasterEndpoint: Registering block manager 898d937843e4:45599 with 434.4 MiB RAM, BlockManagerId(driver, 898d937843e4, 45599, None)
[2026-08-30T14:31:56.607+0000] {subprocess.py:93} INFO - 26/08/30 14:31:56 INFO BlockManagerMaster: Registered BlockManager BlockManagerId(driver, 898d937843e4, 45599, None)
[2026-08-30T14:31:56.609+0000] {subprocess.py:93} INFO - 26/08/30 14:31:56 INFO BlockManager: Initialized BlockManager: BlockManagerId(driver, 898d937843e4, 45599, None)
[2026-08-30T14:31:56.617+0000] {subprocess.py:93} INFO - 26/08/30 14:31:56 INFO StandaloneAppClient$ClientEndpoint: Executor updated: app-20260830143156-0002/0 is now RUNNING
[2026-08-30T14:31:56.849+0000] {subprocess.py:93} INFO - 26/08/30 14:31:56 INFO StandaloneSchedulerBackend: SchedulerBackend is ready for scheduling beginning after reached minRegisteredResourcesRatio: 0.0
[2026-08-30T14:31:57.026+0000] {subprocess.py:93} INFO - 26/08/30 14:31:57 INFO SharedState: Setting hive.metastore.warehouse.dir ('null') to the value of spark.sql.warehouse.dir.
[2026-08-30T14:31:57.028+0000] {subprocess.py:93} INFO - 26/08/30 14:31:57 INFO SharedState: Warehouse path is 'file:/tmp/airflowtmp7f45nsij/spark-warehouse'.
[2026-08-30T14:31:58.100+0000] {subprocess.py:93} INFO - Traceback (most recent call last):
[2026-08-30T14:31:58.102+0000] {subprocess.py:93} INFO -   File "/opt/spark-3.5.1-bin-hadoop3/jobs/transform.py", line 8, in <module>
[2026-08-30T14:31:58.106+0000] {subprocess.py:93} INFO -     df = spark.read.parquet("/opt/spark/data/raw/yellow_tripdata_2024-01.parquet")
[2026-08-30T14:31:58.107+0000] {subprocess.py:93} INFO -          ^^^^^^^^^^^^^^^^^^^^^^^^^^^^^^^^^^^^^^^^^^^^^^^^^^^^^^^^^^^^^^^^^^^^^^^^^
[2026-08-30T14:31:58.108+0000] {subprocess.py:93} INFO -   File "/opt/spark/python/lib/pyspark.zip/pyspark/sql/readwriter.py", line 544, in parquet
[2026-08-30T14:31:58.109+0000] {subprocess.py:93} INFO -   File "/opt/spark/python/lib/py4j-0.10.9.7-src.zip/py4j/java_gateway.py", line 1322, in __call__
[2026-08-30T14:31:58.110+0000] {subprocess.py:93} INFO -   File "/opt/spark/python/lib/pyspark.zip/pyspark/errors/exceptions/captured.py", line 185, in deco
[2026-08-30T14:31:58.115+0000] {subprocess.py:93} INFO - pyspark.errors.exceptions.captured.AnalysisException: [PATH_NOT_FOUND] Path does not exist: file:/opt/spark/data/raw/yellow_tripdata_2024-01.parquet.
[2026-08-30T14:31:58.158+0000] {subprocess.py:93} INFO - 26/08/30 14:31:58 INFO SparkContext: Invoking stop() from shutdown hook
[2026-08-30T14:31:58.159+0000] {subprocess.py:93} INFO - 26/08/30 14:31:58 INFO SparkContext: SparkContext is stopping with exitCode 0.
[2026-08-30T14:31:58.175+0000] {subprocess.py:93} INFO - 26/08/30 14:31:58 INFO SparkUI: Stopped Spark web UI at http://898d937843e4:4040
[2026-08-30T14:31:58.178+0000] {subprocess.py:93} INFO - 26/08/30 14:31:58 INFO StandaloneSchedulerBackend: Shutting down all executors
[2026-08-30T14:31:58.182+0000] {subprocess.py:93} INFO - 26/08/30 14:31:58 INFO StandaloneSchedulerBackend$StandaloneDriverEndpoint: Asking each executor to shut down
[2026-08-30T14:31:58.195+0000] {subprocess.py:93} INFO - 26/08/30 14:31:58 INFO MapOutputTrackerMasterEndpoint: MapOutputTrackerMasterEndpoint stopped!
[2026-08-30T14:31:58.207+0000] {subprocess.py:93} INFO - 26/08/30 14:31:58 INFO MemoryStore: MemoryStore cleared
[2026-08-30T14:31:58.209+0000] {subprocess.py:93} INFO - 26/08/30 14:31:58 INFO BlockManager: BlockManager stopped
[2026-08-30T14:31:58.214+0000] {subprocess.py:93} INFO - 26/08/30 14:31:58 INFO BlockManagerMaster: BlockManagerMaster stopped
[2026-08-30T14:31:58.217+0000] {subprocess.py:93} INFO - 26/08/30 14:31:58 INFO OutputCommitCoordinator$OutputCommitCoordinatorEndpoint: OutputCommitCoordinator stopped!
[2026-08-30T14:31:58.230+0000] {subprocess.py:93} INFO - 26/08/30 14:31:58 INFO SparkContext: Successfully stopped SparkContext
[2026-08-30T14:31:58.231+0000] {subprocess.py:93} INFO - 26/08/30 14:31:58 INFO ShutdownHookManager: Shutdown hook called
[2026-08-30T14:31:58.232+0000] {subprocess.py:93} INFO - 26/08/30 14:31:58 INFO ShutdownHookManager: Deleting directory /tmp/spark-1eb6af4a-3019-4acc-ab5b-847bb6950015/pyspark-cb76f0c3-cb3c-468e-9d9a-c5259fd550ab
[2026-08-30T14:31:58.235+0000] {subprocess.py:93} INFO - 26/08/30 14:31:58 INFO ShutdownHookManager: Deleting directory /tmp/spark-58db49fa-6360-4ede-ae38-1063f5edeb28
[2026-08-30T14:31:58.238+0000] {subprocess.py:93} INFO - 26/08/30 14:31:58 INFO ShutdownHookManager: Deleting directory /tmp/spark-1eb6af4a-3019-4acc-ab5b-847bb6950015
[2026-08-30T14:31:58.274+0000] {subprocess.py:97} INFO - Command exited with return code 1
[2026-08-30T14:31:58.285+0000] {taskinstance.py:2698} ERROR - Task failed with exception
Traceback (most recent call last):
  File "/home/airflow/.local/lib/python3.11/site-packages/airflow/models/taskinstance.py", line 433, in _execute_task
    result = execute_callable(context=context, **execute_callable_kwargs)
             ^^^^^^^^^^^^^^^^^^^^^^^^^^^^^^^^^^^^^^^^^^^^^^^^^^^^^^^^^^^^
  File "/home/airflow/.local/lib/python3.11/site-packages/airflow/operators/bash.py", line 212, in execute
    raise AirflowException(
airflow.exceptions.AirflowException: Bash command failed. The command returned a non-zero exit code 1.
[2026-08-30T14:31:58.288+0000] {taskinstance.py:1138} INFO - Marking task as FAILED. dag_id=nyc_taxi_pipeline, task_id=submit_spark_transformation, execution_date=20260830T143043, start_date=20260830T143152, end_date=20260830T143158
[2026-08-30T14:31:58.301+0000] {standard_task_runner.py:107} ERROR - Failed to execute job 10 for task submit_spark_transformation (Bash command failed. The command returned a non-zero exit code 1.; 650)
[2026-08-30T14:31:58.323+0000] {local_task_job_runner.py:234} INFO - Task exited with return code 1
[2026-08-30T14:31:58.337+0000] {taskinstance.py:3280} INFO - 0 downstream tasks scheduled from follow-on schedule check
